<html>
<body>
<pre>
<h1>礦ision Build Log</h1>
<h2>Tool Versions:</h2>
IDE-Version: μVision V5.25.2.0
Copyright (C) 2018 ARM Ltd and ARM Germany GmbH. All rights reserved.
License Information: Jack Chen, sz, LIC=3UUUH-WX9GG-MSZYP-M3ZGJ-1FV8H-UFI82
 
Tool Versions:
Toolchain:       MDK-ARM Professional  Version: 5.25.2.0
Toolchain Path:  D:\Keil_v5\ARM\ARMCC\Bin
C Compiler:      Armcc.exe V5.06 update 6 (build 750)
Assembler:       Armasm.exe V5.06 update 6 (build 750)
Linker/Locator:  ArmLink.exe V5.06 update 6 (build 750)
Library Manager: ArmAr.exe V5.06 update 6 (build 750)
Hex Converter:   FromElf.exe V5.06 update 6 (build 750)
CPU DLL:         SARMCM3.DLL V5.25.2.0
Dialog DLL:      DARMSTM.DLL V1.68.0.0
Target DLL:      STLink\ST-LINKIII-KEIL_SWO.dll V3.0.1.0
Dialog DLL:      TARMSTM.DLL V1.66.0.0
 
<h2>Project:</h2>
C:\Users\ChenJack\Desktop\STM32_Device\Main Control.uvprojx
Project File Date:  08/01/2018

<h2>Output:</h2>
*** Using Compiler 'V5.06 update 6 (build 750)', folder: 'D:\Keil_v5\ARM\ARMCC\Bin'
Rebuild target 'Target 1'
assembling startup_stm32f10x_hd.s...
compiling hw_config.c...
compiling stm32f10x_it.c...
compiling main.c...
compiling core_cm3.c...
compiling fft_test.c...
User\src\fft_test.c(222): warning:  #223-D: function "SD_ReadBlock" declared implicitly
  	if(SD_ReadBlock(buf,sector*512,512)==0)	//读取0扇区的内容
User\src\fft_test.c(420): warning:  #550-D: variable "fn"  was set but never used
      char *fn;   /* This function is assuming non-Unicode cfg. */
User\src\fft_test.c(458): warning:  #550-D: variable "fn"  was set but never used
  	char *fn;			 
User\src\fft_test.c: 3 warnings, 0 errors
compiling system_stm32f10x.c...
compiling ftcomm.c...
compiling wificomm.c...
User\src\wificomm.c(29): warning:  #177-D: variable "response"  was declared but never referenced
  	u8 *pSrc,*response;
User\src\wificomm.c(273): warning:  #550-D: variable "res"  was set but never used
  	u8 res;
User\src\wificomm.c: 2 warnings, 0 errors
compiling key.c...
compiling stm32f10x_flash.c...
compiling misc.c...
compiling stm32f10x_gpio.c...
compiling stm32f10x_rcc.c...
compiling stm32f10x_tim.c...
compiling stm32f10x_spi.c...
compiling stm32f10x_adc.c...
compiling stm32f10x_usart.c...
compiling stm32f10x_dma.c...
compiling malloc.c...
compiling ffunicode.c...
compiling LCD.c...
User\LCD\LCD.c(409): warning:  #61-D: integer operation result is out of range
  	Rom_CS = 0;
User\LCD\LCD.c(425): warning:  #61-D: integer operation result is out of range
  	Rom_CS=1;
User\LCD\LCD.c(440): warning:  #61-D: integer operation result is out of range
  	Rom_CS = 0;
User\LCD\LCD.c(456): warning:  #61-D: integer operation result is out of range
  	Rom_CS=1;
User\LCD\LCD.c(471): warning:  #61-D: integer operation result is out of range
  	Rom_CS = 0;
User\LCD\LCD.c(483): warning:  #61-D: integer operation result is out of range
  	Rom_CS=1;
User\LCD\LCD.c(500): warning:  #61-D: integer operation result is out of range
  	LCD_RESET=0;
User\LCD\LCD.c(502): warning:  #61-D: integer operation result is out of range
  	LCD_RESET=1;
User\LCD\LCD.c(626): warning:  #61-D: integer operation result is out of range
  	LCD_CS=0;			//片选拉低
User\LCD\LCD.c(627): warning:  #61-D: integer operation result is out of range
  	LCD_RS=Cmd_Dat;		//0:CMD  1:Data
User\LCD\LCD.c(629): warning:  #61-D: integer operation result is out of range
  	LCD_CS=1;			//片选拉高
User\LCD\LCD.c(647): warning:  #61-D: integer operation result is out of range
  		LCD_CLK=0;
User\LCD\LCD.c(649): warning:  #61-D: integer operation result is out of range
  		if(byte&0x80)	LCD_SDA=1;
User\LCD\LCD.c(650): warning:  #61-D: integer operation result is out of range
  		else		LCD_SDA=0;
User\LCD\LCD.c(651): warning:  #61-D: integer operation result is out of range
  		LCD_CLK=1;
User\LCD\LCD.c(672): warning:  #61-D: integer operation result is out of range
  		Rom_SCK=0;
User\LCD\LCD.c(673): warning:  #61-D: integer operation result is out of range
  		if(byte&0x80)	Rom_IN=1;
User\LCD\LCD.c(674): warning:  #61-D: integer operation result is out of range
  		else	Rom_IN=0;
User\LCD\LCD.c(676): warning:  #61-D: integer operation result is out of range
  		Rom_SCK=1;
User\LCD\LCD.c(678): warning:  #61-D: integer operation result is out of range
  		if(Rom_OUT)	ReceiveData|=0x01;
User\LCD\LCD.c(679): warning:  #61-D: integer operation result is out of range
  		Rom_SCK=0;
User\LCD\LCD.c: 21 warnings, 0 errors
compiling ff.c...
compiling diskio.c...
compiling wifi.c...
compiling prt_usart1.c...
compiling spi_sd.c...
User\SD\spi_sd.c(830): warning:  #550-D: variable "SD_Type"  was set but never used
    u8 buf[4],i,SD_Type;
User\SD\spi_sd.c: 1 warning, 0 errors
linking...
Program Size: Code=20742 RO-data=1830 RW-data=112 ZI-data=21928  
FromELF: creating hex file...
".\Output\MainControl.axf" - 0 Error(s), 27 Warning(s).

<h2>Software Packages used:</h2>

Package Vendor: ARM
                http://www.keil.com/pack/ARM.CMSIS.5.3.0.pack
                ARM.CMSIS.5.3.0
                CMSIS (Cortex Microcontroller Software Interface Standard)
   * Component: CORE Version: 5.1.1

Package Vendor: Keil
                http://www.keil.com/pack/Keil.STM32F1xx_DFP.2.2.0.pack
                Keil.STM32F1xx_DFP.2.2.0
                STMicroelectronics STM32F1 Series Device Support, Drivers and Examples

<h2>Collection of Component include folders:</h2>
  .\RTE\_Target_1
  D:\Keil_v5\ARM\PACK\ARM\CMSIS\5.3.0\CMSIS\Include
  D:\Keil_v5\ARM\PACK\Keil\STM32F1xx_DFP\2.2.0\Device\Include

<h2>Collection of Component Files used:</h2>

   * Component: ARM::CMSIS:CORE:5.1.1
Build Time Elapsed:  00:00:03
</pre>
</body>
</html>
