<html>
<body>
<pre>
<h1>礦ision Build Log</h1>
<h2>Project:</h2>
D:\02机台\组网\源码\调试20180725\Main Control_APP _20180723\STM32_Device\Main Control.uvproj
Project File Date:  07/23/2018

<h2>Output:</h2>
Build target 'Target 1'
assembling startup_stm32f10x_hd.s...
linking...
Program Size: Code=17726 RO-data=1582 RW-data=108 ZI-data=60140  
FromELF: creating hex file...
User command #1: C:\Keil\ARM\BIN40\fromelf.exe --bin -o ./output/MainControl.bin ./output/MainControl.axf
".\Output\MainControl.axf" - 0 Error(s), 0 Warning(s).
Build target 'Target 1'
linking...
Program Size: Code=17726 RO-data=1582 RW-data=108 ZI-data=60140  
FromELF: creating hex file...
User command #1: C:\Keil\ARM\BIN40\fromelf.exe --bin -o ./output/MainControl.bin ./output/MainControl.axf
".\Output\MainControl.axf" - 0 Error(s), 0 Warning(s).
Build target 'Target 1'
compiling ftcomm.c...
linking...
Program Size: Code=17734 RO-data=1582 RW-data=108 ZI-data=60140  
FromELF: creating hex file...
User command #1: C:\Keil\ARM\BIN40\fromelf.exe --bin -o ./output/MainControl.bin ./output/MainControl.axf
".\Output\MainControl.axf" - 0 Error(s), 0 Warning(s).
Load "D:\\02机台\\组网\\源码\\调试20180725\\Main Control_APP _20180723\\STM32_Device\\Output\\MainControl.AXF" 
* JLink Info: Device "STM32F103ZE" selected (512 KB flash, 64 KB RAM).
Set JLink Project File to "D:\02机台\组网\源码\调试20180725\Main Control_APP _20180723\STM32_Device\JLinkSettings.ini"
 
JLink info:
------------
DLL: V4.58a, compiled Dec  5 2012 18:38:08
Firmware: J-Link ARM V8 compiled Nov 14 2012 22:34:52
Hardware: V8.00
S/N : 959985457 
Feature(s) : RDI,FlashDL,FlashBP,JFlash,GDBFULL 
 
* JLink Info: TotalIRLen = 9, IRPrint = 0x0011
* JLink Info: TotalIRLen = 9, IRPrint = 0x0011
* JLink Info: Found Cortex-M3 r1p1, Little endian.
* JLink Info: TPIU fitted.
* JLink Info: ETM fitted.
* JLink Info: FPUnit: 6 code (BP) slots and 2 literal slots
ROMTableAddr = 0xE00FF003
* JLink Info: Found Cortex-M3 r1p1, Little endian.
* JLink Info: TPIU fitted.
* JLink Info: ETM fitted.
* JLink Info: FPUnit: 6 code (BP) slots and 2 literal slots
 
Target info:
------------
Device: STM32F103ZE
VTarget = 3.338V
State of Pins: 
TCK: 1, TDI: 0, TDO: 1, TMS: 0, TRES: 1, TRST: 1
Hardware-Breakpoints: 6
Software-Breakpoints: 8192
Watchpoints:          4
JTAG speed: 2000 kHz
 
Erase Done.
Programming Done.
Verify OK.
* JLink Info: Found Cortex-M3 r1p1, Little endian.
* JLink Info: TPIU fitted.
* JLink Info: ETM fitted.
* JLink Info: FPUnit: 6 code (BP) slots and 2 literal slots
Application running ...
Load "D:\\02机台\\组网\\源码\\调试20180725\\Main Control_APP _20180723\\STM32_Device\\Output\\MainControl.AXF" 
* JLink Info: Device "STM32F103ZE" selected (512 KB flash, 64 KB RAM).
Set JLink Project File to "D:\02机台\组网\源码\调试20180725\Main Control_APP _20180723\STM32_Device\JLinkSettings.ini"
 
JLink info:
------------
DLL: V4.58a, compiled Dec  5 2012 18:38:08
Firmware: J-Link ARM V8 compiled Nov 14 2012 22:34:52
Hardware: V8.00
S/N : 959985457 
Feature(s) : RDI,FlashDL,FlashBP,JFlash,GDBFULL 
 
* JLink Info: TotalIRLen = 9, IRPrint = 0x0011
* JLink Info: TotalIRLen = 9, IRPrint = 0x0011
* JLink Info: Found Cortex-M3 r1p1, Little endian.
* JLink Info: TPIU fitted.
* JLink Info: ETM fitted.
* JLink Info: FPUnit: 6 code (BP) slots and 2 literal slots
ROMTableAddr = 0xE00FF003
* JLink Info: Found Cortex-M3 r1p1, Little endian.
* JLink Info: TPIU fitted.
* JLink Info: ETM fitted.
* JLink Info: FPUnit: 6 code (BP) slots and 2 literal slots
 
Target info:
------------
Device: STM32F103ZE
VTarget = 3.338V
State of Pins: 
TCK: 1, TDI: 0, TDO: 1, TMS: 0, TRES: 1, TRST: 1
Hardware-Breakpoints: 6
Software-Breakpoints: 8192
Watchpoints:          4
JTAG speed: 2000 kHz
 
Erase Done.
Programming Done.
Verify OK.
* JLink Info: Found Cortex-M3 r1p1, Little endian.
* JLink Info: TPIU fitted.
* JLink Info: ETM fitted.
* JLink Info: FPUnit: 6 code (BP) slots and 2 literal slots
Application running ...
Build target 'Target 1'
compiling main.c...
compiling stm32f10x_it.c...
compiling hw_config.c...
compiling ftcomm.c...
compiling wificomm.c...
User\src\wificomm.c(36): warning:  #550-D: variable "TableNum" was set but never used
User\src\wificomm.c:    u8 TableNum;
User\src\wificomm.c:       ^
User\src\wificomm.c: User\src\wificomm.c: 1 warning, 0 errors
compiling key.c...
compiling LCD.c...
linking...
Program Size: Code=17778 RO-data=1582 RW-data=108 ZI-data=60140  
FromELF: creating hex file...
User command #1: C:\Keil\ARM\BIN40\fromelf.exe --bin -o ./output/MainControl.bin ./output/MainControl.axf
".\Output\MainControl.axf" - 0 Error(s), 1 Warning(s).
Build target 'Target 1'
linking...
Program Size: Code=17778 RO-data=1582 RW-data=108 ZI-data=60140  
FromELF: creating hex file...
User command #1: C:\Keil\ARM\BIN40\fromelf.exe --bin -o ./output/MainControl.bin ./output/MainControl.axf
".\Output\MainControl.axf" - 0 Error(s), 0 Warning(s).
Build target 'Target 1'
linking...
Program Size: Code=17778 RO-data=1582 RW-data=108 ZI-data=60140  
FromELF: creating hex file...
User command #1: C:\Keil\ARM\BIN40\fromelf.exe --bin -o ./output/MainControl.bin ./output/MainControl.axf
".\Output\MainControl.axf" - 0 Error(s), 0 Warning(s).
Load "D:\\02机台\\组网\\源码\\调试20180725\\Main Control_APP _20180723\\STM32_Device\\Output\\MainControl.AXF" 
* JLink Info: Device "STM32F103ZE" selected (512 KB flash, 64 KB RAM).
Set JLink Project File to "D:\02机台\组网\源码\调试20180725\Main Control_APP _20180723\STM32_Device\JLinkSettings.ini"
 
JLink info:
------------
DLL: V4.58a, compiled Dec  5 2012 18:38:08
Firmware: J-Link ARM V8 compiled Nov 14 2012 22:34:52
Hardware: V8.00
S/N : 959985457 
Feature(s) : RDI,FlashDL,FlashBP,JFlash,GDBFULL 
 
* JLink Info: TotalIRLen = 9, IRPrint = 0x0011
* JLink Info: TotalIRLen = 9, IRPrint = 0x0011
* JLink Info: Found Cortex-M3 r1p1, Little endian.
* JLink Info: TPIU fitted.
* JLink Info: ETM fitted.
* JLink Info: FPUnit: 6 code (BP) slots and 2 literal slots
ROMTableAddr = 0xE00FF003
* JLink Info: Found Cortex-M3 r1p1, Little endian.
* JLink Info: TPIU fitted.
* JLink Info: ETM fitted.
* JLink Info: FPUnit: 6 code (BP) slots and 2 literal slots
 
Target info:
------------
Device: STM32F103ZE
VTarget = 3.338V
State of Pins: 
TCK: 1, TDI: 0, TDO: 1, TMS: 0, TRES: 1, TRST: 1
Hardware-Breakpoints: 6
Software-Breakpoints: 8192
Watchpoints:          4
JTAG speed: 2000 kHz
 
Erase Done.
Programming Done.
Verify OK.
* JLink Info: Found Cortex-M3 r1p1, Little endian.
* JLink Info: TPIU fitted.
* JLink Info: ETM fitted.
* JLink Info: FPUnit: 6 code (BP) slots and 2 literal slots
Application running ...
Build target 'Target 1'
compiling main.c...
linking...
Program Size: Code=17778 RO-data=1582 RW-data=108 ZI-data=60140  
FromELF: creating hex file...
User command #1: C:\Keil\ARM\BIN40\fromelf.exe --bin -o ./output/MainControl.bin ./output/MainControl.axf
".\Output\MainControl.axf" - 0 Error(s), 0 Warning(s).
Load "D:\\02机台\\组网\\源码\\调试20180725\\Main Control_APP _20180723\\STM32_Device\\Output\\MainControl.AXF" 
* JLink Info: Device "STM32F103ZE" selected (512 KB flash, 64 KB RAM).
Set JLink Project File to "D:\02机台\组网\源码\调试20180725\Main Control_APP _20180723\STM32_Device\JLinkSettings.ini"
 
JLink info:
------------
DLL: V4.58a, compiled Dec  5 2012 18:38:08
Firmware: J-Link ARM V8 compiled Nov 14 2012 22:34:52
Hardware: V8.00
S/N : 959985457 
Feature(s) : RDI,FlashDL,FlashBP,JFlash,GDBFULL 
 
* JLink Info: TotalIRLen = 9, IRPrint = 0x0011
* JLink Info: TotalIRLen = 9, IRPrint = 0x0011
* JLink Info: Found Cortex-M3 r1p1, Little endian.
* JLink Info: TPIU fitted.
* JLink Info: ETM fitted.
* JLink Info: FPUnit: 6 code (BP) slots and 2 literal slots
ROMTableAddr = 0xE00FF003
* JLink Info: Found Cortex-M3 r1p1, Little endian.
* JLink Info: TPIU fitted.
* JLink Info: ETM fitted.
* JLink Info: FPUnit: 6 code (BP) slots and 2 literal slots
 
Target info:
------------
Device: STM32F103ZE
VTarget = 3.338V
State of Pins: 
TCK: 1, TDI: 0, TDO: 1, TMS: 0, TRES: 1, TRST: 1
Hardware-Breakpoints: 6
Software-Breakpoints: 8192
Watchpoints:          4
JTAG speed: 2000 kHz
 
Erase Done.
Programming Done.
Verify OK.
* JLink Info: Found Cortex-M3 r1p1, Little endian.
* JLink Info: TPIU fitted.
* JLink Info: ETM fitted.
* JLink Info: FPUnit: 6 code (BP) slots and 2 literal slots
Application running ...
Build target 'Target 1'
compiling ftcomm.c...
linking...
Program Size: Code=17754 RO-data=1582 RW-data=108 ZI-data=60140  
FromELF: creating hex file...
User command #1: C:\Keil\ARM\BIN40\fromelf.exe --bin -o ./output/MainControl.bin ./output/MainControl.axf
".\Output\MainControl.axf" - 0 Error(s), 0 Warning(s).
Load "D:\\02机台\\组网\\源码\\调试20180725\\Main Control_APP _20180723\\STM32_Device\\Output\\MainControl.AXF" 
* JLink Info: Device "STM32F103ZE" selected (512 KB flash, 64 KB RAM).
Set JLink Project File to "D:\02机台\组网\源码\调试20180725\Main Control_APP _20180723\STM32_Device\JLinkSettings.ini"
 
JLink info:
------------
DLL: V4.58a, compiled Dec  5 2012 18:38:08
Firmware: J-Link ARM V8 compiled Nov 14 2012 22:34:52
Hardware: V8.00
S/N : 959985457 
Feature(s) : RDI,FlashDL,FlashBP,JFlash,GDBFULL 
 
* JLink Info: TotalIRLen = 9, IRPrint = 0x0011
* JLink Info: TotalIRLen = 9, IRPrint = 0x0011
* JLink Info: Found Cortex-M3 r1p1, Little endian.
* JLink Info: TPIU fitted.
* JLink Info: ETM fitted.
* JLink Info: FPUnit: 6 code (BP) slots and 2 literal slots
ROMTableAddr = 0xE00FF003
* JLink Info: Found Cortex-M3 r1p1, Little endian.
* JLink Info: TPIU fitted.
* JLink Info: ETM fitted.
* JLink Info: FPUnit: 6 code (BP) slots and 2 literal slots
 
Target info:
------------
Device: STM32F103ZE
VTarget = 3.338V
State of Pins: 
TCK: 1, TDI: 0, TDO: 1, TMS: 0, TRES: 1, TRST: 1
Hardware-Breakpoints: 6
Software-Breakpoints: 8192
Watchpoints:          4
JTAG speed: 2000 kHz
 
Erase Done.
Programming Done.
Verify OK.
* JLink Info: Found Cortex-M3 r1p1, Little endian.
* JLink Info: TPIU fitted.
* JLink Info: ETM fitted.
* JLink Info: FPUnit: 6 code (BP) slots and 2 literal slots
Application running ...
Build target 'Target 1'
compiling ftcomm.c...
linking...
Program Size: Code=17770 RO-data=1582 RW-data=108 ZI-data=60140  
FromELF: creating hex file...
User command #1: C:\Keil\ARM\BIN40\fromelf.exe --bin -o ./output/MainControl.bin ./output/MainControl.axf
".\Output\MainControl.axf" - 0 Error(s), 0 Warning(s).
Build target 'Target 1'
linking...
Program Size: Code=17770 RO-data=1582 RW-data=108 ZI-data=60140  
FromELF: creating hex file...
User command #1: C:\Keil\ARM\BIN40\fromelf.exe --bin -o ./output/MainControl.bin ./output/MainControl.axf
".\Output\MainControl.axf" - 0 Error(s), 0 Warning(s).
Load "D:\\02机台\\组网\\源码\\调试20180725\\Main Control_APP _20180723\\STM32_Device\\Output\\MainControl.AXF" 
* JLink Info: Device "STM32F103ZE" selected (512 KB flash, 64 KB RAM).
Set JLink Project File to "D:\02机台\组网\源码\调试20180725\Main Control_APP _20180723\STM32_Device\JLinkSettings.ini"
 
JLink info:
------------
DLL: V4.58a, compiled Dec  5 2012 18:38:08
Firmware: J-Link ARM V8 compiled Nov 14 2012 22:34:52
Hardware: V8.00
S/N : 959985457 
Feature(s) : RDI,FlashDL,FlashBP,JFlash,GDBFULL 
 
* JLink Info: TotalIRLen = 9, IRPrint = 0x0011
* JLink Info: TotalIRLen = 9, IRPrint = 0x0011
* JLink Info: Found Cortex-M3 r1p1, Little endian.
* JLink Info: TPIU fitted.
* JLink Info: ETM fitted.
* JLink Info: FPUnit: 6 code (BP) slots and 2 literal slots
ROMTableAddr = 0xE00FF003
* JLink Info: Found Cortex-M3 r1p1, Little endian.
* JLink Info: TPIU fitted.
* JLink Info: ETM fitted.
* JLink Info: FPUnit: 6 code (BP) slots and 2 literal slots
 
Target info:
------------
Device: STM32F103ZE
VTarget = 3.338V
State of Pins: 
TCK: 1, TDI: 0, TDO: 1, TMS: 0, TRES: 1, TRST: 1
Hardware-Breakpoints: 6
Software-Breakpoints: 8192
Watchpoints:          4
JTAG speed: 2000 kHz
 
Erase Done.
Programming Done.
Verify OK.
* JLink Info: Found Cortex-M3 r1p1, Little endian.
* JLink Info: TPIU fitted.
* JLink Info: ETM fitted.
* JLink Info: FPUnit: 6 code (BP) slots and 2 literal slots
Application running ...
Build target 'Target 1'
compiling ftcomm.c...
linking...
Program Size: Code=17766 RO-data=1582 RW-data=108 ZI-data=60140  
FromELF: creating hex file...
User command #1: C:\Keil\ARM\BIN40\fromelf.exe --bin -o ./output/MainControl.bin ./output/MainControl.axf
".\Output\MainControl.axf" - 0 Error(s), 0 Warning(s).
Build target 'Target 1'
linking...
Program Size: Code=17766 RO-data=1582 RW-data=108 ZI-data=60140  
FromELF: creating hex file...
User command #1: C:\Keil\ARM\BIN40\fromelf.exe --bin -o ./output/MainControl.bin ./output/MainControl.axf
".\Output\MainControl.axf" - 0 Error(s), 0 Warning(s).
Load "D:\\02机台\\组网\\源码\\调试20180725\\Main Control_APP _20180723\\STM32_Device\\Output\\MainControl.AXF" 
* JLink Info: Device "STM32F103ZE" selected (512 KB flash, 64 KB RAM).
Set JLink Project File to "D:\02机台\组网\源码\调试20180725\Main Control_APP _20180723\STM32_Device\JLinkSettings.ini"
 
JLink info:
------------
DLL: V4.58a, compiled Dec  5 2012 18:38:08
Firmware: J-Link ARM V8 compiled Nov 14 2012 22:34:52
Hardware: V8.00
S/N : 959985457 
Feature(s) : RDI,FlashDL,FlashBP,JFlash,GDBFULL 
 
* JLink Info: TotalIRLen = 9, IRPrint = 0x0011
* JLink Info: TotalIRLen = 9, IRPrint = 0x0011
* JLink Info: Found Cortex-M3 r1p1, Little endian.
* JLink Info: TPIU fitted.
* JLink Info: ETM fitted.
* JLink Info: FPUnit: 6 code (BP) slots and 2 literal slots
ROMTableAddr = 0xE00FF003
* JLink Info: Found Cortex-M3 r1p1, Little endian.
* JLink Info: TPIU fitted.
* JLink Info: ETM fitted.
* JLink Info: FPUnit: 6 code (BP) slots and 2 literal slots
 
Target info:
------------
Device: STM32F103ZE
VTarget = 3.338V
State of Pins: 
TCK: 1, TDI: 0, TDO: 1, TMS: 0, TRES: 1, TRST: 1
Hardware-Breakpoints: 6
Software-Breakpoints: 8192
Watchpoints:          4
JTAG speed: 2000 kHz
 
Erase Done.
Programming Done.
Verify OK.
* JLink Info: Found Cortex-M3 r1p1, Little endian.
* JLink Info: TPIU fitted.
* JLink Info: ETM fitted.
* JLink Info: FPUnit: 6 code (BP) slots and 2 literal slots
Application running ...
Build target 'Target 1'
compiling ftcomm.c...
linking...
Program Size: Code=17770 RO-data=1582 RW-data=108 ZI-data=60140  
FromELF: creating hex file...
User command #1: C:\Keil\ARM\BIN40\fromelf.exe --bin -o ./output/MainControl.bin ./output/MainControl.axf
".\Output\MainControl.axf" - 0 Error(s), 0 Warning(s).
Load "D:\\02机台\\组网\\源码\\调试20180725\\Main Control_APP _20180723\\STM32_Device\\Output\\MainControl.AXF" 
* JLink Info: Device "STM32F103ZE" selected (512 KB flash, 64 KB RAM).
Set JLink Project File to "D:\02机台\组网\源码\调试20180725\Main Control_APP _20180723\STM32_Device\JLinkSettings.ini"
 
JLink info:
------------
DLL: V4.58a, compiled Dec  5 2012 18:38:08
Firmware: J-Link ARM V8 compiled Nov 14 2012 22:34:52
Hardware: V8.00
S/N : 959985457 
Feature(s) : RDI,FlashDL,FlashBP,JFlash,GDBFULL 
 
* JLink Info: TotalIRLen = 9, IRPrint = 0x0011
* JLink Info: TotalIRLen = 9, IRPrint = 0x0011
* JLink Info: Found Cortex-M3 r1p1, Little endian.
* JLink Info: TPIU fitted.
* JLink Info: ETM fitted.
* JLink Info: FPUnit: 6 code (BP) slots and 2 literal slots
ROMTableAddr = 0xE00FF003
* JLink Info: Found Cortex-M3 r1p1, Little endian.
* JLink Info: TPIU fitted.
* JLink Info: ETM fitted.
* JLink Info: FPUnit: 6 code (BP) slots and 2 literal slots
 
Target info:
------------
Device: STM32F103ZE
VTarget = 3.338V
State of Pins: 
TCK: 1, TDI: 0, TDO: 1, TMS: 0, TRES: 1, TRST: 1
Hardware-Breakpoints: 6
Software-Breakpoints: 8192
Watchpoints:          4
JTAG speed: 2000 kHz
 
Erase Done.
Programming Done.
Verify OK.
* JLink Info: Found Cortex-M3 r1p1, Little endian.
* JLink Info: TPIU fitted.
* JLink Info: ETM fitted.
* JLink Info: FPUnit: 6 code (BP) slots and 2 literal slots
Application running ...
Build target 'Target 1'
compiling ftcomm.c...
linking...
Program Size: Code=17774 RO-data=1582 RW-data=108 ZI-data=60140  
FromELF: creating hex file...
User command #1: C:\Keil\ARM\BIN40\fromelf.exe --bin -o ./output/MainControl.bin ./output/MainControl.axf
".\Output\MainControl.axf" - 0 Error(s), 0 Warning(s).
Build target 'Target 1'
linking...
Program Size: Code=17774 RO-data=1582 RW-data=108 ZI-data=60140  
FromELF: creating hex file...
User command #1: C:\Keil\ARM\BIN40\fromelf.exe --bin -o ./output/MainControl.bin ./output/MainControl.axf
".\Output\MainControl.axf" - 0 Error(s), 0 Warning(s).
Load "D:\\02机台\\组网\\源码\\调试20180725\\Main Control_APP _20180723\\STM32_Device\\Output\\MainControl.AXF" 
* JLink Info: Device "STM32F103ZE" selected (512 KB flash, 64 KB RAM).
Set JLink Project File to "D:\02机台\组网\源码\调试20180725\Main Control_APP _20180723\STM32_Device\JLinkSettings.ini"
 
JLink info:
------------
DLL: V4.58a, compiled Dec  5 2012 18:38:08
Firmware: J-Link ARM V8 compiled Nov 14 2012 22:34:52
Hardware: V8.00
S/N : 959985457 
Feature(s) : RDI,FlashDL,FlashBP,JFlash,GDBFULL 
 
* JLink Info: TotalIRLen = 9, IRPrint = 0x0011
* JLink Info: TotalIRLen = 9, IRPrint = 0x0011
* JLink Info: Found Cortex-M3 r1p1, Little endian.
* JLink Info: TPIU fitted.
* JLink Info: ETM fitted.
* JLink Info: FPUnit: 6 code (BP) slots and 2 literal slots
ROMTableAddr = 0xE00FF003
* JLink Info: Found Cortex-M3 r1p1, Little endian.
* JLink Info: TPIU fitted.
* JLink Info: ETM fitted.
* JLink Info: FPUnit: 6 code (BP) slots and 2 literal slots
 
Target info:
------------
Device: STM32F103ZE
VTarget = 3.338V
State of Pins: 
TCK: 1, TDI: 0, TDO: 1, TMS: 0, TRES: 1, TRST: 1
Hardware-Breakpoints: 6
Software-Breakpoints: 8192
Watchpoints:          4
JTAG speed: 2000 kHz
 
Erase Done.
Programming Done.
Verify OK.
* JLink Info: Found Cortex-M3 r1p1, Little endian.
* JLink Info: TPIU fitted.
* JLink Info: ETM fitted.
* JLink Info: FPUnit: 6 code (BP) slots and 2 literal slots
Application running ...
Build target 'Target 1'
compiling hw_config.c...
linking...
Program Size: Code=17770 RO-data=1582 RW-data=108 ZI-data=60140  
FromELF: creating hex file...
User command #1: C:\Keil\ARM\BIN40\fromelf.exe --bin -o ./output/MainControl.bin ./output/MainControl.axf
".\Output\MainControl.axf" - 0 Error(s), 0 Warning(s).
Build target 'Target 1'
linking...
Program Size: Code=17770 RO-data=1582 RW-data=108 ZI-data=60140  
FromELF: creating hex file...
User command #1: C:\Keil\ARM\BIN40\fromelf.exe --bin -o ./output/MainControl.bin ./output/MainControl.axf
".\Output\MainControl.axf" - 0 Error(s), 0 Warning(s).
Load "D:\\02机台\\组网\\源码\\调试20180725\\Main Control_APP _20180723\\STM32_Device\\Output\\MainControl.AXF" 
* JLink Info: Device "STM32F103ZE" selected (512 KB flash, 64 KB RAM).
Set JLink Project File to "D:\02机台\组网\源码\调试20180725\Main Control_APP _20180723\STM32_Device\JLinkSettings.ini"
 
JLink info:
------------
DLL: V4.58a, compiled Dec  5 2012 18:38:08
Firmware: J-Link ARM V8 compiled Nov 14 2012 22:34:52
Hardware: V8.00
S/N : 959985457 
Feature(s) : RDI,FlashDL,FlashBP,JFlash,GDBFULL 
 
* JLink Info: TotalIRLen = 9, IRPrint = 0x0011
* JLink Info: TotalIRLen = 9, IRPrint = 0x0011
* JLink Info: Found Cortex-M3 r1p1, Little endian.
* JLink Info: TPIU fitted.
* JLink Info: ETM fitted.
* JLink Info: FPUnit: 6 code (BP) slots and 2 literal slots
ROMTableAddr = 0xE00FF003
* JLink Info: Found Cortex-M3 r1p1, Little endian.
* JLink Info: TPIU fitted.
* JLink Info: ETM fitted.
* JLink Info: FPUnit: 6 code (BP) slots and 2 literal slots
 
Target info:
------------
Device: STM32F103ZE
VTarget = 3.338V
State of Pins: 
TCK: 1, TDI: 0, TDO: 1, TMS: 0, TRES: 1, TRST: 1
Hardware-Breakpoints: 6
Software-Breakpoints: 8192
Watchpoints:          4
JTAG speed: 2000 kHz
 
Erase Done.
Programming Done.
Verify OK.
* JLink Info: Found Cortex-M3 r1p1, Little endian.
* JLink Info: TPIU fitted.
* JLink Info: ETM fitted.
* JLink Info: FPUnit: 6 code (BP) slots and 2 literal slots
Application running ...
Load "D:\\02机台\\组网\\源码\\调试20180725\\Main Control_APP _20180723\\STM32_Device\\Output\\MainControl.AXF" 
* JLink Info: Device "STM32F103ZE" selected (512 KB flash, 64 KB RAM).
Set JLink Project File to "D:\02机台\组网\源码\调试20180725\Main Control_APP _20180723\STM32_Device\JLinkSettings.ini"
 
JLink info:
------------
DLL: V4.58a, compiled Dec  5 2012 18:38:08
Firmware: J-Link ARM V8 compiled Nov 14 2012 22:34:52
Hardware: V8.00
S/N : 959985457 
Feature(s) : RDI,FlashDL,FlashBP,JFlash,GDBFULL 
 
* JLink Info: TotalIRLen = 9, IRPrint = 0x0011
* JLink Info: TotalIRLen = 9, IRPrint = 0x0011
* JLink Info: Found Cortex-M3 r1p1, Little endian.
* JLink Info: TPIU fitted.
* JLink Info: ETM fitted.
* JLink Info: FPUnit: 6 code (BP) slots and 2 literal slots
ROMTableAddr = 0xE00FF003
* JLink Info: Found Cortex-M3 r1p1, Little endian.
* JLink Info: TPIU fitted.
* JLink Info: ETM fitted.
* JLink Info: FPUnit: 6 code (BP) slots and 2 literal slots
 
Target info:
------------
Device: STM32F103ZE
VTarget = 3.338V
State of Pins: 
TCK: 1, TDI: 0, TDO: 1, TMS: 0, TRES: 1, TRST: 1
Hardware-Breakpoints: 6
Software-Breakpoints: 8192
Watchpoints:          4
JTAG speed: 2000 kHz
 
Erase Done.
Programming Done.
Verify OK.
* JLink Info: Found Cortex-M3 r1p1, Little endian.
* JLink Info: TPIU fitted.
* JLink Info: ETM fitted.
* JLink Info: FPUnit: 6 code (BP) slots and 2 literal slots
Application running ...
Build target 'Target 1'
compiling hw_config.c...
compiling ftcomm.c...
linking...
Program Size: Code=17786 RO-data=1582 RW-data=108 ZI-data=60140  
FromELF: creating hex file...
User command #1: C:\Keil\ARM\BIN40\fromelf.exe --bin -o ./output/MainControl.bin ./output/MainControl.axf
".\Output\MainControl.axf" - 0 Error(s), 0 Warning(s).
Load "D:\\02机台\\组网\\源码\\调试20180725\\Main Control_APP _20180723\\STM32_Device\\Output\\MainControl.AXF" 
* JLink Info: Device "STM32F103ZE" selected (512 KB flash, 64 KB RAM).
Set JLink Project File to "D:\02机台\组网\源码\调试20180725\Main Control_APP _20180723\STM32_Device\JLinkSettings.ini"
 
JLink info:
------------
DLL: V4.58a, compiled Dec  5 2012 18:38:08
Firmware: J-Link ARM V8 compiled Nov 14 2012 22:34:52
Hardware: V8.00
S/N : 959985457 
Feature(s) : RDI,FlashDL,FlashBP,JFlash,GDBFULL 
 
* JLink Info: TotalIRLen = 9, IRPrint = 0x0011
* JLink Info: TotalIRLen = 9, IRPrint = 0x0011
* JLink Info: Found Cortex-M3 r1p1, Little endian.
* JLink Info: TPIU fitted.
* JLink Info: ETM fitted.
* JLink Info: FPUnit: 6 code (BP) slots and 2 literal slots
ROMTableAddr = 0xE00FF003
* JLink Info: Found Cortex-M3 r1p1, Little endian.
* JLink Info: TPIU fitted.
* JLink Info: ETM fitted.
* JLink Info: FPUnit: 6 code (BP) slots and 2 literal slots
 
Target info:
------------
Device: STM32F103ZE
VTarget = 3.338V
State of Pins: 
TCK: 1, TDI: 0, TDO: 1, TMS: 0, TRES: 1, TRST: 1
Hardware-Breakpoints: 6
Software-Breakpoints: 8192
Watchpoints:          4
JTAG speed: 2000 kHz
 
Erase Done.
Programming Done.
Verify OK.
* JLink Info: Found Cortex-M3 r1p1, Little endian.
* JLink Info: TPIU fitted.
* JLink Info: ETM fitted.
* JLink Info: FPUnit: 6 code (BP) slots and 2 literal slots
Application running ...
Build target 'Target 1'
compiling ftcomm.c...
linking...
Program Size: Code=17786 RO-data=1582 RW-data=108 ZI-data=60140  
FromELF: creating hex file...
User command #1: C:\Keil\ARM\BIN40\fromelf.exe --bin -o ./output/MainControl.bin ./output/MainControl.axf
".\Output\MainControl.axf" - 0 Error(s), 0 Warning(s).
Build target 'Target 1'
linking...
Program Size: Code=17786 RO-data=1582 RW-data=108 ZI-data=60140  
FromELF: creating hex file...
User command #1: C:\Keil\ARM\BIN40\fromelf.exe --bin -o ./output/MainControl.bin ./output/MainControl.axf
".\Output\MainControl.axf" - 0 Error(s), 0 Warning(s).
Build target 'Target 1'
linking...
Program Size: Code=17786 RO-data=1582 RW-data=108 ZI-data=60140  
FromELF: creating hex file...
User command #1: C:\Keil\ARM\BIN40\fromelf.exe --bin -o ./output/MainControl.bin ./output/MainControl.axf
".\Output\MainControl.axf" - 0 Error(s), 0 Warning(s).
Build target 'Target 1'
linking...
Program Size: Code=17786 RO-data=1582 RW-data=108 ZI-data=60140  
FromELF: creating hex file...
User command #1: C:\Keil\ARM\BIN40\fromelf.exe --bin -o ./output/MainControl.bin ./output/MainControl.axf
".\Output\MainControl.axf" - 0 Error(s), 0 Warning(s).
Load "D:\\02机台\\组网\\源码\\调试20180725\\Main Control_APP _20180723\\STM32_Device\\Output\\MainControl.AXF" 
* JLink Info: Device "STM32F103ZE" selected (512 KB flash, 64 KB RAM).
Set JLink Project File to "D:\02机台\组网\源码\调试20180725\Main Control_APP _20180723\STM32_Device\JLinkSettings.ini"
 
JLink info:
------------
DLL: V4.58a, compiled Dec  5 2012 18:38:08
Firmware: J-Link ARM V8 compiled Nov 14 2012 22:34:52
Hardware: V8.00
S/N : 959985457 
Feature(s) : RDI,FlashDL,FlashBP,JFlash,GDBFULL 
 
* JLink Info: TotalIRLen = 9, IRPrint = 0x0011
* JLink Info: TotalIRLen = 9, IRPrint = 0x0011
* JLink Info: Found Cortex-M3 r1p1, Little endian.
* JLink Info: TPIU fitted.
* JLink Info: ETM fitted.
* JLink Info: FPUnit: 6 code (BP) slots and 2 literal slots
ROMTableAddr = 0xE00FF003
* JLink Info: Found Cortex-M3 r1p1, Little endian.
* JLink Info: TPIU fitted.
* JLink Info: ETM fitted.
* JLink Info: FPUnit: 6 code (BP) slots and 2 literal slots
 
Target info:
------------
Device: STM32F103ZE
VTarget = 3.338V
State of Pins: 
TCK: 1, TDI: 0, TDO: 1, TMS: 0, TRES: 1, TRST: 1
Hardware-Breakpoints: 6
Software-Breakpoints: 8192
Watchpoints:          4
JTAG speed: 2000 kHz
 
Erase Done.
Programming Done.
Verify OK.
* JLink Info: Found Cortex-M3 r1p1, Little endian.
* JLink Info: TPIU fitted.
* JLink Info: ETM fitted.
* JLink Info: FPUnit: 6 code (BP) slots and 2 literal slots
Application running ...
Build target 'Target 1'
linking...
Program Size: Code=17786 RO-data=1582 RW-data=108 ZI-data=60140  
FromELF: creating hex file...
User command #1: C:\Keil\ARM\BIN40\fromelf.exe --bin -o ./output/MainControl.bin ./output/MainControl.axf
".\Output\MainControl.axf" - 0 Error(s), 0 Warning(s).
Build target 'Target 1'
linking...
Program Size: Code=17786 RO-data=1582 RW-data=108 ZI-data=60140  
FromELF: creating hex file...
User command #1: C:\Keil\ARM\BIN40\fromelf.exe --bin -o ./output/MainControl.bin ./output/MainControl.axf
".\Output\MainControl.axf" - 0 Error(s), 0 Warning(s).
Load "D:\\02机台\\组网\\源码\\调试20180725\\Main Control_APP _20180723\\STM32_Device\\Output\\MainControl.AXF" 
Build target 'Target 1'
linking...
Program Size: Code=17786 RO-data=1582 RW-data=108 ZI-data=60140  
FromELF: creating hex file...
User command #1: C:\Keil\ARM\BIN40\fromelf.exe --bin -o ./output/MainControl.bin ./output/MainControl.axf
".\Output\MainControl.axf" - 0 Error(s), 0 Warning(s).
Load "D:\\02机台\\组网\\源码\\调试20180725\\Main Control_APP _20180723\\STM32_Device\\Output\\MainControl.AXF" 
* JLink Info: Device "STM32F103ZE" selected (512 KB flash, 64 KB RAM).
Set JLink Project File to "D:\02机台\组网\源码\调试20180725\Main Control_APP _20180723\STM32_Device\JLinkSettings.ini"
 
JLink info:
------------
DLL: V4.58a, compiled Dec  5 2012 18:38:08
Firmware: J-Link ARM V8 compiled Nov 14 2012 22:34:52
Hardware: V8.00
S/N : 959985457 
Feature(s) : RDI,FlashDL,FlashBP,JFlash,GDBFULL 
 
* JLink Info: TotalIRLen = 9, IRPrint = 0x0011
* JLink Info: TotalIRLen = 9, IRPrint = 0x0011
* JLink Info: Found Cortex-M3 r1p1, Little endian.
* JLink Info: TPIU fitted.
* JLink Info: ETM fitted.
* JLink Info: FPUnit: 6 code (BP) slots and 2 literal slots
ROMTableAddr = 0xE00FF003
* JLink Info: Found Cortex-M3 r1p1, Little endian.
* JLink Info: TPIU fitted.
* JLink Info: ETM fitted.
* JLink Info: FPUnit: 6 code (BP) slots and 2 literal slots
 
Target info:
------------
Device: STM32F103ZE
VTarget = 3.338V
State of Pins: 
TCK: 1, TDI: 0, TDO: 1, TMS: 0, TRES: 1, TRST: 1
Hardware-Breakpoints: 6
Software-Breakpoints: 8192
Watchpoints:          4
JTAG speed: 2000 kHz
 
Erase Done.
Programming Done.
Verify OK.
* JLink Info: Found Cortex-M3 r1p1, Little endian.
* JLink Info: TPIU fitted.
* JLink Info: ETM fitted.
* JLink Info: FPUnit: 6 code (BP) slots and 2 literal slots
Application running ...
Build target 'Target 1'
linking...
Program Size: Code=17786 RO-data=1582 RW-data=108 ZI-data=60140  
FromELF: creating hex file...
User command #1: C:\Keil\ARM\BIN40\fromelf.exe --bin -o ./output/MainControl.bin ./output/MainControl.axf
".\Output\MainControl.axf" - 0 Error(s), 0 Warning(s).
Load "D:\\02机台\\组网\\源码\\调试20180725\\Main Control_APP _20180723\\STM32_Device\\Output\\MainControl.AXF" 
* JLink Info: Device "STM32F103ZE" selected (512 KB flash, 64 KB RAM).
Set JLink Project File to "D:\02机台\组网\源码\调试20180725\Main Control_APP _20180723\STM32_Device\JLinkSettings.ini"
 
JLink info:
------------
DLL: V4.58a, compiled Dec  5 2012 18:38:08
Firmware: J-Link ARM V8 compiled Nov 14 2012 22:34:52
Hardware: V8.00
S/N : 959985457 
Feature(s) : RDI,FlashDL,FlashBP,JFlash,GDBFULL 
 
* JLink Info: TotalIRLen = 9, IRPrint = 0x0011
* JLink Info: TotalIRLen = 9, IRPrint = 0x0011
* JLink Info: Found Cortex-M3 r1p1, Little endian.
* JLink Info: TPIU fitted.
* JLink Info: ETM fitted.
* JLink Info: FPUnit: 6 code (BP) slots and 2 literal slots
ROMTableAddr = 0xE00FF003
* JLink Info: Found Cortex-M3 r1p1, Little endian.
* JLink Info: TPIU fitted.
* JLink Info: ETM fitted.
* JLink Info: FPUnit: 6 code (BP) slots and 2 literal slots
 
Target info:
------------
Device: STM32F103ZE
VTarget = 3.338V
State of Pins: 
TCK: 1, TDI: 0, TDO: 1, TMS: 0, TRES: 1, TRST: 1
Hardware-Breakpoints: 6
Software-Breakpoints: 8192
Watchpoints:          4
JTAG speed: 2000 kHz
 
Erase Done.
Programming Done.
Verify OK.
* JLink Info: Found Cortex-M3 r1p1, Little endian.
* JLink Info: TPIU fitted.
* JLink Info: ETM fitted.
* JLink Info: FPUnit: 6 code (BP) slots and 2 literal slots
Application running ...
Load "D:\\02机台\\组网\\源码\\调试20180725\\Main Control_APP _20180723\\STM32_Device\\Output\\MainControl.AXF" 
* JLink Info: Device "STM32F103ZE" selected (512 KB flash, 64 KB RAM).
Set JLink Project File to "D:\02机台\组网\源码\调试20180725\Main Control_APP _20180723\STM32_Device\JLinkSettings.ini"
 
JLink info:
------------
DLL: V4.58a, compiled Dec  5 2012 18:38:08
Firmware: J-Link ARM V8 compiled Nov 14 2012 22:34:52
Hardware: V8.00
S/N : 959985457 
Feature(s) : RDI,FlashDL,FlashBP,JFlash,GDBFULL 
 
* JLink Info: TotalIRLen = 9, IRPrint = 0x0011
* JLink Info: TotalIRLen = 9, IRPrint = 0x0011
* JLink Info: Found Cortex-M3 r1p1, Little endian.
* JLink Info: TPIU fitted.
* JLink Info: ETM fitted.
* JLink Info: FPUnit: 6 code (BP) slots and 2 literal slots
ROMTableAddr = 0xE00FF003
* JLink Info: Found Cortex-M3 r1p1, Little endian.
* JLink Info: TPIU fitted.
* JLink Info: ETM fitted.
* JLink Info: FPUnit: 6 code (BP) slots and 2 literal slots
 
Target info:
------------
Device: STM32F103ZE
VTarget = 3.338V
State of Pins: 
TCK: 1, TDI: 0, TDO: 1, TMS: 0, TRES: 1, TRST: 1
Hardware-Breakpoints: 6
Software-Breakpoints: 8192
Watchpoints:          4
JTAG speed: 2000 kHz
 
Erase Done.
Programming Done.
Verify OK.
* JLink Info: Found Cortex-M3 r1p1, Little endian.
* JLink Info: TPIU fitted.
* JLink Info: ETM fitted.
* JLink Info: FPUnit: 6 code (BP) slots and 2 literal slots
Application running ...
Build target 'Target 1'
compiling ftcomm.c...
linking...
Program Size: Code=17806 RO-data=1586 RW-data=108 ZI-data=60140  
FromELF: creating hex file...
User command #1: C:\Keil\ARM\BIN40\fromelf.exe --bin -o ./output/MainControl.bin ./output/MainControl.axf
".\Output\MainControl.axf" - 0 Error(s), 0 Warning(s).
Load "D:\\02机台\\组网\\源码\\调试20180725\\Main Control_APP _20180723\\STM32_Device\\Output\\MainControl.AXF" 
* JLink Info: Device "STM32F103ZE" selected (512 KB flash, 64 KB RAM).
Set JLink Project File to "D:\02机台\组网\源码\调试20180725\Main Control_APP _20180723\STM32_Device\JLinkSettings.ini"
 
JLink info:
------------
DLL: V4.58a, compiled Dec  5 2012 18:38:08
Firmware: J-Link ARM V8 compiled Nov 14 2012 22:34:52
Hardware: V8.00
S/N : 959985457 
Feature(s) : RDI,FlashDL,FlashBP,JFlash,GDBFULL 
 
* JLink Info: TotalIRLen = 9, IRPrint = 0x0011
* JLink Info: TotalIRLen = 9, IRPrint = 0x0011
* JLink Info: Found Cortex-M3 r1p1, Little endian.
* JLink Info: TPIU fitted.
* JLink Info: ETM fitted.
* JLink Info: FPUnit: 6 code (BP) slots and 2 literal slots
ROMTableAddr = 0xE00FF003
* JLink Info: Found Cortex-M3 r1p1, Little endian.
* JLink Info: TPIU fitted.
* JLink Info: ETM fitted.
* JLink Info: FPUnit: 6 code (BP) slots and 2 literal slots
 
Target info:
------------
Device: STM32F103ZE
VTarget = 3.338V
State of Pins: 
TCK: 1, TDI: 0, TDO: 1, TMS: 0, TRES: 1, TRST: 1
Hardware-Breakpoints: 6
Software-Breakpoints: 8192
Watchpoints:          4
JTAG speed: 2000 kHz
 
Erase Done.
Programming Done.
Verify OK.
* JLink Info: Found Cortex-M3 r1p1, Little endian.
* JLink Info: TPIU fitted.
* JLink Info: ETM fitted.
* JLink Info: FPUnit: 6 code (BP) slots and 2 literal slots
Application running ...
Build target 'Target 1'
linking...
Program Size: Code=17806 RO-data=1586 RW-data=108 ZI-data=60140  
FromELF: creating hex file...
User command #1: C:\Keil\ARM\BIN40\fromelf.exe --bin -o ./output/MainControl.bin ./output/MainControl.axf
".\Output\MainControl.axf" - 0 Error(s), 0 Warning(s).
Build target 'Target 1'
compiling main.c...
.\User\inc\ftcomm.h(29): warning:  #47-D: incompatible redefinition of macro "CMD_FT_ID" (declared at line 14)
.\User\inc\ftcomm.h:   #define CMD_FT_ID                                        0x89//读取ID
.\User\inc\ftcomm.h:           ^
.\User\inc\ftcomm.h: User\src\main.c: 1 warning, 0 errors
compiling stm32f10x_it.c...
.\User\inc\ftcomm.h(29): warning:  #47-D: incompatible redefinition of macro "CMD_FT_ID" (declared at line 14)
.\User\inc\ftcomm.h:   #define CMD_FT_ID                                        0x89//读取ID
.\User\inc\ftcomm.h:           ^
.\User\inc\ftcomm.h: User\src\stm32f10x_it.c: 1 warning, 0 errors
compiling hw_config.c...
.\User\inc\ftcomm.h(29): warning:  #47-D: incompatible redefinition of macro "CMD_FT_ID" (declared at line 14)
.\User\inc\ftcomm.h:   #define CMD_FT_ID                                        0x89//读取ID
.\User\inc\ftcomm.h:           ^
.\User\inc\ftcomm.h: User\src\hw_config.c: 1 warning, 0 errors
compiling ftcomm.c...
.\User\inc\ftcomm.h(29): warning:  #47-D: incompatible redefinition of macro "CMD_FT_ID" (declared at line 14)
.\User\inc\ftcomm.h:   #define CMD_FT_ID                                        0x89//读取ID
.\User\inc\ftcomm.h:           ^
.\User\inc\ftcomm.h: User\src\ftcomm.c: 1 warning, 0 errors
compiling wificomm.c...
.\User\inc\ftcomm.h(29): warning:  #47-D: incompatible redefinition of macro "CMD_FT_ID" (declared at line 14)
.\User\inc\ftcomm.h:   #define CMD_FT_ID                                        0x89//读取ID
.\User\inc\ftcomm.h:           ^
User\src\wificomm.c(36): warning:  #550-D: variable "TableNum" was set but never used
User\src\wificomm.c:    u8 TableNum;
User\src\wificomm.c:       ^
User\src\wificomm.c: User\src\wificomm.c: 2 warnings, 0 errors
compiling key.c...
.\User\inc\ftcomm.h(29): warning:  #47-D: incompatible redefinition of macro "CMD_FT_ID" (declared at line 14)
.\User\inc\ftcomm.h:   #define CMD_FT_ID                                        0x89//读取ID
.\User\inc\ftcomm.h:           ^
User\src\key.c(13): warning:  #223-D: function "Fun_Read_ID" declared implicitly
User\src\key.c:                 Fun_Read_ID(USART_3);
User\src\key.c:                 ^
User\src\key.c: User\src\key.c: 2 warnings, 0 errors
linking...
Program Size: Code=17738 RO-data=1586 RW-data=108 ZI-data=60140  
FromELF: creating hex file...
User command #1: C:\Keil\ARM\BIN40\fromelf.exe --bin -o ./output/MainControl.bin ./output/MainControl.axf
".\Output\MainControl.axf" - 0 Error(s), 8 Warning(s).
Build target 'Target 1'
compiling main.c...
compiling stm32f10x_it.c...
compiling hw_config.c...
compiling ftcomm.c...
compiling wificomm.c...
User\src\wificomm.c(36): warning:  #550-D: variable "TableNum" was set but never used
User\src\wificomm.c:    u8 TableNum;
User\src\wificomm.c:       ^
User\src\wificomm.c: User\src\wificomm.c: 1 warning, 0 errors
compiling key.c...
User\src\key.c(13): warning:  #223-D: function "Fun_Read_ID" declared implicitly
User\src\key.c:                 Fun_Read_ID(USART_3);
User\src\key.c:                 ^
User\src\key.c: User\src\key.c: 1 warning, 0 errors
linking...
Program Size: Code=17738 RO-data=1586 RW-data=108 ZI-data=60140  
FromELF: creating hex file...
User command #1: C:\Keil\ARM\BIN40\fromelf.exe --bin -o ./output/MainControl.bin ./output/MainControl.axf
".\Output\MainControl.axf" - 0 Error(s), 2 Warning(s).
Build target 'Target 1'
compiling key.c...
linking...
Program Size: Code=17738 RO-data=1586 RW-data=108 ZI-data=60140  
FromELF: creating hex file...
User command #1: C:\Keil\ARM\BIN40\fromelf.exe --bin -o ./output/MainControl.bin ./output/MainControl.axf
".\Output\MainControl.axf" - 0 Error(s), 0 Warning(s).
Load "D:\\02机台\\组网\\源码\\调试20180725\\Main Control_APP _20180723\\STM32_Device\\Output\\MainControl.AXF" 
* JLink Info: Device "STM32F103ZE" selected (512 KB flash, 64 KB RAM).
Set JLink Project File to "D:\02机台\组网\源码\调试20180725\Main Control_APP _20180723\STM32_Device\JLinkSettings.ini"
 
JLink info:
------------
DLL: V4.58a, compiled Dec  5 2012 18:38:08
Firmware: J-Link ARM V8 compiled Nov 14 2012 22:34:52
Hardware: V8.00
S/N : 959985457 
Feature(s) : RDI,FlashDL,FlashBP,JFlash,GDBFULL 
 
* JLink Info: TotalIRLen = 9, IRPrint = 0x0011
* JLink Info: TotalIRLen = 9, IRPrint = 0x0011
* JLink Info: Found Cortex-M3 r1p1, Little endian.
* JLink Info: TPIU fitted.
* JLink Info: ETM fitted.
* JLink Info: FPUnit: 6 code (BP) slots and 2 literal slots
ROMTableAddr = 0xE00FF003
* JLink Info: Found Cortex-M3 r1p1, Little endian.
* JLink Info: TPIU fitted.
* JLink Info: ETM fitted.
* JLink Info: FPUnit: 6 code (BP) slots and 2 literal slots
 
Target info:
------------
Device: STM32F103ZE
VTarget = 3.332V
State of Pins: 
TCK: 1, TDI: 0, TDO: 1, TMS: 0, TRES: 1, TRST: 1
Hardware-Breakpoints: 6
Software-Breakpoints: 8192
Watchpoints:          4
JTAG speed: 2000 kHz
 
Erase Done.
Programming Done.
Verify OK.
* JLink Info: Found Cortex-M3 r1p1, Little endian.
* JLink Info: TPIU fitted.
* JLink Info: ETM fitted.
* JLink Info: FPUnit: 6 code (BP) slots and 2 literal slots
Application running ...
Load "D:\\02机台\\组网\\源码\\调试20180725\\Main Control_APP _20180723\\STM32_Device\\Output\\MainControl.AXF" 
* JLink Info: Device "STM32F103ZE" selected (512 KB flash, 64 KB RAM).
Set JLink Project File to "D:\02机台\组网\源码\调试20180725\Main Control_APP _20180723\STM32_Device\JLinkSettings.ini"
 
JLink info:
------------
DLL: V4.58a, compiled Dec  5 2012 18:38:08
Firmware: J-Link ARM V8 compiled Nov 14 2012 22:34:52
Hardware: V8.00
S/N : 959985457 
Feature(s) : RDI,FlashDL,FlashBP,JFlash,GDBFULL 
 
* JLink Info: TotalIRLen = 9, IRPrint = 0x0011
* JLink Info: TotalIRLen = 9, IRPrint = 0x0011
* JLink Info: Found Cortex-M3 r1p1, Little endian.
* JLink Info: TPIU fitted.
* JLink Info: ETM fitted.
* JLink Info: FPUnit: 6 code (BP) slots and 2 literal slots
ROMTableAddr = 0xE00FF003
* JLink Info: Found Cortex-M3 r1p1, Little endian.
* JLink Info: TPIU fitted.
* JLink Info: ETM fitted.
* JLink Info: FPUnit: 6 code (BP) slots and 2 literal slots
 
Target info:
------------
Device: STM32F103ZE
VTarget = 3.338V
State of Pins: 
TCK: 1, TDI: 0, TDO: 1, TMS: 0, TRES: 1, TRST: 1
Hardware-Breakpoints: 6
Software-Breakpoints: 8192
Watchpoints:          4
JTAG speed: 2000 kHz
 
Erase Done.
Programming Done.
Verify OK.
* JLink Info: Found Cortex-M3 r1p1, Little endian.
* JLink Info: TPIU fitted.
* JLink Info: ETM fitted.
* JLink Info: FPUnit: 6 code (BP) slots and 2 literal slots
Application running ...
Build target 'Target 1'
compiling key.c...
linking...
Program Size: Code=17746 RO-data=1586 RW-data=108 ZI-data=60140  
FromELF: creating hex file...
User command #1: C:\Keil\ARM\BIN40\fromelf.exe --bin -o ./output/MainControl.bin ./output/MainControl.axf
".\Output\MainControl.axf" - 0 Error(s), 0 Warning(s).
Load "D:\\02机台\\组网\\源码\\调试20180725\\Main Control_APP _20180723\\STM32_Device\\Output\\MainControl.AXF" 
* JLink Info: Device "STM32F103ZE" selected (512 KB flash, 64 KB RAM).
Set JLink Project File to "D:\02机台\组网\源码\调试20180725\Main Control_APP _20180723\STM32_Device\JLinkSettings.ini"
 
JLink info:
------------
DLL: V4.58a, compiled Dec  5 2012 18:38:08
Firmware: J-Link ARM V8 compiled Nov 14 2012 22:34:52
Hardware: V8.00
S/N : 959985457 
Feature(s) : RDI,FlashDL,FlashBP,JFlash,GDBFULL 
 
* JLink Info: TotalIRLen = 9, IRPrint = 0x0011
* JLink Info: TotalIRLen = 9, IRPrint = 0x0011
* JLink Info: Found Cortex-M3 r1p1, Little endian.
* JLink Info: TPIU fitted.
* JLink Info: ETM fitted.
* JLink Info: FPUnit: 6 code (BP) slots and 2 literal slots
ROMTableAddr = 0xE00FF003
* JLink Info: Found Cortex-M3 r1p1, Little endian.
* JLink Info: TPIU fitted.
* JLink Info: ETM fitted.
* JLink Info: FPUnit: 6 code (BP) slots and 2 literal slots
 
Target info:
------------
Device: STM32F103ZE
VTarget = 3.332V
State of Pins: 
TCK: 1, TDI: 0, TDO: 1, TMS: 0, TRES: 1, TRST: 1
Hardware-Breakpoints: 6
Software-Breakpoints: 8192
Watchpoints:          4
JTAG speed: 2000 kHz
 
Erase Done.
Programming Done.
Verify OK.
* JLink Info: Found Cortex-M3 r1p1, Little endian.
* JLink Info: TPIU fitted.
* JLink Info: ETM fitted.
* JLink Info: FPUnit: 6 code (BP) slots and 2 literal slots
Application running ...
Build target 'Target 1'
compiling key.c...
linking...
Program Size: Code=17746 RO-data=1586 RW-data=108 ZI-data=60140  
FromELF: creating hex file...
User command #1: C:\Keil\ARM\BIN40\fromelf.exe --bin -o ./output/MainControl.bin ./output/MainControl.axf
".\Output\MainControl.axf" - 0 Error(s), 0 Warning(s).
Load "D:\\02机台\\组网\\源码\\调试20180725\\Main Control_APP _20180723\\STM32_Device\\Output\\MainControl.AXF" 
* JLink Info: Device "STM32F103ZE" selected (512 KB flash, 64 KB RAM).
Set JLink Project File to "D:\02机台\组网\源码\调试20180725\Main Control_APP _20180723\STM32_Device\JLinkSettings.ini"
 
JLink info:
------------
DLL: V4.58a, compiled Dec  5 2012 18:38:08
Firmware: J-Link ARM V8 compiled Nov 14 2012 22:34:52
Hardware: V8.00
S/N : 959985457 
Feature(s) : RDI,FlashDL,FlashBP,JFlash,GDBFULL 
 
* JLink Info: TotalIRLen = 9, IRPrint = 0x0011
* JLink Info: TotalIRLen = 9, IRPrint = 0x0011
* JLink Info: Found Cortex-M3 r1p1, Little endian.
* JLink Info: TPIU fitted.
* JLink Info: ETM fitted.
* JLink Info: FPUnit: 6 code (BP) slots and 2 literal slots
ROMTableAddr = 0xE00FF003
* JLink Info: Found Cortex-M3 r1p1, Little endian.
* JLink Info: TPIU fitted.
* JLink Info: ETM fitted.
* JLink Info: FPUnit: 6 code (BP) slots and 2 literal slots
 
Target info:
------------
Device: STM32F103ZE
VTarget = 3.332V
State of Pins: 
TCK: 1, TDI: 0, TDO: 1, TMS: 0, TRES: 1, TRST: 1
Hardware-Breakpoints: 6
Software-Breakpoints: 8192
Watchpoints:          4
JTAG speed: 2000 kHz
 
Erase Done.
Programming Done.
Verify OK.
* JLink Info: Found Cortex-M3 r1p1, Little endian.
* JLink Info: TPIU fitted.
* JLink Info: ETM fitted.
* JLink Info: FPUnit: 6 code (BP) slots and 2 literal slots
Application running ...
Build target 'Target 1'
compiling key.c...
linking...
Program Size: Code=17678 RO-data=1586 RW-data=108 ZI-data=60140  
FromELF: creating hex file...
User command #1: C:\Keil\ARM\BIN40\fromelf.exe --bin -o ./output/MainControl.bin ./output/MainControl.axf
".\Output\MainControl.axf" - 0 Error(s), 0 Warning(s).
Build target 'Target 1'
compiling key.c...
linking...
Program Size: Code=17746 RO-data=1586 RW-data=108 ZI-data=60140  
FromELF: creating hex file...
User command #1: C:\Keil\ARM\BIN40\fromelf.exe --bin -o ./output/MainControl.bin ./output/MainControl.axf
".\Output\MainControl.axf" - 0 Error(s), 0 Warning(s).
Build target 'Target 1'
linking...
Program Size: Code=17746 RO-data=1586 RW-data=108 ZI-data=60140  
FromELF: creating hex file...
User command #1: C:\Keil\ARM\BIN40\fromelf.exe --bin -o ./output/MainControl.bin ./output/MainControl.axf
".\Output\MainControl.axf" - 0 Error(s), 0 Warning(s).
Load "D:\\02机台\\组网\\源码\\调试20180725\\Main Control_APP _20180723\\STM32_Device\\Output\\MainControl.AXF" 
* JLink Info: Device "STM32F103ZE" selected (512 KB flash, 64 KB RAM).
Set JLink Project File to "D:\02机台\组网\源码\调试20180725\Main Control_APP _20180723\STM32_Device\JLinkSettings.ini"
 
JLink info:
------------
DLL: V4.58a, compiled Dec  5 2012 18:38:08
Firmware: J-Link ARM V8 compiled Nov 14 2012 22:34:52
Hardware: V8.00
S/N : 959985457 
Feature(s) : RDI,FlashDL,FlashBP,JFlash,GDBFULL 
 
* JLink Info: TotalIRLen = 9, IRPrint = 0x0011
* JLink Info: TotalIRLen = 9, IRPrint = 0x0011
* JLink Info: Found Cortex-M3 r1p1, Little endian.
* JLink Info: TPIU fitted.
* JLink Info: ETM fitted.
* JLink Info: FPUnit: 6 code (BP) slots and 2 literal slots
ROMTableAddr = 0xE00FF003
* JLink Info: Found Cortex-M3 r1p1, Little endian.
* JLink Info: TPIU fitted.
* JLink Info: ETM fitted.
* JLink Info: FPUnit: 6 code (BP) slots and 2 literal slots
 
Target info:
------------
Device: STM32F103ZE
VTarget = 3.332V
State of Pins: 
TCK: 1, TDI: 0, TDO: 1, TMS: 0, TRES: 1, TRST: 1
Hardware-Breakpoints: 6
Software-Breakpoints: 8192
Watchpoints:          4
JTAG speed: 2000 kHz
 
Erase Done.
Programming Done.
Verify OK.
* JLink Info: Found Cortex-M3 r1p1, Little endian.
* JLink Info: TPIU fitted.
* JLink Info: ETM fitted.
* JLink Info: FPUnit: 6 code (BP) slots and 2 literal slots
Application running ...
Build target 'Target 1'
linking...
Program Size: Code=17746 RO-data=1586 RW-data=108 ZI-data=60140  
FromELF: creating hex file...
User command #1: C:\Keil\ARM\BIN40\fromelf.exe --bin -o ./output/MainControl.bin ./output/MainControl.axf
".\Output\MainControl.axf" - 0 Error(s), 0 Warning(s).
Load "D:\\02机台\\组网\\源码\\调试20180725\\Main Control_APP _20180723\\STM32_Device\\Output\\MainControl.AXF" 
* JLink Info: Device "STM32F103ZE" selected (512 KB flash, 64 KB RAM).
Set JLink Project File to "D:\02机台\组网\源码\调试20180725\Main Control_APP _20180723\STM32_Device\JLinkSettings.ini"
 
JLink info:
------------
DLL: V4.58a, compiled Dec  5 2012 18:38:08
Firmware: J-Link ARM V8 compiled Nov 14 2012 22:34:52
Hardware: V8.00
S/N : 959985457 
Feature(s) : RDI,FlashDL,FlashBP,JFlash,GDBFULL 
 
* JLink Info: TotalIRLen = 9, IRPrint = 0x0011
* JLink Info: TotalIRLen = 9, IRPrint = 0x0011
* JLink Info: Found Cortex-M3 r1p1, Little endian.
* JLink Info: TPIU fitted.
* JLink Info: ETM fitted.
* JLink Info: FPUnit: 6 code (BP) slots and 2 literal slots
ROMTableAddr = 0xE00FF003
* JLink Info: Found Cortex-M3 r1p1, Little endian.
* JLink Info: TPIU fitted.
* JLink Info: ETM fitted.
* JLink Info: FPUnit: 6 code (BP) slots and 2 literal slots
 
Target info:
------------
Device: STM32F103ZE
VTarget = 3.332V
State of Pins: 
TCK: 1, TDI: 0, TDO: 1, TMS: 0, TRES: 1, TRST: 1
Hardware-Breakpoints: 6
Software-Breakpoints: 8192
Watchpoints:          4
JTAG speed: 2000 kHz
 
Erase Done.
Programming Done.
Verify OK.
* JLink Info: Found Cortex-M3 r1p1, Little endian.
* JLink Info: TPIU fitted.
* JLink Info: ETM fitted.
* JLink Info: FPUnit: 6 code (BP) slots and 2 literal slots
Application running ...
Build target 'Target 1'
compiling main.c...
compiling stm32f10x_it.c...
compiling hw_config.c...
compiling ftcomm.c...
compiling wificomm.c...
User\src\wificomm.c(36): warning:  #550-D: variable "TableNum" was set but never used
User\src\wificomm.c:    u8 TableNum;
User\src\wificomm.c:       ^
User\src\wificomm.c: User\src\wificomm.c: 1 warning, 0 errors
compiling key.c...
linking...
Program Size: Code=17898 RO-data=1586 RW-data=108 ZI-data=60140  
FromELF: creating hex file...
User command #1: C:\Keil\ARM\BIN40\fromelf.exe --bin -o ./output/MainControl.bin ./output/MainControl.axf
".\Output\MainControl.axf" - 0 Error(s), 1 Warning(s).
Build target 'Target 1'
linking...
Program Size: Code=17898 RO-data=1586 RW-data=108 ZI-data=60140  
FromELF: creating hex file...
User command #1: C:\Keil\ARM\BIN40\fromelf.exe --bin -o ./output/MainControl.bin ./output/MainControl.axf
".\Output\MainControl.axf" - 0 Error(s), 0 Warning(s).
Load "D:\\02机台\\组网\\源码\\调试20180725\\Main Control_APP _20180723\\STM32_Device\\Output\\MainControl.AXF" 
* JLink Info: Device "STM32F103ZE" selected (512 KB flash, 64 KB RAM).
Set JLink Project File to "D:\02机台\组网\源码\调试20180725\Main Control_APP _20180723\STM32_Device\JLinkSettings.ini"
 
JLink info:
------------
DLL: V4.58a, compiled Dec  5 2012 18:38:08
Firmware: J-Link ARM V8 compiled Nov 14 2012 22:34:52
Hardware: V8.00
S/N : 959985457 
Feature(s) : RDI,FlashDL,FlashBP,JFlash,GDBFULL 
 
* JLink Info: TotalIRLen = 9, IRPrint = 0x0011
* JLink Info: TotalIRLen = 9, IRPrint = 0x0011
* JLink Info: Found Cortex-M3 r1p1, Little endian.
* JLink Info: TPIU fitted.
* JLink Info: ETM fitted.
* JLink Info: FPUnit: 6 code (BP) slots and 2 literal slots
ROMTableAddr = 0xE00FF003
* JLink Info: Found Cortex-M3 r1p1, Little endian.
* JLink Info: TPIU fitted.
* JLink Info: ETM fitted.
* JLink Info: FPUnit: 6 code (BP) slots and 2 literal slots
 
Target info:
------------
Device: STM32F103ZE
VTarget = 3.332V
State of Pins: 
TCK: 1, TDI: 0, TDO: 1, TMS: 0, TRES: 1, TRST: 1
Hardware-Breakpoints: 6
Software-Breakpoints: 8192
Watchpoints:          4
JTAG speed: 2000 kHz
 
Erase Done.
Programming Done.
Verify OK.
* JLink Info: Found Cortex-M3 r1p1, Little endian.
* JLink Info: TPIU fitted.
* JLink Info: ETM fitted.
* JLink Info: FPUnit: 6 code (BP) slots and 2 literal slots
Application running ...
Build target 'Target 1'
compiling key.c...
linking...
Program Size: Code=17890 RO-data=1586 RW-data=108 ZI-data=60140  
FromELF: creating hex file...
User command #1: C:\Keil\ARM\BIN40\fromelf.exe --bin -o ./output/MainControl.bin ./output/MainControl.axf
".\Output\MainControl.axf" - 0 Error(s), 0 Warning(s).
Build target 'Target 1'
compiling wificomm.c...
User\src\wificomm.c(36): warning:  #550-D: variable "TableNum" was set but never used
User\src\wificomm.c:    u8 TableNum;
User\src\wificomm.c:       ^
User\src\wificomm.c: User\src\wificomm.c: 1 warning, 0 errors
linking...
Program Size: Code=17878 RO-data=1586 RW-data=108 ZI-data=60140  
FromELF: creating hex file...
User command #1: C:\Keil\ARM\BIN40\fromelf.exe --bin -o ./output/MainControl.bin ./output/MainControl.axf
".\Output\MainControl.axf" - 0 Error(s), 1 Warning(s).
Build target 'Target 1'
linking...
Program Size: Code=17878 RO-data=1586 RW-data=108 ZI-data=60140  
FromELF: creating hex file...
User command #1: C:\Keil\ARM\BIN40\fromelf.exe --bin -o ./output/MainControl.bin ./output/MainControl.axf
".\Output\MainControl.axf" - 0 Error(s), 0 Warning(s).
Load "D:\\02机台\\组网\\源码\\调试20180725\\Main Control_APP _20180723\\STM32_Device\\Output\\MainControl.AXF" 
* JLink Info: Device "STM32F103ZE" selected (512 KB flash, 64 KB RAM).
Set JLink Project File to "D:\02机台\组网\源码\调试20180725\Main Control_APP _20180723\STM32_Device\JLinkSettings.ini"
 
JLink info:
------------
DLL: V4.58a, compiled Dec  5 2012 18:38:08
Firmware: J-Link ARM V8 compiled Nov 14 2012 22:34:52
Hardware: V8.00
S/N : 959985457 
Feature(s) : RDI,FlashDL,FlashBP,JFlash,GDBFULL 
 
* JLink Info: TotalIRLen = 9, IRPrint = 0x0011
* JLink Info: TotalIRLen = 9, IRPrint = 0x0011
* JLink Info: Found Cortex-M3 r1p1, Little endian.
* JLink Info: TPIU fitted.
* JLink Info: ETM fitted.
* JLink Info: FPUnit: 6 code (BP) slots and 2 literal slots
ROMTableAddr = 0xE00FF003
* JLink Info: Found Cortex-M3 r1p1, Little endian.
* JLink Info: TPIU fitted.
* JLink Info: ETM fitted.
* JLink Info: FPUnit: 6 code (BP) slots and 2 literal slots
 
Target info:
------------
Device: STM32F103ZE
VTarget = 3.332V
State of Pins: 
TCK: 1, TDI: 0, TDO: 1, TMS: 0, TRES: 1, TRST: 1
Hardware-Breakpoints: 6
Software-Breakpoints: 8192
Watchpoints:          4
JTAG speed: 2000 kHz
 
Erase Done.
Programming Done.
Verify OK.
* JLink Info: Found Cortex-M3 r1p1, Little endian.
* JLink Info: TPIU fitted.
* JLink Info: ETM fitted.
* JLink Info: FPUnit: 6 code (BP) slots and 2 literal slots
Application running ...
Build target 'Target 1'
compiling wificomm.c...
User\src\wificomm.c(36): warning:  #550-D: variable "TableNum" was set but never used
User\src\wificomm.c:    u8 TableNum;
User\src\wificomm.c:       ^
User\src\wificomm.c: User\src\wificomm.c: 1 warning, 0 errors
linking...
Program Size: Code=17738 RO-data=1586 RW-data=108 ZI-data=60140  
FromELF: creating hex file...
User command #1: C:\Keil\ARM\BIN40\fromelf.exe --bin -o ./output/MainControl.bin ./output/MainControl.axf
".\Output\MainControl.axf" - 0 Error(s), 1 Warning(s).
Build target 'Target 1'
linking...
Program Size: Code=17738 RO-data=1586 RW-data=108 ZI-data=60140  
FromELF: creating hex file...
User command #1: C:\Keil\ARM\BIN40\fromelf.exe --bin -o ./output/MainControl.bin ./output/MainControl.axf
".\Output\MainControl.axf" - 0 Error(s), 0 Warning(s).
Build target 'Target 1'
linking...
Program Size: Code=17738 RO-data=1586 RW-data=108 ZI-data=60140  
FromELF: creating hex file...
User command #1: C:\Keil\ARM\BIN40\fromelf.exe --bin -o ./output/MainControl.bin ./output/MainControl.axf
".\Output\MainControl.axf" - 0 Error(s), 0 Warning(s).
Load "D:\\02机台\\组网\\源码\\调试20180725\\Main Control_APP _20180723\\STM32_Device\\Output\\MainControl.AXF" 
* JLink Info: Device "STM32F103ZE" selected (512 KB flash, 64 KB RAM).
Set JLink Project File to "D:\02机台\组网\源码\调试20180725\Main Control_APP _20180723\STM32_Device\JLinkSettings.ini"
 
JLink info:
------------
DLL: V4.58a, compiled Dec  5 2012 18:38:08
Firmware: J-Link ARM V8 compiled Nov 14 2012 22:34:52
Hardware: V8.00
S/N : 959985457 
Feature(s) : RDI,FlashDL,FlashBP,JFlash,GDBFULL 
 
* JLink Info: TotalIRLen = 9, IRPrint = 0x0011
* JLink Info: TotalIRLen = 9, IRPrint = 0x0011
* JLink Info: Found Cortex-M3 r1p1, Little endian.
* JLink Info: TPIU fitted.
* JLink Info: ETM fitted.
* JLink Info: FPUnit: 6 code (BP) slots and 2 literal slots
ROMTableAddr = 0xE00FF003
* JLink Info: Found Cortex-M3 r1p1, Little endian.
* JLink Info: TPIU fitted.
* JLink Info: ETM fitted.
* JLink Info: FPUnit: 6 code (BP) slots and 2 literal slots
 
Target info:
------------
Device: STM32F103ZE
VTarget = 3.332V
State of Pins: 
TCK: 1, TDI: 0, TDO: 1, TMS: 0, TRES: 1, TRST: 1
Hardware-Breakpoints: 6
Software-Breakpoints: 8192
Watchpoints:          4
JTAG speed: 2000 kHz
 
Erase Done.
Programming Done.
Verify OK.
* JLink Info: Found Cortex-M3 r1p1, Little endian.
* JLink Info: TPIU fitted.
* JLink Info: ETM fitted.
* JLink Info: FPUnit: 6 code (BP) slots and 2 literal slots
Application running ...
Build target 'Target 1'
compiling key.c...
linking...
Program Size: Code=17690 RO-data=1586 RW-data=108 ZI-data=60140  
FromELF: creating hex file...
User command #1: C:\Keil\ARM\BIN40\fromelf.exe --bin -o ./output/MainControl.bin ./output/MainControl.axf
".\Output\MainControl.axf" - 0 Error(s), 0 Warning(s).
Load "D:\\02机台\\组网\\源码\\调试20180725\\Main Control_APP _20180723\\STM32_Device\\Output\\MainControl.AXF" 
* JLink Info: Device "STM32F103ZE" selected (512 KB flash, 64 KB RAM).
Set JLink Project File to "D:\02机台\组网\源码\调试20180725\Main Control_APP _20180723\STM32_Device\JLinkSettings.ini"
 
JLink info:
------------
DLL: V4.58a, compiled Dec  5 2012 18:38:08
Firmware: J-Link ARM V8 compiled Nov 14 2012 22:34:52
Hardware: V8.00
S/N : 959985457 
Feature(s) : RDI,FlashDL,FlashBP,JFlash,GDBFULL 
 
* JLink Info: TotalIRLen = 9, IRPrint = 0x0011
* JLink Info: TotalIRLen = 9, IRPrint = 0x0011
* JLink Info: Found Cortex-M3 r1p1, Little endian.
* JLink Info: TPIU fitted.
* JLink Info: ETM fitted.
* JLink Info: FPUnit: 6 code (BP) slots and 2 literal slots
ROMTableAddr = 0xE00FF003
* JLink Info: Found Cortex-M3 r1p1, Little endian.
* JLink Info: TPIU fitted.
* JLink Info: ETM fitted.
* JLink Info: FPUnit: 6 code (BP) slots and 2 literal slots
 
Target info:
------------
Device: STM32F103ZE
VTarget = 3.332V
State of Pins: 
TCK: 1, TDI: 0, TDO: 1, TMS: 0, TRES: 1, TRST: 1
Hardware-Breakpoints: 6
Software-Breakpoints: 8192
Watchpoints:          4
JTAG speed: 2000 kHz
 
Erase Done.
Programming Done.
Verify OK.
* JLink Info: Found Cortex-M3 r1p1, Little endian.
* JLink Info: TPIU fitted.
* JLink Info: ETM fitted.
* JLink Info: FPUnit: 6 code (BP) slots and 2 literal slots
Application running ...
Build target 'Target 1'
compiling ftcomm.c...
linking...
Program Size: Code=17690 RO-data=1586 RW-data=108 ZI-data=60268  
FromELF: creating hex file...
User command #1: C:\Keil\ARM\BIN40\fromelf.exe --bin -o ./output/MainControl.bin ./output/MainControl.axf
".\Output\MainControl.axf" - 0 Error(s), 0 Warning(s).
Load "D:\\02机台\\组网\\源码\\调试20180725\\Main Control_APP _20180723\\STM32_Device\\Output\\MainControl.AXF" 
* JLink Info: Device "STM32F103ZE" selected (512 KB flash, 64 KB RAM).
Set JLink Project File to "D:\02机台\组网\源码\调试20180725\Main Control_APP _20180723\STM32_Device\JLinkSettings.ini"
 
JLink info:
------------
DLL: V4.58a, compiled Dec  5 2012 18:38:08
Firmware: J-Link ARM V8 compiled Nov 14 2012 22:34:52
Hardware: V8.00
S/N : 959985457 
Feature(s) : RDI,FlashDL,FlashBP,JFlash,GDBFULL 
 
* JLink Info: TotalIRLen = 9, IRPrint = 0x0011
* JLink Info: TotalIRLen = 9, IRPrint = 0x0011
* JLink Info: Found Cortex-M3 r1p1, Little endian.
* JLink Info: TPIU fitted.
* JLink Info: ETM fitted.
* JLink Info: FPUnit: 6 code (BP) slots and 2 literal slots
ROMTableAddr = 0xE00FF003
* JLink Info: Found Cortex-M3 r1p1, Little endian.
* JLink Info: TPIU fitted.
* JLink Info: ETM fitted.
* JLink Info: FPUnit: 6 code (BP) slots and 2 literal slots
 
Target info:
------------
Device: STM32F103ZE
VTarget = 3.332V
State of Pins: 
TCK: 1, TDI: 0, TDO: 1, TMS: 0, TRES: 1, TRST: 1
Hardware-Breakpoints: 6
Software-Breakpoints: 8192
Watchpoints:          4
JTAG speed: 2000 kHz
 
Erase Done.
Programming Done.
Verify OK.
* JLink Info: Found Cortex-M3 r1p1, Little endian.
* JLink Info: TPIU fitted.
* JLink Info: ETM fitted.
* JLink Info: FPUnit: 6 code (BP) slots and 2 literal slots
Application running ...
Build target 'Target 1'
assembling startup_stm32f10x_hd.s...
linking...
Program Size: Code=17690 RO-data=1586 RW-data=108 ZI-data=60268  
FromELF: creating hex file...
User command #1: C:\Keil\ARM\BIN40\fromelf.exe --bin -o ./output/MainControl.bin ./output/MainControl.axf
".\Output\MainControl.axf" - 0 Error(s), 0 Warning(s).
Load "D:\\02机台\\组网\\源码\\调试20180725\\Main Control_APP _20180723\\STM32_Device\\Output\\MainControl.AXF" 
* JLink Info: Device "STM32F103ZE" selected (512 KB flash, 64 KB RAM).
Set JLink Project File to "D:\02机台\组网\源码\调试20180725\Main Control_APP _20180723\STM32_Device\JLinkSettings.ini"
 
JLink info:
------------
DLL: V4.58a, compiled Dec  5 2012 18:38:08
Firmware: J-Link ARM V8 compiled Nov 14 2012 22:34:52
Hardware: V8.00
S/N : 959985457 
Feature(s) : RDI,FlashDL,FlashBP,JFlash,GDBFULL 
 
* JLink Info: TotalIRLen = 9, IRPrint = 0x0011
* JLink Info: TotalIRLen = 9, IRPrint = 0x0011
* JLink Info: Found Cortex-M3 r1p1, Little endian.
* JLink Info: TPIU fitted.
* JLink Info: ETM fitted.
* JLink Info: FPUnit: 6 code (BP) slots and 2 literal slots
ROMTableAddr = 0xE00FF003
* JLink Info: Found Cortex-M3 r1p1, Little endian.
* JLink Info: TPIU fitted.
* JLink Info: ETM fitted.
* JLink Info: FPUnit: 6 code (BP) slots and 2 literal slots
 
Target info:
------------
Device: STM32F103ZE
VTarget = 3.332V
State of Pins: 
TCK: 1, TDI: 0, TDO: 1, TMS: 0, TRES: 1, TRST: 1
Hardware-Breakpoints: 6
Software-Breakpoints: 8192
Watchpoints:          4
JTAG speed: 2000 kHz
 
Erase Done.
Programming Done.
Verify OK.
* JLink Info: Found Cortex-M3 r1p1, Little endian.
* JLink Info: TPIU fitted.
* JLink Info: ETM fitted.
* JLink Info: FPUnit: 6 code (BP) slots and 2 literal slots
Application running ...
Build target 'Target 1'
compiling ftcomm.c...
linking...
Program Size: Code=17682 RO-data=1586 RW-data=108 ZI-data=60268  
FromELF: creating hex file...
User command #1: C:\Keil\ARM\BIN40\fromelf.exe --bin -o ./output/MainControl.bin ./output/MainControl.axf
".\Output\MainControl.axf" - 0 Error(s), 0 Warning(s).
Build target 'Target 1'
linking...
Program Size: Code=17682 RO-data=1586 RW-data=108 ZI-data=60268  
FromELF: creating hex file...
User command #1: C:\Keil\ARM\BIN40\fromelf.exe --bin -o ./output/MainControl.bin ./output/MainControl.axf
".\Output\MainControl.axf" - 0 Error(s), 0 Warning(s).
Load "D:\\02机台\\组网\\源码\\调试20180725\\Main Control_APP _20180723\\STM32_Device\\Output\\MainControl.AXF" 
* JLink Info: Device "STM32F103ZE" selected (512 KB flash, 64 KB RAM).
Set JLink Project File to "D:\02机台\组网\源码\调试20180725\Main Control_APP _20180723\STM32_Device\JLinkSettings.ini"
 
JLink info:
------------
DLL: V4.58a, compiled Dec  5 2012 18:38:08
Firmware: J-Link ARM V8 compiled Nov 14 2012 22:34:52
Hardware: V8.00
S/N : 959985457 
Feature(s) : RDI,FlashDL,FlashBP,JFlash,GDBFULL 
 
* JLink Info: TotalIRLen = 9, IRPrint = 0x0011
* JLink Info: TotalIRLen = 9, IRPrint = 0x0011
* JLink Info: Found Cortex-M3 r1p1, Little endian.
* JLink Info: TPIU fitted.
* JLink Info: ETM fitted.
* JLink Info: FPUnit: 6 code (BP) slots and 2 literal slots
ROMTableAddr = 0xE00FF003
* JLink Info: Found Cortex-M3 r1p1, Little endian.
* JLink Info: TPIU fitted.
* JLink Info: ETM fitted.
* JLink Info: FPUnit: 6 code (BP) slots and 2 literal slots
 
Target info:
------------
Device: STM32F103ZE
VTarget = 3.332V
State of Pins: 
TCK: 1, TDI: 0, TDO: 1, TMS: 0, TRES: 1, TRST: 1
Hardware-Breakpoints: 6
Software-Breakpoints: 8192
Watchpoints:          4
JTAG speed: 2000 kHz
 
Erase Done.
Programming Done.
Verify OK.
* JLink Info: Found Cortex-M3 r1p1, Little endian.
* JLink Info: TPIU fitted.
* JLink Info: ETM fitted.
* JLink Info: FPUnit: 6 code (BP) slots and 2 literal slots
Application running ...
Build target 'Target 1'
assembling startup_stm32f10x_hd.s...
linking...
Program Size: Code=17682 RO-data=1586 RW-data=108 ZI-data=62828  
FromELF: creating hex file...
User command #1: C:\Keil\ARM\BIN40\fromelf.exe --bin -o ./output/MainControl.bin ./output/MainControl.axf
".\Output\MainControl.axf" - 0 Error(s), 0 Warning(s).
Build target 'Target 1'
linking...
Program Size: Code=17682 RO-data=1586 RW-data=108 ZI-data=62828  
FromELF: creating hex file...
User command #1: C:\Keil\ARM\BIN40\fromelf.exe --bin -o ./output/MainControl.bin ./output/MainControl.axf
".\Output\MainControl.axf" - 0 Error(s), 0 Warning(s).
Load "D:\\02机台\\组网\\源码\\调试20180725\\Main Control_APP _20180723\\STM32_Device\\Output\\MainControl.AXF" 
* JLink Info: Device "STM32F103ZE" selected (512 KB flash, 64 KB RAM).
Set JLink Project File to "D:\02机台\组网\源码\调试20180725\Main Control_APP _20180723\STM32_Device\JLinkSettings.ini"
 
JLink info:
------------
DLL: V4.58a, compiled Dec  5 2012 18:38:08
Firmware: J-Link ARM V8 compiled Nov 14 2012 22:34:52
Hardware: V8.00
S/N : 959985457 
Feature(s) : RDI,FlashDL,FlashBP,JFlash,GDBFULL 
 
* JLink Info: TotalIRLen = 9, IRPrint = 0x0011
* JLink Info: TotalIRLen = 9, IRPrint = 0x0011
* JLink Info: Found Cortex-M3 r1p1, Little endian.
* JLink Info: TPIU fitted.
* JLink Info: ETM fitted.
* JLink Info: FPUnit: 6 code (BP) slots and 2 literal slots
ROMTableAddr = 0xE00FF003
* JLink Info: Found Cortex-M3 r1p1, Little endian.
* JLink Info: TPIU fitted.
* JLink Info: ETM fitted.
* JLink Info: FPUnit: 6 code (BP) slots and 2 literal slots
 
Target info:
------------
Device: STM32F103ZE
VTarget = 3.332V
State of Pins: 
TCK: 1, TDI: 0, TDO: 1, TMS: 0, TRES: 1, TRST: 1
Hardware-Breakpoints: 6
Software-Breakpoints: 8192
Watchpoints:          4
JTAG speed: 2000 kHz
 
Erase Done.
Programming Done.
Verify OK.
* JLink Info: Found Cortex-M3 r1p1, Little endian.
* JLink Info: TPIU fitted.
* JLink Info: ETM fitted.
* JLink Info: FPUnit: 6 code (BP) slots and 2 literal slots
Application running ...
Build target 'Target 1'
assembling startup_stm32f10x_hd.s...
linking...
Program Size: Code=17682 RO-data=1586 RW-data=108 ZI-data=60268  
FromELF: creating hex file...
User command #1: C:\Keil\ARM\BIN40\fromelf.exe --bin -o ./output/MainControl.bin ./output/MainControl.axf
".\Output\MainControl.axf" - 0 Error(s), 0 Warning(s).
Build target 'Target 1'
compiling main.c...
compiling stm32f10x_it.c...
compiling hw_config.c...
compiling ftcomm.c...
compiling wificomm.c...
User\src\wificomm.c(36): warning:  #550-D: variable "TableNum" was set but never used
User\src\wificomm.c:    u8 TableNum;
User\src\wificomm.c:       ^
User\src\wificomm.c: User\src\wificomm.c: 1 warning, 0 errors
compiling key.c...
linking...
Program Size: Code=17682 RO-data=1586 RW-data=108 ZI-data=54124  
FromELF: creating hex file...
User command #1: C:\Keil\ARM\BIN40\fromelf.exe --bin -o ./output/MainControl.bin ./output/MainControl.axf
".\Output\MainControl.axf" - 0 Error(s), 1 Warning(s).
Load "D:\\02机台\\组网\\源码\\调试20180725\\Main Control_APP _20180723\\STM32_Device\\Output\\MainControl.AXF" 
* JLink Info: Device "STM32F103ZE" selected (512 KB flash, 64 KB RAM).
Set JLink Project File to "D:\02机台\组网\源码\调试20180725\Main Control_APP _20180723\STM32_Device\JLinkSettings.ini"
 
JLink info:
------------
DLL: V4.58a, compiled Dec  5 2012 18:38:08
Firmware: J-Link ARM V8 compiled Nov 14 2012 22:34:52
Hardware: V8.00
S/N : 959985457 
Feature(s) : RDI,FlashDL,FlashBP,JFlash,GDBFULL 
 
* JLink Info: TotalIRLen = 9, IRPrint = 0x0011
* JLink Info: TotalIRLen = 9, IRPrint = 0x0011
* JLink Info: Found Cortex-M3 r1p1, Little endian.
* JLink Info: TPIU fitted.
* JLink Info: ETM fitted.
* JLink Info: FPUnit: 6 code (BP) slots and 2 literal slots
ROMTableAddr = 0xE00FF003
* JLink Info: Found Cortex-M3 r1p1, Little endian.
* JLink Info: TPIU fitted.
* JLink Info: ETM fitted.
* JLink Info: FPUnit: 6 code (BP) slots and 2 literal slots
 
Target info:
------------
Device: STM32F103ZE
VTarget = 3.332V
State of Pins: 
TCK: 1, TDI: 0, TDO: 1, TMS: 0, TRES: 1, TRST: 1
Hardware-Breakpoints: 6
Software-Breakpoints: 8192
Watchpoints:          4
JTAG speed: 2000 kHz
 
Erase Done.
Programming Done.
Verify OK.
* JLink Info: Found Cortex-M3 r1p1, Little endian.
* JLink Info: TPIU fitted.
* JLink Info: ETM fitted.
* JLink Info: FPUnit: 6 code (BP) slots and 2 literal slots
Application running ...
Build target 'Target 1'
linking...
Program Size: Code=17682 RO-data=1586 RW-data=108 ZI-data=54124  
FromELF: creating hex file...
User command #1: C:\Keil\ARM\BIN40\fromelf.exe --bin -o ./output/MainControl.bin ./output/MainControl.axf
".\Output\MainControl.axf" - 0 Error(s), 0 Warning(s).
Build target 'Target 1'
compiling main.c...
compiling fft_test.c...
User\src\fft_test.c(420): warning:  #550-D: variable "fn" was set but never used
User\src\fft_test.c:       char *fn;   /* This function is assuming non-Unicode cfg. */
User\src\fft_test.c:             ^
User\src\fft_test.c(458): warning:  #550-D: variable "fn" was set but never used
User\src\fft_test.c:    char *fn;                        
User\src\fft_test.c:          ^
User\src\fft_test.c: User\src\fft_test.c: 2 warnings, 0 errors
compiling hw_config.c...
compiling ftcomm.c...
compiling malloc.c...
linking...
Program Size: Code=17674 RO-data=1586 RW-data=108 ZI-data=12780  
FromELF: creating hex file...
User command #1: C:\Keil\ARM\BIN40\fromelf.exe --bin -o ./output/MainControl.bin ./output/MainControl.axf
".\Output\MainControl.axf" - 0 Error(s), 2 Warning(s).
Load "D:\\02机台\\组网\\源码\\调试20180725\\Main Control_APP _20180723\\STM32_Device\\Output\\MainControl.AXF" 
* JLink Info: Device "STM32F103ZE" selected (512 KB flash, 64 KB RAM).
Set JLink Project File to "D:\02机台\组网\源码\调试20180725\Main Control_APP _20180723\STM32_Device\JLinkSettings.ini"
 
JLink info:
------------
DLL: V4.58a, compiled Dec  5 2012 18:38:08
Firmware: J-Link ARM V8 compiled Nov 14 2012 22:34:52
Hardware: V8.00
S/N : 959985457 
Feature(s) : RDI,FlashDL,FlashBP,JFlash,GDBFULL 
 
* JLink Info: TotalIRLen = 9, IRPrint = 0x0011
* JLink Info: TotalIRLen = 9, IRPrint = 0x0011
* JLink Info: Found Cortex-M3 r1p1, Little endian.
* JLink Info: TPIU fitted.
* JLink Info: ETM fitted.
* JLink Info: FPUnit: 6 code (BP) slots and 2 literal slots
ROMTableAddr = 0xE00FF003
* JLink Info: Found Cortex-M3 r1p1, Little endian.
* JLink Info: TPIU fitted.
* JLink Info: ETM fitted.
* JLink Info: FPUnit: 6 code (BP) slots and 2 literal slots
 
Target info:
------------
Device: STM32F103ZE
VTarget = 3.332V
State of Pins: 
TCK: 1, TDI: 0, TDO: 1, TMS: 0, TRES: 1, TRST: 1
Hardware-Breakpoints: 6
Software-Breakpoints: 8192
Watchpoints:          4
JTAG speed: 2000 kHz
 
Erase Done.
Programming Done.
Verify OK.
* JLink Info: Found Cortex-M3 r1p1, Little endian.
* JLink Info: TPIU fitted.
* JLink Info: ETM fitted.
* JLink Info: FPUnit: 6 code (BP) slots and 2 literal slots
Application running ...
Build target 'Target 1'
compiling main.c...
compiling stm32f10x_it.c...
compiling hw_config.c...
compiling ftcomm.c...
compiling wificomm.c...
User\src\wificomm.c(36): warning:  #550-D: variable "TableNum" was set but never used
User\src\wificomm.c:    u8 TableNum;
User\src\wificomm.c:       ^
User\src\wificomm.c: User\src\wificomm.c: 1 warning, 0 errors
compiling key.c...
linking...
Program Size: Code=17674 RO-data=1586 RW-data=108 ZI-data=11756  
FromELF: creating hex file...
User command #1: C:\Keil\ARM\BIN40\fromelf.exe --bin -o ./output/MainControl.bin ./output/MainControl.axf
".\Output\MainControl.axf" - 0 Error(s), 1 Warning(s).
Build target 'Target 1'
linking...
Program Size: Code=17674 RO-data=1586 RW-data=108 ZI-data=11756  
FromELF: creating hex file...
User command #1: C:\Keil\ARM\BIN40\fromelf.exe --bin -o ./output/MainControl.bin ./output/MainControl.axf
".\Output\MainControl.axf" - 0 Error(s), 0 Warning(s).
Build target 'Target 1'
compiling main.c...
compiling fft_test.c...
User\src\fft_test.c(420): warning:  #550-D: variable "fn" was set but never used
User\src\fft_test.c:       char *fn;   /* This function is assuming non-Unicode cfg. */
User\src\fft_test.c:             ^
User\src\fft_test.c(458): warning:  #550-D: variable "fn" was set but never used
User\src\fft_test.c:    char *fn;                        
User\src\fft_test.c:          ^
User\src\fft_test.c: User\src\fft_test.c: 2 warnings, 0 errors
compiling hw_config.c...
compiling ftcomm.c...
compiling malloc.c...
linking...
Program Size: Code=17674 RO-data=1586 RW-data=108 ZI-data=11756  
FromELF: creating hex file...
User command #1: C:\Keil\ARM\BIN40\fromelf.exe --bin -o ./output/MainControl.bin ./output/MainControl.axf
".\Output\MainControl.axf" - 0 Error(s), 2 Warning(s).
Build target 'Target 1'
compiling main.c...
compiling stm32f10x_it.c...
compiling hw_config.c...
compiling ftcomm.c...
compiling wificomm.c...
User\src\wificomm.c(36): warning:  #550-D: variable "TableNum" was set but never used
User\src\wificomm.c:    u8 TableNum;
User\src\wificomm.c:       ^
User\src\wificomm.c: User\src\wificomm.c: 1 warning, 0 errors
compiling key.c...
linking...
Program Size: Code=17674 RO-data=1586 RW-data=108 ZI-data=18924  
FromELF: creating hex file...
User command #1: C:\Keil\ARM\BIN40\fromelf.exe --bin -o ./output/MainControl.bin ./output/MainControl.axf
".\Output\MainControl.axf" - 0 Error(s), 1 Warning(s).
Build target 'Target 1'
assembling startup_stm32f10x_hd.s...
linking...
Program Size: Code=17674 RO-data=1586 RW-data=108 ZI-data=21484  
FromELF: creating hex file...
User command #1: C:\Keil\ARM\BIN40\fromelf.exe --bin -o ./output/MainControl.bin ./output/MainControl.axf
".\Output\MainControl.axf" - 0 Error(s), 0 Warning(s).
Build target 'Target 1'
linking...
Program Size: Code=17674 RO-data=1586 RW-data=108 ZI-data=21484  
FromELF: creating hex file...
User command #1: C:\Keil\ARM\BIN40\fromelf.exe --bin -o ./output/MainControl.bin ./output/MainControl.axf
".\Output\MainControl.axf" - 0 Error(s), 0 Warning(s).
Load "D:\\02机台\\组网\\源码\\调试20180725\\Main Control_APP _20180723\\STM32_Device\\Output\\MainControl.AXF" 
* JLink Info: Device "STM32F103ZE" selected (512 KB flash, 64 KB RAM).
Set JLink Project File to "D:\02机台\组网\源码\调试20180725\Main Control_APP _20180723\STM32_Device\JLinkSettings.ini"
 
JLink info:
------------
DLL: V4.58a, compiled Dec  5 2012 18:38:08
Firmware: J-Link ARM V8 compiled Nov 14 2012 22:34:52
Hardware: V8.00
S/N : 959985457 
Feature(s) : RDI,FlashDL,FlashBP,JFlash,GDBFULL 
 
* JLink Info: TotalIRLen = 9, IRPrint = 0x0011
* JLink Info: TotalIRLen = 9, IRPrint = 0x0011
* JLink Info: Found Cortex-M3 r1p1, Little endian.
* JLink Info: TPIU fitted.
* JLink Info: ETM fitted.
* JLink Info: FPUnit: 6 code (BP) slots and 2 literal slots
ROMTableAddr = 0xE00FF003
* JLink Info: Found Cortex-M3 r1p1, Little endian.
* JLink Info: TPIU fitted.
* JLink Info: ETM fitted.
* JLink Info: FPUnit: 6 code (BP) slots and 2 literal slots
 
Target info:
------------
Device: STM32F103ZE
VTarget = 3.332V
State of Pins: 
TCK: 1, TDI: 0, TDO: 1, TMS: 0, TRES: 1, TRST: 1
Hardware-Breakpoints: 6
Software-Breakpoints: 8192
Watchpoints:          4
JTAG speed: 2000 kHz
 
Erase Done.
Programming Done.
Verify OK.
* JLink Info: Found Cortex-M3 r1p1, Little endian.
* JLink Info: TPIU fitted.
* JLink Info: ETM fitted.
* JLink Info: FPUnit: 6 code (BP) slots and 2 literal slots
Application running ...
Build target 'Target 1'
assembling startup_stm32f10x_hd.s...
linking...
Program Size: Code=17674 RO-data=1586 RW-data=108 ZI-data=21484  
FromELF: creating hex file...
User command #1: C:\Keil\ARM\BIN40\fromelf.exe --bin -o ./output/MainControl.bin ./output/MainControl.axf
".\Output\MainControl.axf" - 0 Error(s), 0 Warning(s).
Build target 'Target 1'
linking...
Program Size: Code=17674 RO-data=1586 RW-data=108 ZI-data=21484  
FromELF: creating hex file...
User command #1: C:\Keil\ARM\BIN40\fromelf.exe --bin -o ./output/MainControl.bin ./output/MainControl.axf
".\Output\MainControl.axf" - 0 Error(s), 0 Warning(s).
Load "D:\\02机台\\组网\\源码\\调试20180725\\Main Control_APP _20180723\\STM32_Device\\Output\\MainControl.AXF" 
* JLink Info: Device "STM32F103ZE" selected (512 KB flash, 64 KB RAM).
Set JLink Project File to "D:\02机台\组网\源码\调试20180725\Main Control_APP _20180723\STM32_Device\JLinkSettings.ini"
 
JLink info:
------------
DLL: V4.58a, compiled Dec  5 2012 18:38:08
Firmware: J-Link ARM V8 compiled Nov 14 2012 22:34:52
Hardware: V8.00
S/N : 959985457 
Feature(s) : RDI,FlashDL,FlashBP,JFlash,GDBFULL 
 
* JLink Info: TotalIRLen = 9, IRPrint = 0x0011
* JLink Info: TotalIRLen = 9, IRPrint = 0x0011
* JLink Info: Found Cortex-M3 r1p1, Little endian.
* JLink Info: TPIU fitted.
* JLink Info: ETM fitted.
* JLink Info: FPUnit: 6 code (BP) slots and 2 literal slots
ROMTableAddr = 0xE00FF003
* JLink Info: Found Cortex-M3 r1p1, Little endian.
* JLink Info: TPIU fitted.
* JLink Info: ETM fitted.
* JLink Info: FPUnit: 6 code (BP) slots and 2 literal slots
 
Target info:
------------
Device: STM32F103ZE
VTarget = 3.332V
State of Pins: 
TCK: 1, TDI: 0, TDO: 1, TMS: 0, TRES: 1, TRST: 1
Hardware-Breakpoints: 6
Software-Breakpoints: 8192
Watchpoints:          4
JTAG speed: 2000 kHz
 
Erase Done.
Programming Done.
Verify OK.
* JLink Info: Found Cortex-M3 r1p1, Little endian.
* JLink Info: TPIU fitted.
* JLink Info: ETM fitted.
* JLink Info: FPUnit: 6 code (BP) slots and 2 literal slots
Application running ...
Build target 'Target 1'
compiling ftcomm.c...
User\src\ftcomm.c(6): error:  #147: declaration is incompatible with "USART_RX USART_RX_Table[]" (declared at line 156 of ".\User\inc\ftcomm.h")
User\src\ftcomm.c:   const USART_RX USART_RX_Table[2];  //USART_RX_Table[0]表示FT接收,USART_RX_Table[1]表示Wifi接收
User\src\ftcomm.c:                  ^
User\src\ftcomm.c(40): error:  #513: a value of type "const u8 *" cannot be assigned to an entity of type "u8 *"
User\src\ftcomm.c:      pSrc=&USART_RX_Table[0].data.USART_RX_BUF[0];           //指针偏移至数据缓存区
User\src\ftcomm.c:          ^
User\src\ftcomm.c(188): error:  #513: a value of type "const u8 *" cannot be assigned to an entity of type "u8 *"
User\src\ftcomm.c:      response=&USART_RX_Table[0].data.USART_RX_BUF[0];
User\src\ftcomm.c:              ^
User\src\ftcomm.c(272): error:  #167: argument of type "const u8 *" is incompatible with parameter of type "u8 *"
User\src\ftcomm.c:                      USARTX_SendByte(UART_5,USART_RX_Table[0].data.USART_RX_BUF,USART_RX_Table[0].len); //用来测试使用
User\src\ftcomm.c:                                             ^
User\src\ftcomm.c: User\src\ftcomm.c: 0 warnings, 4 errors
Target not created
Build target 'Target 1'
compiling ftcomm.c...
User\src\ftcomm.c(6): error:  #147: declaration is incompatible with "USART_RX USART_RX_Table[]" (declared at line 156 of ".\User\inc\ftcomm.h")
User\src\ftcomm.c:   volatile USART_RX USART_RX_Table[2];       //USART_RX_Table[0]表示FT接收,USART_RX_Table[1]表示Wifi接收
User\src\ftcomm.c:                     ^
User\src\ftcomm.c(40): warning:  #513-D: a value of type "volatile u8 *" cannot be assigned to an entity of type "u8 *"
User\src\ftcomm.c:      pSrc=&USART_RX_Table[0].data.USART_RX_BUF[0];           //指针偏移至数据缓存区
User\src\ftcomm.c:          ^
User\src\ftcomm.c(188): warning:  #513-D: a value of type "volatile u8 *" cannot be assigned to an entity of type "u8 *"
User\src\ftcomm.c:      response=&USART_RX_Table[0].data.USART_RX_BUF[0];
User\src\ftcomm.c:              ^
User\src\ftcomm.c(272): warning:  #167-D: argument of type "volatile u8 *" is incompatible with parameter of type "u8 *"
User\src\ftcomm.c:                      USARTX_SendByte(UART_5,USART_RX_Table[0].data.USART_RX_BUF,USART_RX_Table[0].len); //用来测试使用
User\src\ftcomm.c:                                             ^
User\src\ftcomm.c(649): error:  #167: argument of type "volatile u8 *" is incompatible with parameter of type "const u8 *"
User\src\ftcomm.c:                              MemCopy(puf,&USART_RX_Table[0].data.USART_RX_BUF[0],len);
User\src\ftcomm.c:                                          ^
User\src\ftcomm.c: User\src\ftcomm.c: 3 warnings, 2 errors
Target not created
Build target 'Target 1'
compiling ftcomm.c...
linking...
Program Size: Code=17674 RO-data=1586 RW-data=108 ZI-data=21484  
FromELF: creating hex file...
User command #1: C:\Keil\ARM\BIN40\fromelf.exe --bin -o ./output/MainControl.bin ./output/MainControl.axf
".\Output\MainControl.axf" - 0 Error(s), 0 Warning(s).
Build target 'Target 1'
compiling main.c...
compiling stm32f10x_it.c...
compiling hw_config.c...
compiling ftcomm.c...
User\src\ftcomm.c(40): warning:  #513-D: a value of type "volatile u8 *" cannot be assigned to an entity of type "u8 *"
User\src\ftcomm.c:      pSrc=&USART_RX_Table[0].data.USART_RX_BUF[0];           //指针偏移至数据缓存区
User\src\ftcomm.c:          ^
User\src\ftcomm.c(188): warning:  #513-D: a value of type "volatile u8 *" cannot be assigned to an entity of type "u8 *"
User\src\ftcomm.c:      response=&USART_RX_Table[0].data.USART_RX_BUF[0];
User\src\ftcomm.c:              ^
User\src\ftcomm.c(272): warning:  #167-D: argument of type "volatile u8 *" is incompatible with parameter of type "u8 *"
User\src\ftcomm.c:                      USARTX_SendByte(UART_5,USART_RX_Table[0].data.USART_RX_BUF,USART_RX_Table[0].len); //用来测试使用
User\src\ftcomm.c:                                             ^
User\src\ftcomm.c(649): error:  #167: argument of type "volatile u8 *" is incompatible with parameter of type "const u8 *"
User\src\ftcomm.c:                              MemCopy(puf,&USART_RX_Table[0].data.USART_RX_BUF[0],len);
User\src\ftcomm.c:                                          ^
User\src\ftcomm.c: User\src\ftcomm.c: 3 warnings, 1 error
compiling wificomm.c...
User\src\wificomm.c(36): warning:  #550-D: variable "TableNum" was set but never used
User\src\wificomm.c:    u8 TableNum;
User\src\wificomm.c:       ^
User\src\wificomm.c: User\src\wificomm.c: 1 warning, 0 errors
compiling key.c...
Target not created
Build target 'Target 1'
compiling ftcomm.c...
User\src\ftcomm.c(40): warning:  #513-D: a value of type "volatile u8 *" cannot be assigned to an entity of type "u8 *"
User\src\ftcomm.c:      pSrc=&USART_RX_Table[0].data.USART_RX_BUF[0];           //指针偏移至数据缓存区
User\src\ftcomm.c:          ^
User\src\ftcomm.c(188): warning:  #513-D: a value of type "volatile u8 *" cannot be assigned to an entity of type "u8 *"
User\src\ftcomm.c:      response=&USART_RX_Table[0].data.USART_RX_BUF[0];
User\src\ftcomm.c:              ^
User\src\ftcomm.c(272): warning:  #167-D: argument of type "volatile u8 *" is incompatible with parameter of type "u8 *"
[...]
VTarget = 3.306V
State of Pins: 
TCK: 1, TDI: 0, TDO: 1, TMS: 0, TRES: 1, TRST: 1
Hardware-Breakpoints: 6
Software-Breakpoints: 8192
Watchpoints:          4
JTAG speed: 2000 kHz
 
Erase Done.
Programming Done.
Verify OK.
* JLink Info: Found Cortex-M3 r1p1, Little endian.
* JLink Info: TPIU fitted.
* JLink Info: ETM fitted.
* JLink Info: FPUnit: 6 code (BP) slots and 2 literal slots
Application running ...
Build target 'Target 1'
compiling wificomm.c...
User\src\wificomm.c(37): warning:  #550-D: variable "TableNum" was set but never used
User\src\wificomm.c:    u8 TableNum;
User\src\wificomm.c:       ^
User\src\wificomm.c: User\src\wificomm.c: 1 warning, 0 errors
linking...
Program Size: Code=20086 RO-data=1790 RW-data=104 ZI-data=17808  
FromELF: creating hex file...
User command #1: C:\Keil\ARM\BIN40\fromelf.exe --bin -o ./output/MainControl.bin ./output/MainControl.axf
".\Output\MainControl.axf" - 0 Error(s), 1 Warning(s).
Load "D:\\02机台\\组网\\源码\\调试20180725\\Main Control_APP _20180723\\STM32_Device\\Output\\MainControl.AXF" 
* JLink Info: Device "STM32F103ZE" selected (512 KB flash, 64 KB RAM).
Set JLink Project File to "D:\02机台\组网\源码\调试20180725\Main Control_APP _20180723\STM32_Device\JLinkSettings.ini"
 
JLink info:
------------
DLL: V4.58a, compiled Dec  5 2012 18:38:08
Firmware: J-Link ARM V8 compiled Nov 14 2012 22:34:52
Hardware: V8.00
S/N : 959985457 
Feature(s) : RDI,FlashDL,FlashBP,JFlash,GDBFULL 
 
* JLink Info: TotalIRLen = 9, IRPrint = 0x0011
* JLink Info: TotalIRLen = 9, IRPrint = 0x0011
* JLink Info: Found Cortex-M3 r1p1, Little endian.
* JLink Info: TPIU fitted.
* JLink Info: ETM fitted.
* JLink Info: FPUnit: 6 code (BP) slots and 2 literal slots
ROMTableAddr = 0xE00FF003
* JLink Info: Found Cortex-M3 r1p1, Little endian.
* JLink Info: TPIU fitted.
* JLink Info: ETM fitted.
* JLink Info: FPUnit: 6 code (BP) slots and 2 literal slots
 
Target info:
------------
Device: STM32F103ZE
VTarget = 3.313V
State of Pins: 
TCK: 1, TDI: 0, TDO: 1, TMS: 0, TRES: 1, TRST: 1
Hardware-Breakpoints: 6
Software-Breakpoints: 8192
Watchpoints:          4
JTAG speed: 2000 kHz
 
Erase Done.
Programming Done.
Verify OK.
* JLink Info: Found Cortex-M3 r1p1, Little endian.
* JLink Info: TPIU fitted.
* JLink Info: ETM fitted.
* JLink Info: FPUnit: 6 code (BP) slots and 2 literal slots
Application running ...
Build target 'Target 1'
compiling main.c...
compiling stm32f10x_it.c...
compiling hw_config.c...
compiling ftcomm.c...
compiling wificomm.c...
User\src\wificomm.c(38): warning:  #550-D: variable "TableNum" was set but never used
User\src\wificomm.c:    u8 TableNum;
User\src\wificomm.c:       ^
User\src\wificomm.c: User\src\wificomm.c: 1 warning, 0 errors
compiling key.c...
linking...
Program Size: Code=20374 RO-data=1790 RW-data=112 ZI-data=17816  
FromELF: creating hex file...
User command #1: C:\Keil\ARM\BIN40\fromelf.exe --bin -o ./output/MainControl.bin ./output/MainControl.axf
".\Output\MainControl.axf" - 0 Error(s), 1 Warning(s).
Build target 'Target 1'
linking...
Program Size: Code=20374 RO-data=1790 RW-data=112 ZI-data=17816  
FromELF: creating hex file...
User command #1: C:\Keil\ARM\BIN40\fromelf.exe --bin -o ./output/MainControl.bin ./output/MainControl.axf
".\Output\MainControl.axf" - 0 Error(s), 0 Warning(s).
Load "D:\\02机台\\组网\\源码\\调试20180725\\Main Control_APP _20180723\\STM32_Device\\Output\\MainControl.AXF" 
* JLink Info: Device "STM32F103ZE" selected (512 KB flash, 64 KB RAM).
Set JLink Project File to "D:\02机台\组网\源码\调试20180725\Main Control_APP _20180723\STM32_Device\JLinkSettings.ini"
 
JLink info:
------------
DLL: V4.58a, compiled Dec  5 2012 18:38:08
Firmware: J-Link ARM V8 compiled Nov 14 2012 22:34:52
Hardware: V8.00
S/N : 959985457 
Feature(s) : RDI,FlashDL,FlashBP,JFlash,GDBFULL 
 
* JLink Info: TotalIRLen = 9, IRPrint = 0x0011
* JLink Info: TotalIRLen = 9, IRPrint = 0x0011
* JLink Info: Found Cortex-M3 r1p1, Little endian.
* JLink Info: TPIU fitted.
* JLink Info: ETM fitted.
* JLink Info: FPUnit: 6 code (BP) slots and 2 literal slots
ROMTableAddr = 0xE00FF003
* JLink Info: Found Cortex-M3 r1p1, Little endian.
* JLink Info: TPIU fitted.
* JLink Info: ETM fitted.
* JLink Info: FPUnit: 6 code (BP) slots and 2 literal slots
 
Target info:
------------
Device: STM32F103ZE
VTarget = 3.313V
State of Pins: 
TCK: 1, TDI: 0, TDO: 1, TMS: 0, TRES: 1, TRST: 1
Hardware-Breakpoints: 6
Software-Breakpoints: 8192
Watchpoints:          4
JTAG speed: 2000 kHz
 
Erase Done.
Programming Done.
Verify OK.
* JLink Info: Found Cortex-M3 r1p1, Little endian.
* JLink Info: TPIU fitted.
* JLink Info: ETM fitted.
* JLink Info: FPUnit: 6 code (BP) slots and 2 literal slots
Application running ...
Build target 'Target 1'
compiling wificomm.c...
User\src\wificomm.c(38): warning:  #550-D: variable "TableNum" was set but never used
User\src\wificomm.c:    u8 TableNum;
User\src\wificomm.c:       ^
User\src\wificomm.c: User\src\wificomm.c: 1 warning, 0 errors
linking...
Program Size: Code=20398 RO-data=1790 RW-data=112 ZI-data=17816  
FromELF: creating hex file...
User command #1: C:\Keil\ARM\BIN40\fromelf.exe --bin -o ./output/MainControl.bin ./output/MainControl.axf
".\Output\MainControl.axf" - 0 Error(s), 1 Warning(s).
Load "D:\\02机台\\组网\\源码\\调试20180725\\Main Control_APP _20180723\\STM32_Device\\Output\\MainControl.AXF" 
* JLink Info: Device "STM32F103ZE" selected (512 KB flash, 64 KB RAM).
Set JLink Project File to "D:\02机台\组网\源码\调试20180725\Main Control_APP _20180723\STM32_Device\JLinkSettings.ini"
 
JLink info:
------------
DLL: V4.58a, compiled Dec  5 2012 18:38:08
Firmware: J-Link ARM V8 compiled Nov 14 2012 22:34:52
Hardware: V8.00
S/N : 959985457 
Feature(s) : RDI,FlashDL,FlashBP,JFlash,GDBFULL 
 
* JLink Info: TotalIRLen = 9, IRPrint = 0x0011
* JLink Info: TotalIRLen = 9, IRPrint = 0x0011
* JLink Info: Found Cortex-M3 r1p1, Little endian.
* JLink Info: TPIU fitted.
* JLink Info: ETM fitted.
* JLink Info: FPUnit: 6 code (BP) slots and 2 literal slots
ROMTableAddr = 0xE00FF003
* JLink Info: Found Cortex-M3 r1p1, Little endian.
* JLink Info: TPIU fitted.
* JLink Info: ETM fitted.
* JLink Info: FPUnit: 6 code (BP) slots and 2 literal slots
 
Target info:
------------
Device: STM32F103ZE
VTarget = 3.313V
State of Pins: 
TCK: 1, TDI: 0, TDO: 1, TMS: 0, TRES: 1, TRST: 1
Hardware-Breakpoints: 6
Software-Breakpoints: 8192
Watchpoints:          4
JTAG speed: 2000 kHz
 
Erase Done.
Programming Done.
Verify OK.
* JLink Info: Found Cortex-M3 r1p1, Little endian.
* JLink Info: TPIU fitted.
* JLink Info: ETM fitted.
* JLink Info: FPUnit: 6 code (BP) slots and 2 literal slots
Application running ...
Build target 'Target 1'
compiling wificomm.c...
User\src\wificomm.c(38): warning:  #550-D: variable "TableNum" was set but never used
User\src\wificomm.c:    u8 TableNum;
User\src\wificomm.c:       ^
User\src\wificomm.c: User\src\wificomm.c: 1 warning, 0 errors
linking...
Program Size: Code=20406 RO-data=1790 RW-data=112 ZI-data=17816  
FromELF: creating hex file...
User command #1: C:\Keil\ARM\BIN40\fromelf.exe --bin -o ./output/MainControl.bin ./output/MainControl.axf
".\Output\MainControl.axf" - 0 Error(s), 1 Warning(s).
Load "D:\\02机台\\组网\\源码\\调试20180725\\Main Control_APP _20180723\\STM32_Device\\Output\\MainControl.AXF" 
* JLink Info: Device "STM32F103ZE" selected (512 KB flash, 64 KB RAM).
Set JLink Project File to "D:\02机台\组网\源码\调试20180725\Main Control_APP _20180723\STM32_Device\JLinkSettings.ini"
 
JLink info:
------------
DLL: V4.58a, compiled Dec  5 2012 18:38:08
Firmware: J-Link ARM V8 compiled Nov 14 2012 22:34:52
Hardware: V8.00
S/N : 959985457 
Feature(s) : RDI,FlashDL,FlashBP,JFlash,GDBFULL 
 
* JLink Info: TotalIRLen = 9, IRPrint = 0x0011
* JLink Info: TotalIRLen = 9, IRPrint = 0x0011
* JLink Info: Found Cortex-M3 r1p1, Little endian.
* JLink Info: TPIU fitted.
* JLink Info: ETM fitted.
* JLink Info: FPUnit: 6 code (BP) slots and 2 literal slots
ROMTableAddr = 0xE00FF003
* JLink Info: Found Cortex-M3 r1p1, Little endian.
* JLink Info: TPIU fitted.
* JLink Info: ETM fitted.
* JLink Info: FPUnit: 6 code (BP) slots and 2 literal slots
 
Target info:
------------
Device: STM32F103ZE
VTarget = 3.313V
State of Pins: 
TCK: 1, TDI: 0, TDO: 1, TMS: 0, TRES: 1, TRST: 1
Hardware-Breakpoints: 6
Software-Breakpoints: 8192
Watchpoints:          4
JTAG speed: 2000 kHz
 
Erase Done.
Programming Done.
Verify OK.
* JLink Info: Found Cortex-M3 r1p1, Little endian.
* JLink Info: TPIU fitted.
* JLink Info: ETM fitted.
* JLink Info: FPUnit: 6 code (BP) slots and 2 literal slots
Application running ...
Build target 'Target 1'
compiling wificomm.c...
User\src\wificomm.c(38): warning:  #550-D: variable "TableNum" was set but never used
User\src\wificomm.c:    u8 TableNum;
User\src\wificomm.c:       ^
User\src\wificomm.c: User\src\wificomm.c: 1 warning, 0 errors
linking...
Program Size: Code=20418 RO-data=1790 RW-data=112 ZI-data=17816  
FromELF: creating hex file...
User command #1: C:\Keil\ARM\BIN40\fromelf.exe --bin -o ./output/MainControl.bin ./output/MainControl.axf
".\Output\MainControl.axf" - 0 Error(s), 1 Warning(s).
Load "D:\\02机台\\组网\\源码\\调试20180725\\Main Control_APP _20180723\\STM32_Device\\Output\\MainControl.AXF" 
* JLink Info: Device "STM32F103ZE" selected (512 KB flash, 64 KB RAM).
Set JLink Project File to "D:\02机台\组网\源码\调试20180725\Main Control_APP _20180723\STM32_Device\JLinkSettings.ini"
 
JLink info:
------------
DLL: V4.58a, compiled Dec  5 2012 18:38:08
Firmware: J-Link ARM V8 compiled Nov 14 2012 22:34:52
Hardware: V8.00
S/N : 959985457 
Feature(s) : RDI,FlashDL,FlashBP,JFlash,GDBFULL 
 
* JLink Info: TotalIRLen = 9, IRPrint = 0x0011
* JLink Info: TotalIRLen = 9, IRPrint = 0x0011
* JLink Info: Found Cortex-M3 r1p1, Little endian.
* JLink Info: TPIU fitted.
* JLink Info: ETM fitted.
* JLink Info: FPUnit: 6 code (BP) slots and 2 literal slots
ROMTableAddr = 0xE00FF003
* JLink Info: Found Cortex-M3 r1p1, Little endian.
* JLink Info: TPIU fitted.
* JLink Info: ETM fitted.
* JLink Info: FPUnit: 6 code (BP) slots and 2 literal slots
 
Target info:
------------
Device: STM32F103ZE
VTarget = 3.313V
State of Pins: 
TCK: 1, TDI: 0, TDO: 1, TMS: 0, TRES: 1, TRST: 1
Hardware-Breakpoints: 6
Software-Breakpoints: 8192
Watchpoints:          4
JTAG speed: 2000 kHz
 
Erase Done.
Programming Done.
Verify OK.
* JLink Info: Found Cortex-M3 r1p1, Little endian.
* JLink Info: TPIU fitted.
* JLink Info: ETM fitted.
* JLink Info: FPUnit: 6 code (BP) slots and 2 literal slots
Application running ...
Build target 'Target 1'
compiling ftcomm.c...
User\src\ftcomm.c(360): warning:  #177-D: variable "Err" was declared but never referenced
User\src\ftcomm.c:      u8 Err;
User\src\ftcomm.c:         ^
User\src\ftcomm.c: User\src\ftcomm.c: 1 warning, 0 errors
linking...
Program Size: Code=19770 RO-data=1790 RW-data=112 ZI-data=17816  
FromELF: creating hex file...
User command #1: C:\Keil\ARM\BIN40\fromelf.exe --bin -o ./output/MainControl.bin ./output/MainControl.axf
".\Output\MainControl.axf" - 0 Error(s), 1 Warning(s).
Load "D:\\02机台\\组网\\源码\\调试20180725\\Main Control_APP _20180723\\STM32_Device\\Output\\MainControl.AXF" 
* JLink Info: Device "STM32F103ZE" selected (512 KB flash, 64 KB RAM).
Set JLink Project File to "D:\02机台\组网\源码\调试20180725\Main Control_APP _20180723\STM32_Device\JLinkSettings.ini"
 
JLink info:
------------
DLL: V4.58a, compiled Dec  5 2012 18:38:08
Firmware: J-Link ARM V8 compiled Nov 14 2012 22:34:52
Hardware: V8.00
S/N : 959985457 
Feature(s) : RDI,FlashDL,FlashBP,JFlash,GDBFULL 
 
* JLink Info: TotalIRLen = 9, IRPrint = 0x0011
* JLink Info: TotalIRLen = 9, IRPrint = 0x0011
* JLink Info: Found Cortex-M3 r1p1, Little endian.
* JLink Info: TPIU fitted.
* JLink Info: ETM fitted.
* JLink Info: FPUnit: 6 code (BP) slots and 2 literal slots
ROMTableAddr = 0xE00FF003
* JLink Info: Found Cortex-M3 r1p1, Little endian.
* JLink Info: TPIU fitted.
* JLink Info: ETM fitted.
* JLink Info: FPUnit: 6 code (BP) slots and 2 literal slots
 
Target info:
------------
Device: STM32F103ZE
VTarget = 3.313V
State of Pins: 
TCK: 1, TDI: 0, TDO: 1, TMS: 0, TRES: 1, TRST: 1
Hardware-Breakpoints: 6
Software-Breakpoints: 8192
Watchpoints:          4
JTAG speed: 2000 kHz
 
Erase Done.
Programming Done.
Verify OK.
* JLink Info: Found Cortex-M3 r1p1, Little endian.
* JLink Info: TPIU fitted.
* JLink Info: ETM fitted.
* JLink Info: FPUnit: 6 code (BP) slots and 2 literal slots
Application running ...
Build target 'Target 1'
compiling ftcomm.c...
User\src\ftcomm.c(360): warning:  #177-D: variable "Err" was declared but never referenced
User\src\ftcomm.c:      u8 Err;
User\src\ftcomm.c:         ^
User\src\ftcomm.c: User\src\ftcomm.c: 1 warning, 0 errors
linking...
Program Size: Code=19770 RO-data=1790 RW-data=112 ZI-data=17816  
FromELF: creating hex file...
User command #1: C:\Keil\ARM\BIN40\fromelf.exe --bin -o ./output/MainControl.bin ./output/MainControl.axf
".\Output\MainControl.axf" - 0 Error(s), 1 Warning(s).
Load "D:\\02机台\\组网\\源码\\调试20180725\\Main Control_APP _20180723\\STM32_Device\\Output\\MainControl.AXF" 
* JLink Info: Device "STM32F103ZE" selected (512 KB flash, 64 KB RAM).
Set JLink Project File to "D:\02机台\组网\源码\调试20180725\Main Control_APP _20180723\STM32_Device\JLinkSettings.ini"
 
JLink info:
------------
DLL: V4.58a, compiled Dec  5 2012 18:38:08
Firmware: J-Link ARM V8 compiled Nov 14 2012 22:34:52
Hardware: V8.00
S/N : 959985457 
Feature(s) : RDI,FlashDL,FlashBP,JFlash,GDBFULL 
 
* JLink Info: TotalIRLen = 9, IRPrint = 0x0011
* JLink Info: TotalIRLen = 9, IRPrint = 0x0011
* JLink Info: Found Cortex-M3 r1p1, Little endian.
* JLink Info: TPIU fitted.
* JLink Info: ETM fitted.
* JLink Info: FPUnit: 6 code (BP) slots and 2 literal slots
ROMTableAddr = 0xE00FF003
* JLink Info: Found Cortex-M3 r1p1, Little endian.
* JLink Info: TPIU fitted.
* JLink Info: ETM fitted.
* JLink Info: FPUnit: 6 code (BP) slots and 2 literal slots
 
Target info:
------------
Device: STM32F103ZE
VTarget = 3.332V
State of Pins: 
TCK: 1, TDI: 0, TDO: 1, TMS: 0, TRES: 1, TRST: 1
Hardware-Breakpoints: 6
Software-Breakpoints: 8192
Watchpoints:          4
JTAG speed: 2000 kHz
 
Erase Done.
Programming Done.
Verify OK.
* JLink Info: Found Cortex-M3 r1p1, Little endian.
* JLink Info: TPIU fitted.
* JLink Info: ETM fitted.
* JLink Info: FPUnit: 6 code (BP) slots and 2 literal slots
Application running ...
Build target 'Target 1'
linking...
Program Size: Code=19770 RO-data=1790 RW-data=112 ZI-data=17816  
FromELF: creating hex file...
User command #1: C:\Keil\ARM\BIN40\fromelf.exe --bin -o ./output/MainControl.bin ./output/MainControl.axf
".\Output\MainControl.axf" - 0 Error(s), 0 Warning(s).
Build target 'Target 1'
compiling ftcomm.c...
linking...
Program Size: Code=20418 RO-data=1790 RW-data=112 ZI-data=17816  
FromELF: creating hex file...
User command #1: C:\Keil\ARM\BIN40\fromelf.exe --bin -o ./output/MainControl.bin ./output/MainControl.axf
".\Output\MainControl.axf" - 0 Error(s), 0 Warning(s).
Load "D:\\02机台\\组网\\源码\\调试20180725\\Main Control_APP _20180723\\STM32_Device\\Output\\MainControl.AXF" 
* JLink Info: Device "STM32F103ZE" selected (512 KB flash, 64 KB RAM).
Set JLink Project File to "D:\02机台\组网\源码\调试20180725\Main Control_APP _20180723\STM32_Device\JLinkSettings.ini"
 
JLink info:
------------
DLL: V4.58a, compiled Dec  5 2012 18:38:08
Firmware: J-Link ARM V8 compiled Nov 14 2012 22:34:52
Hardware: V8.00
S/N : 959985457 
Feature(s) : RDI,FlashDL,FlashBP,JFlash,GDBFULL 
 
* JLink Info: TotalIRLen = 9, IRPrint = 0x0011
* JLink Info: TotalIRLen = 9, IRPrint = 0x0011
* JLink Info: Found Cortex-M3 r1p1, Little endian.
* JLink Info: TPIU fitted.
* JLink Info: ETM fitted.
* JLink Info: FPUnit: 6 code (BP) slots and 2 literal slots
ROMTableAddr = 0xE00FF003
* JLink Info: Found Cortex-M3 r1p1, Little endian.
* JLink Info: TPIU fitted.
* JLink Info: ETM fitted.
* JLink Info: FPUnit: 6 code (BP) slots and 2 literal slots
 
Target info:
------------
Device: STM32F103ZE
VTarget = 3.332V
State of Pins: 
TCK: 1, TDI: 0, TDO: 1, TMS: 0, TRES: 1, TRST: 1
Hardware-Breakpoints: 6
Software-Breakpoints: 8192
Watchpoints:          4
JTAG speed: 2000 kHz
 
Erase Done.
Programming Done.
Verify OK.
* JLink Info: Found Cortex-M3 r1p1, Little endian.
* JLink Info: TPIU fitted.
* JLink Info: ETM fitted.
* JLink Info: FPUnit: 6 code (BP) slots and 2 literal slots
Application running ...
Build target 'Target 1'
compiling wificomm.c...
User\src\wificomm.c(38): warning:  #550-D: variable "TableNum" was set but never used
User\src\wificomm.c:    u8 TableNum;
User\src\wificomm.c:       ^
User\src\wificomm.c: User\src\wificomm.c: 1 warning, 0 errors
linking...
Program Size: Code=20418 RO-data=1790 RW-data=112 ZI-data=17816  
FromELF: creating hex file...
User command #1: C:\Keil\ARM\BIN40\fromelf.exe --bin -o ./output/MainControl.bin ./output/MainControl.axf
".\Output\MainControl.axf" - 0 Error(s), 1 Warning(s).
Load "D:\\02机台\\组网\\源码\\调试20180725\\Main Control_APP _20180723\\STM32_Device\\Output\\MainControl.AXF" 
* JLink Info: Device "STM32F103ZE" selected (512 KB flash, 64 KB RAM).
Set JLink Project File to "D:\02机台\组网\源码\调试20180725\Main Control_APP _20180723\STM32_Device\JLinkSettings.ini"
 
JLink info:
------------
DLL: V4.58a, compiled Dec  5 2012 18:38:08
Firmware: J-Link ARM V8 compiled Nov 14 2012 22:34:52
Hardware: V8.00
S/N : 959985457 
Feature(s) : RDI,FlashDL,FlashBP,JFlash,GDBFULL 
 
* JLink Info: TotalIRLen = ?, IRPrint = 0x..000000000000000000000000
* JLink Info: STM32F1xxx: Can not attach to CPU. Trying connect under reset.
* JLink Info: TotalIRLen = ?, IRPrint = 0x..000000000000000000000000
Build target 'Target 1'
linking...
Program Size: Code=20418 RO-data=1790 RW-data=112 ZI-data=17816  
FromELF: creating hex file...
User command #1: C:\Keil\ARM\BIN40\fromelf.exe --bin -o ./output/MainControl.bin ./output/MainControl.axf
".\Output\MainControl.axf" - 0 Error(s), 0 Warning(s).
Load "D:\\02机台\\组网\\源码\\调试20180725\\Main Control_APP _20180723\\STM32_Device\\Output\\MainControl.AXF" 
* JLink Info: Device "STM32F103ZE" selected (512 KB flash, 64 KB RAM).
Set JLink Project File to "D:\02机台\组网\源码\调试20180725\Main Control_APP _20180723\STM32_Device\JLinkSettings.ini"
 
JLink info:
------------
DLL: V4.58a, compiled Dec  5 2012 18:38:08
Firmware: J-Link ARM V8 compiled Nov 14 2012 22:34:52
Hardware: V8.00
S/N : 959985457 
Feature(s) : RDI,FlashDL,FlashBP,JFlash,GDBFULL 
 
* JLink Info: TotalIRLen = 9, IRPrint = 0x0011
* JLink Info: TotalIRLen = 9, IRPrint = 0x0011
* JLink Info: Found Cortex-M3 r1p1, Little endian.
* JLink Info: TPIU fitted.
* JLink Info: ETM fitted.
* JLink Info: FPUnit: 6 code (BP) slots and 2 literal slots
ROMTableAddr = 0xE00FF003
* JLink Info: Found Cortex-M3 r1p1, Little endian.
* JLink Info: TPIU fitted.
* JLink Info: ETM fitted.
* JLink Info: FPUnit: 6 code (BP) slots and 2 literal slots
 
Target info:
------------
Device: STM32F103ZE
VTarget = 3.332V
State of Pins: 
TCK: 1, TDI: 0, TDO: 1, TMS: 0, TRES: 1, TRST: 1
Hardware-Breakpoints: 6
Software-Breakpoints: 8192
Watchpoints:          4
JTAG speed: 2000 kHz
 
Erase Done.
Programming Done.
Verify OK.
* JLink Info: Found Cortex-M3 r1p1, Little endian.
* JLink Info: TPIU fitted.
* JLink Info: ETM fitted.
* JLink Info: FPUnit: 6 code (BP) slots and 2 literal slots
Application running ...
Build target 'Target 1'
compiling fft_test.c...
User\src\fft_test.c(421): warning:  #550-D: variable "fn" was set but never used
User\src\fft_test.c:       char *fn;   /* This function is assuming non-Unicode cfg. */
User\src\fft_test.c:             ^
User\src\fft_test.c(459): warning:  #550-D: variable "fn" was set but never used
User\src\fft_test.c:    char *fn;                        
User\src\fft_test.c:          ^
User\src\fft_test.c: User\src\fft_test.c: 2 warnings, 0 errors
linking...
Program Size: Code=20418 RO-data=1790 RW-data=112 ZI-data=17816  
FromELF: creating hex file...
User command #1: C:\Keil\ARM\BIN40\fromelf.exe --bin -o ./output/MainControl.bin ./output/MainControl.axf
".\Output\MainControl.axf" - 0 Error(s), 2 Warning(s).
