Component: ARM Compiler 5.06 update 6 (build 750) Tool: armlink [4d35ed]

==============================================================================

Section Cross References

    startup_stm32f10x_hd.o(RESET) refers to startup_stm32f10x_hd.o(.text) for Reset_Handler
    startup_stm32f10x_hd.o(RESET) refers to stm32f10x_it.o(i.NMI_Handler) for NMI_Handler
    startup_stm32f10x_hd.o(RESET) refers to stm32f10x_it.o(i.HardFault_Handler) for HardFault_Handler
    startup_stm32f10x_hd.o(RESET) refers to stm32f10x_it.o(i.MemManage_Handler) for MemManage_Handler
    startup_stm32f10x_hd.o(RESET) refers to stm32f10x_it.o(i.BusFault_Handler) for BusFault_Handler
    startup_stm32f10x_hd.o(RESET) refers to stm32f10x_it.o(i.UsageFault_Handler) for UsageFault_Handler
    startup_stm32f10x_hd.o(RESET) refers to stm32f10x_it.o(i.SVC_Handler) for SVC_Handler
    startup_stm32f10x_hd.o(RESET) refers to stm32f10x_it.o(i.DebugMon_Handler) for DebugMon_Handler
    startup_stm32f10x_hd.o(RESET) refers to stm32f10x_it.o(i.PendSV_Handler) for PendSV_Handler
    startup_stm32f10x_hd.o(RESET) refers to stm32f10x_it.o(i.SysTick_Handler) for SysTick_Handler
    startup_stm32f10x_hd.o(RESET) refers to stm32f10x_it.o(i.USB_LP_CAN1_RX0_IRQHandler) for USB_LP_CAN1_RX0_IRQHandler
    startup_stm32f10x_hd.o(RESET) refers to stm32f10x_it.o(i.TIM2_IRQHandler) for TIM2_IRQHandler
    startup_stm32f10x_hd.o(RESET) refers to stm32f10x_it.o(i.TIM3_IRQHandler) for TIM3_IRQHandler
    startup_stm32f10x_hd.o(RESET) refers to stm32f10x_it.o(i.USART1_IRQHandler) for USART1_IRQHandler
    startup_stm32f10x_hd.o(RESET) refers to stm32f10x_it.o(i.USART2_IRQHandler) for USART2_IRQHandler
    startup_stm32f10x_hd.o(RESET) refers to stm32f10x_it.o(i.USART3_IRQHandler) for USART3_IRQHandler
    startup_stm32f10x_hd.o(RESET) refers to stm32f10x_it.o(i.UART4_IRQHandler) for UART4_IRQHandler
    startup_stm32f10x_hd.o(RESET) refers to stm32f10x_it.o(i.UART5_IRQHandler) for UART5_IRQHandler
    startup_stm32f10x_hd.o(RESET) refers to stm32f10x_it.o(i.DMA2_Channel4_5_IRQHandler) for DMA2_Channel4_5_IRQHandler
    startup_stm32f10x_hd.o(.text) refers to startup_stm32f10x_hd.o(STACK) for __initial_sp
    startup_stm32f10x_hd.o(.text) refers to entry.o(.ARM.Collect$$$$00000000) for __main
    system_stm32f10x.o(i.SetSysClock) refers to system_stm32f10x.o(i.SetSysClockTo72) for SetSysClockTo72
    system_stm32f10x.o(i.SystemInit) refers to system_stm32f10x.o(i.SetSysClock) for SetSysClock
    main.o(i.main) refers to hw_config.o(i.Set_System) for Set_System
    main.o(i.main) refers to key.o(i.Key_Test) for Key_Test
    main.o(i.main) refers to hw_config.o(i.ErrOut) for ErrOut
    stm32f10x_it.o(i.TIM2_IRQHandler) refers to stm32f10x_tim.o(i.TIM_GetITStatus) for TIM_GetITStatus
    stm32f10x_it.o(i.TIM2_IRQHandler) refers to hw_config.o(i.Buzzer_Delay_Set) for Buzzer_Delay_Set
    stm32f10x_it.o(i.TIM2_IRQHandler) refers to ftcomm.o(i.UartX_Set_OutTime) for UartX_Set_OutTime
    stm32f10x_it.o(i.TIM2_IRQHandler) refers to stm32f10x_tim.o(i.TIM_ClearITPendingBit) for TIM_ClearITPendingBit
    stm32f10x_it.o(i.TIM2_IRQHandler) refers to key.o(.data) for TIM2_num
    stm32f10x_it.o(i.UART4_IRQHandler) refers to stm32f10x_usart.o(i.USART_GetITStatus) for USART_GetITStatus
    stm32f10x_it.o(i.UART4_IRQHandler) refers to stm32f10x_usart.o(i.USART_ClearITPendingBit) for USART_ClearITPendingBit
    stm32f10x_it.o(i.UART4_IRQHandler) refers to stm32f10x_usart.o(i.USART_ReceiveData) for USART_ReceiveData
    stm32f10x_it.o(i.UART4_IRQHandler) refers to stm32f10x_usart.o(i.USART_GetFlagStatus) for USART_GetFlagStatus
    stm32f10x_it.o(i.UART4_IRQHandler) refers to ftcomm.o(i.FtParseCmd) for FtParseCmd
    stm32f10x_it.o(i.UART4_IRQHandler) refers to ftcomm.o(.bss) for USART_RX_Table
    stm32f10x_it.o(i.UART4_IRQHandler) refers to stm32f10x_it.o(.data) for USART4_RX_Len
    stm32f10x_it.o(i.UART5_IRQHandler) refers to stm32f10x_usart.o(i.USART_GetITStatus) for USART_GetITStatus
    stm32f10x_it.o(i.UART5_IRQHandler) refers to stm32f10x_usart.o(i.USART_ClearITPendingBit) for USART_ClearITPendingBit
    stm32f10x_it.o(i.UART5_IRQHandler) refers to stm32f10x_usart.o(i.USART_ReceiveData) for USART_ReceiveData
    stm32f10x_it.o(i.UART5_IRQHandler) refers to stm32f10x_usart.o(i.USART_GetFlagStatus) for USART_GetFlagStatus
    stm32f10x_it.o(i.UART5_IRQHandler) refers to wificomm.o(i.WifiParseCmd) for WifiParseCmd
    stm32f10x_it.o(i.UART5_IRQHandler) refers to ftcomm.o(.bss) for USART_RX_Table
    stm32f10x_it.o(i.UART5_IRQHandler) refers to stm32f10x_it.o(.data) for USART5_RX_Len
    stm32f10x_it.o(i.USART1_IRQHandler) refers to stm32f10x_usart.o(i.USART_GetITStatus) for USART_GetITStatus
    stm32f10x_it.o(i.USART1_IRQHandler) refers to stm32f10x_usart.o(i.USART_ClearITPendingBit) for USART_ClearITPendingBit
    stm32f10x_it.o(i.USART1_IRQHandler) refers to stm32f10x_usart.o(i.USART_ReceiveData) for USART_ReceiveData
[...]
    i.Display_5x8_Data                       0x08000acc   Section        0  lcd.o(i.Display_5x8_Data)
    i.Display_8x16_Data                      0x08000b86   Section        0  lcd.o(i.Display_8x16_Data)
    i.Display_Data_String_5x8                0x08000c44   Section        0  lcd.o(i.Display_Data_String_5x8)
    i.Display_Roll                           0x08000c8c   Section        0  lcd.o(i.Display_Roll)
    i.Display_String_Data_8x16               0x08000cdc   Section        0  lcd.o(i.Display_String_Data_8x16)
    i.Display_String_GB2312                  0x08000d24   Section        0  lcd.o(i.Display_String_GB2312)
    i.Enable_Ft_OutTime                      0x08000e04   Section        0  ftcomm.o(i.Enable_Ft_OutTime)
    i.Enable_Ft_Work                         0x08000e30   Section        0  ftcomm.o(i.Enable_Ft_Work)
    i.ErrOut                                 0x08000e40   Section        0  hw_config.o(i.ErrOut)
    i.FT_Info_Dispaly                        0x08000e80   Section        0  wificomm.o(i.FT_Info_Dispaly)
    i.FT_Work_Dispaly                        0x08000f14   Section        0  wificomm.o(i.FT_Work_Dispaly)
    i.Fm_Readfile                            0x08000fd0   Section        0  fft_test.o(i.Fm_Readfile)
    i.Fm_Readfilesize                        0x08000ffe   Section        0  fft_test.o(i.Fm_Readfilesize)
    i.Fm_Writefile                           0x08001020   Section        0  fft_test.o(i.Fm_Writefile)
    i.Framing                                0x08001054   Section        0  wificomm.o(i.Framing)
    i.FtParseCmd                             0x0800108c   Section        0  ftcomm.o(i.FtParseCmd)
    i.Fun_Cmd_AppUpdata                      0x080010ec   Section        0  ftcomm.o(i.Fun_Cmd_AppUpdata)
    i.Fun_Cmd_FtParse                        0x08001180   Section        0  ftcomm.o(i.Fun_Cmd_FtParse)
    i.Fun_Cmd_WifiParse                      0x080011ec   Section        0  wificomm.o(i.Fun_Cmd_WifiParse)
    i.Fun_ReadFt_OutCome                     0x08001208   Section        0  ftcomm.o(i.Fun_ReadFt_OutCome)
    i.Fun_ReadFt_Status                      0x08001274   Section        0  ftcomm.o(i.Fun_ReadFt_Status)
    i.Fun_Read_ID                            0x080012fc   Section        0  wificomm.o(i.Fun_Read_ID)
    i.GPIO_Configuration                     0x08001364   Section        0  hw_config.o(i.GPIO_Configuration)
    i.GPIO_Init                              0x0800145c   Section        0  stm32f10x_gpio.o(i.GPIO_Init)
    i.GPIO_ReadInputDataBit                  0x08001572   Section        0  stm32f10x_gpio.o(i.GPIO_ReadInputDataBit)
    i.GPIO_ResetBits                         0x08001584   Section        0  stm32f10x_gpio.o(i.GPIO_ResetBits)
    i.GPIO_SetBits                           0x08001588   Section        0  stm32f10x_gpio.o(i.GPIO_SetBits)
    i.GPIO_WriteBit                          0x0800158c   Section        0  stm32f10x_gpio.o(i.GPIO_WriteBit)
    i.Get_Key                                0x08001598   Section        0  key.o(i.Get_Key)
    i.HardFault_Handler                      0x080015c4   Section        0  stm32f10x_it.o(i.HardFault_Handler)
    i.Key_Test                               0x080015c8   Section        0  key.o(i.Key_Test)
    i.LCD_Address                            0x08001618   Section        0  lcd.o(i.LCD_Address)
    i.LCD_Display_Test                       0x08001678   Section        0  lcd.o(i.LCD_Display_Test)
    i.LCD_Write_8Bit                         0x08001714   Section        0  lcd.o(i.LCD_Write_8Bit)
    i.LCD_Write_Byte                         0x08001760   Section        0  lcd.o(i.LCD_Write_Byte)
    i.LCD_init                               0x08001788   Section        0  lcd.o(i.LCD_init)
    i.LED_OFF                                0x08001950   Section        0  hw_config.o(i.LED_OFF)
    i.LED_ON                                 0x080019d4   Section        0  hw_config.o(i.LED_ON)
    i.MemCopy                                0x08001a4c   Section        0  ftcomm.o(i.MemCopy)
    i.MemManage_Handler                      0x08001a62   Section        0  stm32f10x_it.o(i.MemManage_Handler)
    i.NMI_Handler                            0x08001a66   Section        0  stm32f10x_it.o(i.NMI_Handler)
    i.NVIC_Configuration                     0x08001a68   Section        0  hw_config.o(i.NVIC_Configuration)
    i.NVIC_Init                              0x08001b1c   Section        0  misc.o(i.NVIC_Init)
    i.NVIC_PriorityGroupConfig               0x08001b8c   Section        0  misc.o(i.NVIC_PriorityGroupConfig)
    i.PendSV_Handler                         0x08001ba0   Section        0  stm32f10x_it.o(i.PendSV_Handler)
    i.RCC_APB1PeriphClockCmd                 0x08001ba4   Section        0  stm32f10x_rcc.o(i.RCC_APB1PeriphClockCmd)
    i.RCC_APB2PeriphClockCmd                 0x08001bc4   Section        0  stm32f10x_rcc.o(i.RCC_APB2PeriphClockCmd)
    i.RCC_GetClocksFreq                      0x08001be4   Section        0  stm32f10x_rcc.o(i.RCC_GetClocksFreq)
    i.Read_Buzzer_Status                     0x08001cb8   Section        0  hw_config.o(i.Read_Buzzer_Status)
    i.Read_Current_FtID                      0x08001cc4   Section        0  wificomm.o(i.Read_Current_FtID)
    i.Read_Ft_Status                         0x08001ce4   Section        0  ftcomm.o(i.Read_Ft_Status)
    i.ReloadChecksum                         0x08001cf8   Section        0  ftcomm.o(i.ReloadChecksum)
    i.SDCount                                0x08001d16   Section        0  wificomm.o(i.SDCount)
    i.SD_GetCIDRegister                      0x08001e08   Section        0  spi_sd.o(i.SD_GetCIDRegister)
    i.SD_GetCSDRegister                      0x08001f14   Section        0  spi_sd.o(i.SD_GetCSDRegister)
    i.SD_GetCardInfo                         0x08002120   Section        0  spi_sd.o(i.SD_GetCardInfo)
    i.SD_GetDataResponse                     0x08002160   Section        0  spi_sd.o(i.SD_GetDataResponse)
    i.SD_GetResponse                         0x080021ac   Section        0  spi_sd.o(i.SD_GetResponse)
    i.SD_GetSectorCount                      0x080021d0   Section        0  spi_sd.o(i.SD_GetSectorCount)
    i.SD_GoIdleState                         0x080021e4   Section        0  spi_sd.o(i.SD_GoIdleState)
    i.SD_Init                                0x08002350   Section        0  spi_sd.o(i.SD_Init)
    i.SD_LowLevel_Init                       0x0800237c   Section        0  spi_sd.o(i.SD_LowLevel_Init)
    i.SD_ReadBlock                           0x080023e0   Section        0  spi_sd.o(i.SD_ReadBlock)
    i.SD_ReadByte                            0x0800244c   Section        0  spi_sd.o(i.SD_ReadByte)
    i.SD_ReadMultiBlocks                     0x08002458   Section        0  spi_sd.o(i.SD_ReadMultiBlocks)
    i.SD_SPI_SpeedHigh                       0x080024e8   Section        0  spi_sd.o(i.SD_SPI_SpeedHigh)
    i.SD_SPI_SpeedLow                        0x080024f2   Section        0  spi_sd.o(i.SD_SPI_SpeedLow)
    i.SD_SendCmd                             0x080024fc   Section        0  spi_sd.o(i.SD_SendCmd)
    i.SD_WaitReady                           0x08002542   Section        0  spi_sd.o(i.SD_WaitReady)
    i.SD_WriteBlock                          0x08002564   Section        0  spi_sd.o(i.SD_WriteBlock)
    i.SD_WriteByte                           0x080025dc   Section        0  spi_sd.o(i.SD_WriteByte)
    i.SD_WriteMultiBlocks                    0x080025e8   Section        0  spi_sd.o(i.SD_WriteMultiBlocks)
    i.SPI2_SetSpeed                          0x08002684   Section        0  spi_sd.o(i.SPI2_SetSpeed)
    i.SPI_Cmd                                0x080026e0   Section        0  stm32f10x_spi.o(i.SPI_Cmd)
    i.SPI_FLASH_SendByte                     0x080026f8   Section        0  spi_sd.o(i.SPI_FLASH_SendByte)
    i.SPI_I2S_GetFlagStatus                  0x08002730   Section        0  stm32f10x_spi.o(i.SPI_I2S_GetFlagStatus)
    i.SPI_I2S_ReceiveData                    0x08002742   Section        0  stm32f10x_spi.o(i.SPI_I2S_ReceiveData)
    i.SPI_I2S_SendData                       0x08002748   Section        0  stm32f10x_spi.o(i.SPI_I2S_SendData)
    i.SPI_Init                               0x0800274c   Section        0  stm32f10x_spi.o(i.SPI_Init)
    i.SPI_ROM_SendByte                       0x08002788   Section        0  lcd.o(i.SPI_ROM_SendByte)
    i.SVC_Handler                            0x080027e4   Section        0  stm32f10x_it.o(i.SVC_Handler)
    i.SetSysClock                            0x080027e6   Section        0  system_stm32f10x.o(i.SetSysClock)
    SetSysClock                              0x080027e7   Thumb Code     8  system_stm32f10x.o(i.SetSysClock)
    i.SetSysClockTo72                        0x080027f0   Section        0  system_stm32f10x.o(i.SetSysClockTo72)
    SetSysClockTo72                          0x080027f1   Thumb Code   220  system_stm32f10x.o(i.SetSysClockTo72)
    i.Set_Ft_Done                            0x080028d4   Section        0  ftcomm.o(i.Set_Ft_Done)
    i.Set_Ft_Status                          0x080028f0   Section        0  ftcomm.o(i.Set_Ft_Status)
    i.Set_System                             0x08002900   Section        0  hw_config.o(i.Set_System)
    i.SysTick_Handler                        0x08002946   Section        0  stm32f10x_it.o(i.SysTick_Handler)
    i.SystemInit                             0x08002948   Section        0  system_stm32f10x.o(i.SystemInit)
    i.TIM2_IRQHandler                        0x08002998   Section        0  stm32f10x_it.o(i.TIM2_IRQHandler)
    i.TIM3_IRQHandler                        0x080029c4   Section        0  stm32f10x_it.o(i.TIM3_IRQHandler)
    i.TIM_ClearITPendingBit                  0x080029c6   Section        0  stm32f10x_tim.o(i.TIM_ClearITPendingBit)
    i.TIM_Cmd                                0x080029cc   Section        0  stm32f10x_tim.o(i.TIM_Cmd)
    i.TIM_GetITStatus                        0x080029e4   Section        0  stm32f10x_tim.o(i.TIM_GetITStatus)
    i.TIM_ITConfig                           0x08002a06   Section        0  stm32f10x_tim.o(i.TIM_ITConfig)
    i.TIM_TimeBaseInit                       0x08002a18   Section        0  stm32f10x_tim.o(i.TIM_TimeBaseInit)
    i.Test_UART3_AppUpdata                   0x08002a54   Section        0  ftcomm.o(i.Test_UART3_AppUpdata)
    i.Timer2_Configuration                   0x08002ad0   Section        0  hw_config.o(i.Timer2_Configuration)
    i.UART1_Configuration                    0x08002b1c   Section        0  hw_config.o(i.UART1_Configuration)
    i.UART2_Configuration                    0x08002bb4   Section        0  hw_config.o(i.UART2_Configuration)
    i.UART3_Configuration                    0x08002c40   Section        0  hw_config.o(i.UART3_Configuration)
    i.UART4_ClearFlag                        0x08002cd0   Section        0  hw_config.o(i.UART4_ClearFlag)
    i.UART4_Configuration                    0x08002ce0   Section        0  hw_config.o(i.UART4_Configuration)
    i.UART4_IRQHandler                       0x08002d70   Section        0  stm32f10x_it.o(i.UART4_IRQHandler)
    i.UART4_SendData                         0x08002de0   Section        0  hw_config.o(i.UART4_SendData)
    i.UART5_ClearFlag                        0x08002e10   Section        0  hw_config.o(i.UART5_ClearFlag)
    i.UART5_Configuration                    0x08002e20   Section        0  hw_config.o(i.UART5_Configuration)
    i.UART5_IRQHandler                       0x08002eb0   Section        0  stm32f10x_it.o(i.UART5_IRQHandler)
    i.UART5_SendData                         0x08002f24   Section        0  hw_config.o(i.UART5_SendData)
    i.UARTX_Configuration                    0x08002f54   Section        0  hw_config.o(i.UARTX_Configuration)
    i.UART_MemDealBack                       0x08002f78   Section        0  ftcomm.o(i.UART_MemDealBack)
    i.USART1_ClearFlag                       0x08002f8c   Section        0  hw_config.o(i.USART1_ClearFlag)
    i.USART1_IRQHandler                      0x08002f9c   Section        0  stm32f10x_it.o(i.USART1_IRQHandler)
    i.USART1_SendData                        0x0800300c   Section        0  hw_config.o(i.USART1_SendData)
    i.USART2_ClearFlag                       0x0800303c   Section        0  hw_config.o(i.USART2_ClearFlag)
    i.USART2_IRQHandler                      0x0800304c   Section        0  stm32f10x_it.o(i.USART2_IRQHandler)
    i.USART2_SendData                        0x080030bc   Section        0  hw_config.o(i.USART2_SendData)
    i.USART3_ClearFlag                       0x080030ec   Section        0  hw_config.o(i.USART3_ClearFlag)
    i.USART3_IRQHandler                      0x080030fc   Section        0  stm32f10x_it.o(i.USART3_IRQHandler)
    i.USART3_SendData                        0x0800316c   Section        0  hw_config.o(i.USART3_SendData)
    i.USARTX_ON                              0x0800319c   Section        0  hw_config.o(i.USARTX_ON)
    i.USARTX_SendByte                        0x08003274   Section        0  hw_config.o(i.USARTX_SendByte)
    i.USART_ClearFlag                        0x080032b8   Section        0  stm32f10x_usart.o(i.USART_ClearFlag)
    i.USART_ClearITPendingBit                0x080032be   Section        0  stm32f10x_usart.o(i.USART_ClearITPendingBit)
    i.USART_Cmd                              0x080032d2   Section        0  stm32f10x_usart.o(i.USART_Cmd)
    i.USART_GetFlagStatus                    0x080032ea   Section        0  stm32f10x_usart.o(i.USART_GetFlagStatus)
    i.USART_GetITStatus                      0x080032fc   Section        0  stm32f10x_usart.o(i.USART_GetITStatus)
    i.USART_ITConfig                         0x08003348   Section        0  stm32f10x_usart.o(i.USART_ITConfig)
    i.USART_Init                             0x08003388   Section        0  stm32f10x_usart.o(i.USART_Init)
    i.USART_ReceiveData                      0x08003424   Section        0  stm32f10x_usart.o(i.USART_ReceiveData)
    i.USART_SendData                         0x0800342e   Section        0  stm32f10x_usart.o(i.USART_SendData)
    i.USB_LP_CAN1_RX0_IRQHandler             0x08003436   Section        0  stm32f10x_it.o(i.USB_LP_CAN1_RX0_IRQHandler)
    i.UartX_Read_OutTime                     0x08003438   Section        0  ftcomm.o(i.UartX_Read_OutTime)
    i.UartX_Set_OutTime                      0x0800344c   Section        0  ftcomm.o(i.UartX_Set_OutTime)
    i.UsageFault_Handler                     0x080034ac   Section        0  stm32f10x_it.o(i.UsageFault_Handler)
    i.WifiParseCmd                           0x080034b0   Section        0  wificomm.o(i.WifiParseCmd)
    i.Work_Key_Scan                          0x080034e0   Section        0  key.o(i.Work_Key_Scan)
    i.Write_Read_16x16                       0x08003518   Section        0  lcd.o(i.Write_Read_16x16)
    i.Write_Read_5x8                         0x080035a8   Section        0  lcd.o(i.Write_Read_5x8)
    i.Write_Read_8x16                        0x08003624   Section        0  lcd.o(i.Write_Read_8x16)
    i.__scatterload_copy                     0x080036b4   Section       14  handlers.o(i.__scatterload_copy)
    i.__scatterload_null                     0x080036c2   Section        2  handlers.o(i.__scatterload_null)
    i.__scatterload_zeroinit                 0x080036c4   Section       14  handlers.o(i.__scatterload_zeroinit)
    i.check_fs                               0x080036d4   Section        0  ff.o(i.check_fs)
    check_fs                                 0x080036d5   Thumb Code   112  ff.o(i.check_fs)
    i.chk_chr                                0x08003750   Section        0  ff.o(i.chk_chr)
    chk_chr                                  0x08003751   Thumb Code    20  ff.o(i.chk_chr)
    i.clst2sect                              0x08003764   Section        0  ff.o(i.clst2sect)
    clst2sect                                0x08003765   Thumb Code    26  ff.o(i.clst2sect)
    i.create_chain                           0x0800377e   Section        0  ff.o(i.create_chain)
    create_chain                             0x0800377f   Thumb Code   288  ff.o(i.create_chain)
    i.create_name                            0x080038a0   Section        0  ff.o(i.create_name)
    create_name                              0x080038a1   Thumb Code   244  ff.o(i.create_name)
    i.dbc_1st                                0x080039a4   Section        0  ff.o(i.dbc_1st)
    dbc_1st                                  0x080039a5   Thumb Code    46  ff.o(i.dbc_1st)
    i.dbc_2nd                                0x080039d8   Section        0  ff.o(i.dbc_2nd)
    dbc_2nd                                  0x080039d9   Thumb Code    66  ff.o(i.dbc_2nd)
    i.dir_alloc                              0x08003a20   Section        0  ff.o(i.dir_alloc)
    dir_alloc                                0x08003a21   Thumb Code    96  ff.o(i.dir_alloc)
    i.dir_clear                              0x08003a80   Section        0  ff.o(i.dir_clear)
    dir_clear                                0x08003a81   Thumb Code    96  ff.o(i.dir_clear)
    i.dir_find                               0x08003ae0   Section        0  ff.o(i.dir_find)
    dir_find                                 0x08003ae1   Thumb Code   108  ff.o(i.dir_find)
    i.dir_next                               0x08003b4c   Section        0  ff.o(i.dir_next)
    dir_next                                 0x08003b4d   Thumb Code   198  ff.o(i.dir_next)
    i.dir_register                           0x08003c12   Section        0  ff.o(i.dir_register)
    dir_register                             0x08003c13   Thumb Code    60  ff.o(i.dir_register)
    i.dir_sdi                                0x08003c4e   Section        0  ff.o(i.dir_sdi)
    dir_sdi                                  0x08003c4f   Thumb Code   154  ff.o(i.dir_sdi)
    i.disk_initialize                        0x08003ce8   Section        0  diskio.o(i.disk_initialize)
    i.disk_ioctl                             0x08003d02   Section        0  diskio.o(i.disk_ioctl)
    i.disk_read                              0x08003d48   Section        0  diskio.o(i.disk_read)
    i.disk_status                            0x08003d7a   Section        0  diskio.o(i.disk_status)
    i.disk_write                             0x08003d80   Section        0  diskio.o(i.disk_write)
    i.exfuns_init                            0x08003db4   Section        0  fft_test.o(i.exfuns_init)
    i.f_close                                0x08003e18   Section        0  ff.o(i.f_close)
    i.f_lseek                                0x08003e3a   Section        0  ff.o(i.f_lseek)
    i.f_mount                                0x08003fc0   Section        0  ff.o(i.f_mount)
    i.f_open                                 0x08004014   Section        0  ff.o(i.f_open)
    i.f_read                                 0x080041f8   Section        0  ff.o(i.f_read)
    i.f_sync                                 0x08004394   Section        0  ff.o(i.f_sync)
    i.f_write                                0x08004434   Section        0  ff.o(i.f_write)
    i.find_volume                            0x08004614   Section        0  ff.o(i.find_volume)
    find_volume                              0x08004615   Thumb Code   758  ff.o(i.find_volume)
    i.follow_path                            0x08004920   Section        0  ff.o(i.follow_path)
    follow_path                              0x08004921   Thumb Code   158  ff.o(i.follow_path)
    i.get_fat                                0x080049be   Section        0  ff.o(i.get_fat)
    get_fat                                  0x080049bf   Thumb Code   224  ff.o(i.get_fat)
    i.get_fattime                            0x08004a9e   Section        0  diskio.o(i.get_fattime)
    i.get_ldnumber                           0x08004aa2   Section        0  ff.o(i.get_ldnumber)
    get_ldnumber                             0x08004aa3   Thumb Code    78  ff.o(i.get_ldnumber)
    i.keyscan                                0x08004af0   Section        0  key.o(i.keyscan)
    i.ld_clust                               0x08004bc4   Section        0  ff.o(i.ld_clust)
    ld_clust                                 0x08004bc5   Thumb Code    38  ff.o(i.ld_clust)
    i.ld_dword                               0x08004bea   Section        0  ff.o(i.ld_dword)
    ld_dword                                 0x08004beb   Thumb Code    24  ff.o(i.ld_dword)
    i.ld_word                                0x08004c02   Section        0  ff.o(i.ld_word)
    ld_word                                  0x08004c03   Thumb Code    12  ff.o(i.ld_word)
    i.main                                   0x08004c0e   Section        0  main.o(i.main)
    i.mem_cmp                                0x08004c1e   Section        0  ff.o(i.mem_cmp)
    mem_cmp                                  0x08004c1f   Thumb Code    36  ff.o(i.mem_cmp)
    i.mem_cpy                                0x08004c42   Section        0  ff.o(i.mem_cpy)
    mem_cpy                                  0x08004c43   Thumb Code    26  ff.o(i.mem_cpy)
    i.mem_init                               0x08004c5c   Section        0  malloc.o(i.mem_init)
    i.mem_malloc                             0x08004c88   Section        0  malloc.o(i.mem_malloc)
    i.mem_perused                            0x08004d00   Section        0  malloc.o(i.mem_perused)
    i.mem_set                                0x08004d28   Section        0  ff.o(i.mem_set)
    mem_set                                  0x08004d29   Thumb Code    18  ff.o(i.mem_set)
    i.mf_close                               0x08004d3c   Section        0  fft_test.o(i.mf_close)
    i.mf_ftfsInit                            0x08004d50   Section        0  fft_test.o(i.mf_ftfsInit)
    i.mf_lseek                               0x08004d74   Section        0  fft_test.o(i.mf_lseek)
    i.mf_open                                0x08004d88   Section        0  fft_test.o(i.mf_open)
    i.mf_read                                0x08004da4   Section        0  fft_test.o(i.mf_read)
    i.mf_size                                0x08004e6c   Section        0  fft_test.o(i.mf_size)
    i.mf_write                               0x08004e78   Section        0  fft_test.o(i.mf_write)
    i.move_window                            0x08004e9c   Section        0  ff.o(i.move_window)
    move_window                              0x08004e9d   Thumb Code    52  ff.o(i.move_window)
    i.mymalloc                               0x08004ed0   Section        0  malloc.o(i.mymalloc)
    i.mymemset                               0x08004ef0   Section        0  malloc.o(i.mymemset)
    i.put_fat                                0x08004f04   Section        0  ff.o(i.put_fat)
    put_fat                                  0x08004f05   Thumb Code   312  ff.o(i.put_fat)
    i.remove_chain                           0x0800503c   Section        0  ff.o(i.remove_chain)
    remove_chain                             0x0800503d   Thumb Code   154  ff.o(i.remove_chain)
    i.st_clust                               0x080050d6   Section        0  ff.o(i.st_clust)
    st_clust                                 0x080050d7   Thumb Code    36  ff.o(i.st_clust)
    i.st_dword                               0x080050fa   Section        0  ff.o(i.st_dword)
    st_dword                                 0x080050fb   Thumb Code    24  ff.o(i.st_dword)
    i.st_word                                0x08005112   Section        0  ff.o(i.st_word)
    st_word                                  0x08005113   Thumb Code    12  ff.o(i.st_word)
    i.sync_fs                                0x08005120   Section        0  ff.o(i.sync_fs)
    sync_fs                                  0x08005121   Thumb Code   134  ff.o(i.sync_fs)
    i.sync_window                            0x080051b0   Section        0  ff.o(i.sync_window)
    sync_window                              0x080051b1   Thumb Code    74  ff.o(i.sync_window)
    i.validate                               0x080051fa   Section        0  ff.o(i.validate)
    validate                                 0x080051fb   Thumb Code    60  ff.o(i.validate)
    .constdata                               0x08005236   Section     1060  fft_test.o(.constdata)
    .constdata                               0x0800565c   Section       40  hw_config.o(.constdata)
    .constdata                               0x08005684   Section      295  ftcomm.o(.constdata)
    .constdata                               0x080057ac   Section       40  wificomm.o(.constdata)
    .constdata                               0x080057d4   Section       56  ff.o(.constdata)
    DbcTbl                                   0x080057d4   Data          10  ff.o(.constdata)
    badchr                                   0x080057de   Data          18  ff.o(.constdata)
    cst                                      0x080057f0   Data          14  ff.o(.constdata)
    cst32                                    0x080057fe   Data          14  ff.o(.constdata)
    .data                                    0x20000000   Section       10  stm32f10x_it.o(.data)
    USART1_RX_Len                            0x20000000   Data           2  stm32f10x_it.o(.data)
    USART2_RX_Len                            0x20000002   Data           2  stm32f10x_it.o(.data)
    USART3_RX_Len                            0x20000004   Data           2  stm32f10x_it.o(.data)
    USART4_RX_Len                            0x20000006   Data           2  stm32f10x_it.o(.data)
    USART5_RX_Len                            0x20000008   Data           2  stm32f10x_it.o(.data)
    .data                                    0x2000000c   Section       24  fft_test.o(.data)
    .data                                    0x20000024   Section        5  hw_config.o(.data)
    .data                                    0x20000029   Section        9  ftcomm.o(.data)
    CMD_FT_STATUS_Flag                       0x2000002a   Data           4  ftcomm.o(.data)
    Ft_Status                                0x2000002e   Data           4  ftcomm.o(.data)
    .data                                    0x20000034   Section        4  wificomm.o(.data)
    PassCnt                                  0x20000034   Data           4  wificomm.o(.data)
    .data                                    0x20000038   Section        7  key.o(.data)
    Key_State                                0x20000039   Data           1  key.o(.data)
    Key_Prev                                 0x2000003a   Data           1  key.o(.data)
    Key_Delay                                0x2000003c   Data           2  key.o(.data)
    Key_Series                               0x2000003e   Data           1  key.o(.data)
    .data                                    0x2000003f   Section       20  stm32f10x_rcc.o(.data)
    APBAHBPrescTable                         0x2000003f   Data          16  stm32f10x_rcc.o(.data)
    ADCPrescTable                            0x2000004f   Data           4  stm32f10x_rcc.o(.data)
    .data                                    0x20000054   Section       20  malloc.o(.data)
    .data                                    0x20000068   Section        6  ff.o(.data)
    FatFs                                    0x20000068   Data           4  ff.o(.data)
    Fsid                                     0x2000006c   Data           2  ff.o(.data)
    .data                                    0x2000006e   Section        1  wifi.o(.data)
    .bss                                     0x20000070   Section     4170  fft_test.o(.bss)
    .bss                                     0x200010ba   Section     8270  ftcomm.o(.bss)
    .bss                                     0x20003108   Section     4096  wificomm.o(.bss)
    .bss                                     0x20004108   Section     4352  malloc.o(.bss)
    .bss                                     0x20005208   Section       16  wifi.o(.bss)
    STACK                                    0x20005218   Section     1024  startup_stm32f10x_hd.o(STACK)

    Global Symbols

    Symbol Name                              Value     Ov Type        Size  Object(Section)

    BuildAttributes$$THM_ISAv4$P$D$K$B$S$PE$A:L22UL41UL21$X:L11$S22US41US21$IEEE1$IW$USESV6$~STKCKD$USESV7$~SHL$OSPACE$EBA8$MICROLIB$REQ8$PRES8$EABIv2 0x00000000   Number         0  anon$$obj.o ABSOLUTE
    __ARM_use_no_argv                        0x00000000   Number         0  main.o ABSOLUTE
    __cpp_initialize__aeabi_                  - Undefined Weak Reference
    __cxa_finalize                            - Undefined Weak Reference
    __decompress                              - Undefined Weak Reference
    _clock_init                               - Undefined Weak Reference
    _microlib_exit                            - Undefined Weak Reference
    __Vectors_Size                           0x00000130   Number         0  startup_stm32f10x_hd.o ABSOLUTE
    __Vectors                                0x08000000   Data           4  startup_stm32f10x_hd.o(RESET)
    __Vectors_End                            0x08000130   Data           0  startup_stm32f10x_hd.o(RESET)
    __main                                   0x08000131   Thumb Code     0  entry.o(.ARM.Collect$$$$00000000)
    _main_stk                                0x08000131   Thumb Code     0  entry2.o(.ARM.Collect$$$$00000001)
    _main_scatterload                        0x08000135   Thumb Code     0  entry5.o(.ARM.Collect$$$$00000004)
    __main_after_scatterload                 0x08000139   Thumb Code     0  entry5.o(.ARM.Collect$$$$00000004)
    _main_clock                              0x08000139   Thumb Code     0  entry7b.o(.ARM.Collect$$$$00000008)
    _main_cpp_init                           0x08000139   Thumb Code     0  entry8b.o(.ARM.Collect$$$$0000000A)
    _main_init                               0x08000139   Thumb Code     0  entry9a.o(.ARM.Collect$$$$0000000B)
    __rt_final_cpp                           0x08000141   Thumb Code     0  entry10a.o(.ARM.Collect$$$$0000000D)
    __rt_final_exit                          0x08000141   Thumb Code     0  entry11a.o(.ARM.Collect$$$$0000000F)
    SystemInit_ExtMemCtl                     0x08000145   Thumb Code     2  startup_stm32f10x_hd.o(.text)
    Reset_Handler                            0x08000147   Thumb Code    14  startup_stm32f10x_hd.o(.text)
    ADC1_2_IRQHandler                        0x08000167   Thumb Code     0  startup_stm32f10x_hd.o(.text)
    ADC3_IRQHandler                          0x08000167   Thumb Code     0  startup_stm32f10x_hd.o(.text)
    CAN1_RX1_IRQHandler                      0x08000167   Thumb Code     0  startup_stm32f10x_hd.o(.text)
    CAN1_SCE_IRQHandler                      0x08000167   Thumb Code     0  startup_stm32f10x_hd.o(.text)
    DMA1_Channel1_IRQHandler                 0x08000167   Thumb Code     0  startup_stm32f10x_hd.o(.text)
    DMA1_Channel2_IRQHandler                 0x08000167   Thumb Code     0  startup_stm32f10x_hd.o(.text)
    DMA1_Channel3_IRQHandler                 0x08000167   Thumb Code     0  startup_stm32f10x_hd.o(.text)
    DMA1_Channel4_IRQHandler                 0x08000167   Thumb Code     0  startup_stm32f10x_hd.o(.text)
    DMA1_Channel5_IRQHandler                 0x08000167   Thumb Code     0  startup_stm32f10x_hd.o(.text)
    DMA1_Channel6_IRQHandler                 0x08000167   Thumb Code     0  startup_stm32f10x_hd.o(.text)
    DMA1_Channel7_IRQHandler                 0x08000167   Thumb Code     0  startup_stm32f10x_hd.o(.text)
    DMA2_Channel1_IRQHandler                 0x08000167   Thumb Code     0  startup_stm32f10x_hd.o(.text)
    DMA2_Channel2_IRQHandler                 0x08000167   Thumb Code     0  startup_stm32f10x_hd.o(.text)
    DMA2_Channel3_IRQHandler                 0x08000167   Thumb Code     0  startup_stm32f10x_hd.o(.text)
    EXTI0_IRQHandler                         0x08000167   Thumb Code     0  startup_stm32f10x_hd.o(.text)
    EXTI15_10_IRQHandler                     0x08000167   Thumb Code     0  startup_stm32f10x_hd.o(.text)
    EXTI1_IRQHandler                         0x08000167   Thumb Code     0  startup_stm32f10x_hd.o(.text)
    EXTI2_IRQHandler                         0x08000167   Thumb Code     0  startup_stm32f10x_hd.o(.text)
    EXTI3_IRQHandler                         0x08000167   Thumb Code     0  startup_stm32f10x_hd.o(.text)
    EXTI4_IRQHandler                         0x08000167   Thumb Code     0  startup_stm32f10x_hd.o(.text)
    EXTI9_5_IRQHandler                       0x08000167   Thumb Code     0  startup_stm32f10x_hd.o(.text)
    FLASH_IRQHandler                         0x08000167   Thumb Code     0  startup_stm32f10x_hd.o(.text)
    FSMC_IRQHandler                          0x08000167   Thumb Code     0  startup_stm32f10x_hd.o(.text)
    I2C1_ER_IRQHandler                       0x08000167   Thumb Code     0  startup_stm32f10x_hd.o(.text)
    I2C1_EV_IRQHandler                       0x08000167   Thumb Code     0  startup_stm32f10x_hd.o(.text)
    I2C2_ER_IRQHandler                       0x08000167   Thumb Code     0  startup_stm32f10x_hd.o(.text)
    I2C2_EV_IRQHandler                       0x08000167   Thumb Code     0  startup_stm32f10x_hd.o(.text)
    PVD_IRQHandler                           0x08000167   Thumb Code     0  startup_stm32f10x_hd.o(.text)
    RCC_IRQHandler                           0x08000167   Thumb Code     0  startup_stm32f10x_hd.o(.text)
    RTCAlarm_IRQHandler                      0x08000167   Thumb Code     0  startup_stm32f10x_hd.o(.text)
    RTC_IRQHandler                           0x08000167   Thumb Code     0  startup_stm32f10x_hd.o(.text)
    SDIO_IRQHandler                          0x08000167   Thumb Code     0  startup_stm32f10x_hd.o(.text)
    SPI1_IRQHandler                          0x08000167   Thumb Code     0  startup_stm32f10x_hd.o(.text)
    SPI2_IRQHandler                          0x08000167   Thumb Code     0  startup_stm32f10x_hd.o(.text)
    SPI3_IRQHandler                          0x08000167   Thumb Code     0  startup_stm32f10x_hd.o(.text)
    TAMPER_IRQHandler                        0x08000167   Thumb Code     0  startup_stm32f10x_hd.o(.text)
    TIM1_BRK_IRQHandler                      0x08000167   Thumb Code     0  startup_stm32f10x_hd.o(.text)
    TIM1_CC_IRQHandler                       0x08000167   Thumb Code     0  startup_stm32f10x_hd.o(.text)
    TIM1_TRG_COM_IRQHandler                  0x08000167   Thumb Code     0  startup_stm32f10x_hd.o(.text)
    TIM1_UP_IRQHandler                       0x08000167   Thumb Code     0  startup_stm32f10x_hd.o(.text)
    TIM4_IRQHandler                          0x08000167   Thumb Code     0  startup_stm32f10x_hd.o(.text)
    TIM5_IRQHandler                          0x08000167   Thumb Code     0  startup_stm32f10x_hd.o(.text)
    TIM6_IRQHandler                          0x08000167   Thumb Code     0  startup_stm32f10x_hd.o(.text)
    TIM7_IRQHandler                          0x08000167   Thumb Code     0  startup_stm32f10x_hd.o(.text)
    TIM8_BRK_IRQHandler                      0x08000167   Thumb Code     0  startup_stm32f10x_hd.o(.text)
    TIM8_CC_IRQHandler                       0x08000167   Thumb Code     0  startup_stm32f10x_hd.o(.text)
    TIM8_TRG_COM_IRQHandler                  0x08000167   Thumb Code     0  startup_stm32f10x_hd.o(.text)
    TIM8_UP_IRQHandler                       0x08000167   Thumb Code     0  startup_stm32f10x_hd.o(.text)
    USBWakeUp_IRQHandler                     0x08000167   Thumb Code     0  startup_stm32f10x_hd.o(.text)
    USB_HP_CAN1_TX_IRQHandler                0x08000167   Thumb Code     0  startup_stm32f10x_hd.o(.text)
    WWDG_IRQHandler                          0x08000167   Thumb Code     0  startup_stm32f10x_hd.o(.text)
    __scatterload                            0x08000175   Thumb Code    28  init.o(.text)
    __scatterload_rt2                        0x08000175   Thumb Code     0  init.o(.text)
    APP_ReadOutCome                          0x08000199   Thumb Code    48  ftcomm.o(i.APP_ReadOutCome)
    APP_ReadStatus                           0x080001c9   Thumb Code    50  ftcomm.o(i.APP_ReadStatus)
    APP_Readback_MulData                     0x080001fd   Thumb Code   110  ftcomm.o(i.APP_Readback_MulData)
    APP_Readback_MulStatus                   0x08000275   Thumb Code   114  ftcomm.o(i.APP_Readback_MulStatus)
    APP_Readback_Status                      0x080002f1   Thumb Code   102  ftcomm.o(i.APP_Readback_Status)
    APP_RepReadID                            0x08000361   Thumb Code    48  wificomm.o(i.APP_RepReadID)
    APP_RepReadOutCome                       0x08000391   Thumb Code    48  ftcomm.o(i.APP_RepReadOutCome)
    APP_RepReadStatus                        0x080003c1   Thumb Code    48  ftcomm.o(i.APP_RepReadStatus)
    APP_RepResetAPP                          0x080003f1   Thumb Code    48  ftcomm.o(i.APP_RepResetAPP)
    APP_RepResetIAP                          0x08000421   Thumb Code    54  ftcomm.o(i.APP_RepResetIAP)
    APP_RepSendCfg                           0x08000457   Thumb Code    48  ftcomm.o(i.APP_RepSendCfg)
    APP_ResetAPP                             0x08000487   Thumb Code    48  ftcomm.o(i.APP_ResetAPP)
    APP_ResetIAP                             0x080004b7   Thumb Code    48  ftcomm.o(i.APP_ResetIAP)
    APP_SendCfg                              0x080004e9   Thumb Code    62  ftcomm.o(i.APP_SendCfg)
    APP_SendPackage                          0x08000531   Thumb Code    50  ftcomm.o(i.APP_SendPackage)
    App_LoadCode                             0x08000565   Thumb Code    34  ftcomm.o(i.App_LoadCode)
    App_SendCode                             0x0800058d   Thumb Code   254  ftcomm.o(i.App_SendCode)
    BufferAdd                                0x08000695   Thumb Code    24  fft_test.o(i.BufferAdd)
    BusFault_Handler                         0x080006ad   Thumb Code     4  stm32f10x_it.o(i.BusFault_Handler)
    Buzzer_Delay_Set                         0x080006b1   Thumb Code    52  hw_config.o(i.Buzzer_Delay_Set)
    Buzzer_Out                               0x080006ed   Thumb Code    54  hw_config.o(i.Buzzer_Out)
    CMD_ReadDataRight                        0x0800072d   Thumb Code    16  wificomm.o(i.CMD_ReadDataRight)
    CMD_ReadHandle                           0x08000751   Thumb Code    14  wificomm.o(i.CMD_ReadHandle)
    CMD_WiFiHandle                           0x08000761   Thumb Code    68  wificomm.o(i.CMD_WiFiHandle)
    CalCheckSum                              0x080007ad   Thumb Code    26  ftcomm.o(i.CalCheckSum)
    Check_Data                               0x080007c7   Thumb Code    60  ftcomm.o(i.Check_Data)
    Checksum                                 0x08000803   Thumb Code    28  ftcomm.o(i.Checksum)
    Clear_Ft_Status                          0x08000821   Thumb Code    14  ftcomm.o(i.Clear_Ft_Status)
    Clear_Screen                             0x08000835   Thumb Code    84  lcd.o(i.Clear_Screen)
    DMA2_Channel4_5_IRQHandler               0x08000889   Thumb Code     2  stm32f10x_it.o(i.DMA2_Channel4_5_IRQHandler)
    DebugMon_Handler                         0x0800088b   Thumb Code     2  stm32f10x_it.o(i.DebugMon_Handler)
    Delay                                    0x0800088d   Thumb Code    10  hw_config.o(i.Delay)
    Delay_MS                                 0x08000897   Thumb Code    30  hw_config.o(i.Delay_MS)
    Disable_Ft_OutTime                       0x080008b5   Thumb Code    32  ftcomm.o(i.Disable_Ft_OutTime)
    Dispaly_5x8_char                         0x080008d9   Thumb Code    54  lcd.o(i.Dispaly_5x8_char)
    Dispaly_5x8_string                       0x08000915   Thumb Code    78  lcd.o(i.Dispaly_5x8_string)
    Dispaly_8x16_char                        0x08000969   Thumb Code    54  lcd.o(i.Dispaly_8x16_char)
    Dispaly_8x16_string                      0x080009a5   Thumb Code    80  lcd.o(i.Dispaly_8x16_string)
    Dispaly_Ft_ID                            0x080009f9   Thumb Code   188  wificomm.o(i.Dispaly_Ft_ID)
    Display_5x8_Data                         0x08000acd   Thumb Code   186  lcd.o(i.Display_5x8_Data)
    Display_8x16_Data                        0x08000b87   Thumb Code   190  lcd.o(i.Display_8x16_Data)
    Display_Data_String_5x8                  0x08000c45   Thumb Code    72  lcd.o(i.Display_Data_String_5x8)
    Display_Roll                             0x08000c8d   Thumb Code    76  lcd.o(i.Display_Roll)
    Display_String_Data_8x16                 0x08000cdd   Thumb Code    70  lcd.o(i.Display_String_Data_8x16)
    Display_String_GB2312                    0x08000d25   Thumb Code   220  lcd.o(i.Display_String_GB2312)
    Enable_Ft_OutTime                        0x08000e05   Thumb Code    38  ftcomm.o(i.Enable_Ft_OutTime)
    Enable_Ft_Work                           0x08000e31   Thumb Code    12  ftcomm.o(i.Enable_Ft_Work)
    ErrOut                                   0x08000e41   Thumb Code    58  hw_config.o(i.ErrOut)
    FT_Info_Dispaly                          0x08000e81   Thumb Code    66  wificomm.o(i.FT_Info_Dispaly)
    FT_Work_Dispaly                          0x08000f15   Thumb Code   150  wificomm.o(i.FT_Work_Dispaly)
    Fm_Readfile                              0x08000fd1   Thumb Code    46  fft_test.o(i.Fm_Readfile)
    Fm_Readfilesize                          0x08000fff   Thumb Code    34  fft_test.o(i.Fm_Readfilesize)
    Fm_Writefile                             0x08001021   Thumb Code    52  fft_test.o(i.Fm_Writefile)
    Framing                                  0x08001055   Thumb Code    50  wificomm.o(i.Framing)
    FtParseCmd                               0x0800108d   Thumb Code    86  ftcomm.o(i.FtParseCmd)
    Fun_Cmd_AppUpdata                        0x080010ed   Thumb Code   134  ftcomm.o(i.Fun_Cmd_AppUpdata)
    Fun_Cmd_FtParse                          0x08001181   Thumb Code   102  ftcomm.o(i.Fun_Cmd_FtParse)
    Fun_Cmd_WifiParse                        0x080011ed   Thumb Code    24  wificomm.o(i.Fun_Cmd_WifiParse)
    Fun_ReadFt_OutCome                       0x08001209   Thumb Code    94  ftcomm.o(i.Fun_ReadFt_OutCome)
    Fun_ReadFt_Status                        0x08001275   Thumb Code   128  ftcomm.o(i.Fun_ReadFt_Status)
    Fun_Read_ID                              0x080012fd   Thumb Code   100  wificomm.o(i.Fun_Read_ID)
    GPIO_Configuration                       0x08001365   Thumb Code   232  hw_config.o(i.GPIO_Configuration)
    GPIO_Init                                0x0800145d   Thumb Code   278  stm32f10x_gpio.o(i.GPIO_Init)
    GPIO_ReadInputDataBit                    0x08001573   Thumb Code    18  stm32f10x_gpio.o(i.GPIO_ReadInputDataBit)
    GPIO_ResetBits                           0x08001585   Thumb Code     4  stm32f10x_gpio.o(i.GPIO_ResetBits)
    GPIO_SetBits                             0x08001589   Thumb Code     4  stm32f10x_gpio.o(i.GPIO_SetBits)
    GPIO_WriteBit                            0x0800158d   Thumb Code    10  stm32f10x_gpio.o(i.GPIO_WriteBit)
    Get_Key                                  0x08001599   Thumb Code    38  key.o(i.Get_Key)
    HardFault_Handler                        0x080015c5   Thumb Code     4  stm32f10x_it.o(i.HardFault_Handler)
    Key_Test                                 0x080015c9   Thumb Code    80  key.o(i.Key_Test)
    LCD_Address                              0x08001619   Thumb Code    96  lcd.o(i.LCD_Address)
    LCD_Display_Test                         0x08001679   Thumb Code   116  lcd.o(i.LCD_Display_Test)
    LCD_Write_8Bit                           0x08001715   Thumb Code    70  lcd.o(i.LCD_Write_8Bit)
    LCD_Write_Byte                           0x08001761   Thumb Code    32  lcd.o(i.LCD_Write_Byte)
    LCD_init                                 0x08001789   Thumb Code   446  lcd.o(i.LCD_init)
    LED_OFF                                  0x08001951   Thumb Code   126  hw_config.o(i.LED_OFF)
    LED_ON                                   0x080019d5   Thumb Code   114  hw_config.o(i.LED_ON)
    MemCopy                                  0x08001a4d   Thumb Code    22  ftcomm.o(i.MemCopy)
    MemManage_Handler                        0x08001a63   Thumb Code     4  stm32f10x_it.o(i.MemManage_Handler)
    NMI_Handler                              0x08001a67   Thumb Code     2  stm32f10x_it.o(i.NMI_Handler)
    NVIC_Configuration                       0x08001a69   Thumb Code   180  hw_config.o(i.NVIC_Configuration)
    NVIC_Init                                0x08001b1d   Thumb Code   100  misc.o(i.NVIC_Init)
    NVIC_PriorityGroupConfig                 0x08001b8d   Thumb Code    10  misc.o(i.NVIC_PriorityGroupConfig)
    PendSV_Handler                           0x08001ba1   Thumb Code     2  stm32f10x_it.o(i.PendSV_Handler)
    RCC_APB1PeriphClockCmd                   0x08001ba5   Thumb Code    26  stm32f10x_rcc.o(i.RCC_APB1PeriphClockCmd)
    RCC_APB2PeriphClockCmd                   0x08001bc5   Thumb Code    26  stm32f10x_rcc.o(i.RCC_APB2PeriphClockCmd)
    RCC_GetClocksFreq                        0x08001be5   Thumb Code   192  stm32f10x_rcc.o(i.RCC_GetClocksFreq)
    Read_Buzzer_Status                       0x08001cb9   Thumb Code     6  hw_config.o(i.Read_Buzzer_Status)
    Read_Current_FtID                        0x08001cc5   Thumb Code    32  wificomm.o(i.Read_Current_FtID)
    Read_Ft_Status                           0x08001ce5   Thumb Code    14  ftcomm.o(i.Read_Ft_Status)
    ReloadChecksum                           0x08001cf9   Thumb Code    30  ftcomm.o(i.ReloadChecksum)
    SDCount                                  0x08001d17   Thumb Code   242  wificomm.o(i.SDCount)
    SD_GetCIDRegister                        0x08001e09   Thumb Code   262  spi_sd.o(i.SD_GetCIDRegister)
    SD_GetCSDRegister                        0x08001f15   Thumb Code   518  spi_sd.o(i.SD_GetCSDRegister)
    SD_GetCardInfo                           0x08002121   Thumb Code    64  spi_sd.o(i.SD_GetCardInfo)
    SD_GetDataResponse                       0x08002161   Thumb Code    76  spi_sd.o(i.SD_GetDataResponse)
    SD_GetResponse                           0x080021ad   Thumb Code    36  spi_sd.o(i.SD_GetResponse)
    SD_GetSectorCount                        0x080021d1   Thumb Code    18  spi_sd.o(i.SD_GetSectorCount)
    SD_GoIdleState                           0x080021e5   Thumb Code   358  spi_sd.o(i.SD_GoIdleState)
    SD_Init                                  0x08002351   Thumb Code    40  spi_sd.o(i.SD_Init)
    SD_LowLevel_Init                         0x0800237d   Thumb Code    92  spi_sd.o(i.SD_LowLevel_Init)
    SD_ReadBlock                             0x080023e1   Thumb Code   104  spi_sd.o(i.SD_ReadBlock)
    SD_ReadByte                              0x0800244d   Thumb Code    10  spi_sd.o(i.SD_ReadByte)
    SD_ReadMultiBlocks                       0x08002459   Thumb Code   140  spi_sd.o(i.SD_ReadMultiBlocks)
    SD_SPI_SpeedHigh                         0x080024e9   Thumb Code    10  spi_sd.o(i.SD_SPI_SpeedHigh)
    SD_SPI_SpeedLow                          0x080024f3   Thumb Code    10  spi_sd.o(i.SD_SPI_SpeedLow)
    SD_SendCmd                               0x080024fd   Thumb Code    70  spi_sd.o(i.SD_SendCmd)
    SD_WaitReady                             0x08002543   Thumb Code    34  spi_sd.o(i.SD_WaitReady)
    SD_WriteBlock                            0x08002565   Thumb Code   116  spi_sd.o(i.SD_WriteBlock)
    SD_WriteByte                             0x080025dd   Thumb Code    12  spi_sd.o(i.SD_WriteByte)
    SD_WriteMultiBlocks                      0x080025e9   Thumb Code   152  spi_sd.o(i.SD_WriteMultiBlocks)
    SPI2_SetSpeed                            0x08002685   Thumb Code    86  spi_sd.o(i.SPI2_SetSpeed)
    SPI_Cmd                                  0x080026e1   Thumb Code    24  stm32f10x_spi.o(i.SPI_Cmd)
    SPI_FLASH_SendByte                       0x080026f9   Thumb Code    50  spi_sd.o(i.SPI_FLASH_SendByte)
    SPI_I2S_GetFlagStatus                    0x08002731   Thumb Code    18  stm32f10x_spi.o(i.SPI_I2S_GetFlagStatus)
    SPI_I2S_ReceiveData                      0x08002743   Thumb Code     6  stm32f10x_spi.o(i.SPI_I2S_ReceiveData)
    SPI_I2S_SendData                         0x08002749   Thumb Code     4  stm32f10x_spi.o(i.SPI_I2S_SendData)
    SPI_Init                                 0x0800274d   Thumb Code    60  stm32f10x_spi.o(i.SPI_Init)
    SPI_ROM_SendByte                         0x08002789   Thumb Code    82  lcd.o(i.SPI_ROM_SendByte)
    SVC_Handler                              0x080027e5   Thumb Code     2  stm32f10x_it.o(i.SVC_Handler)
    Set_Ft_Done                              0x080028d5   Thumb Code    22  ftcomm.o(i.Set_Ft_Done)
    Set_Ft_Status                            0x080028f1   Thumb Code    12  ftcomm.o(i.Set_Ft_Status)
    Set_System                               0x08002901   Thumb Code    70  hw_config.o(i.Set_System)
    SysTick_Handler                          0x08002947   Thumb Code     2  stm32f10x_it.o(i.SysTick_Handler)
    SystemInit                               0x08002949   Thumb Code    68  system_stm32f10x.o(i.SystemInit)
    TIM2_IRQHandler                          0x08002999   Thumb Code    40  stm32f10x_it.o(i.TIM2_IRQHandler)
    TIM3_IRQHandler                          0x080029c5   Thumb Code     2  stm32f10x_it.o(i.TIM3_IRQHandler)
    TIM_ClearITPendingBit                    0x080029c7   Thumb Code     6  stm32f10x_tim.o(i.TIM_ClearITPendingBit)
    TIM_Cmd                                  0x080029cd   Thumb Code    24  stm32f10x_tim.o(i.TIM_Cmd)
    TIM_GetITStatus                          0x080029e5   Thumb Code    34  stm32f10x_tim.o(i.TIM_GetITStatus)
    TIM_ITConfig                             0x08002a07   Thumb Code    18  stm32f10x_tim.o(i.TIM_ITConfig)
    TIM_TimeBaseInit                         0x08002a19   Thumb Code    50  stm32f10x_tim.o(i.TIM_TimeBaseInit)
    Test_UART3_AppUpdata                     0x08002a55   Thumb Code    88  ftcomm.o(i.Test_UART3_AppUpdata)
    Timer2_Configuration                     0x08002ad1   Thumb Code    74  hw_config.o(i.Timer2_Configuration)
    UART1_Configuration                      0x08002b1d   Thumb Code   142  hw_config.o(i.UART1_Configuration)
    UART2_Configuration                      0x08002bb5   Thumb Code   130  hw_config.o(i.UART2_Configuration)
    UART3_Configuration                      0x08002c41   Thumb Code   134  hw_config.o(i.UART3_Configuration)
    UART4_ClearFlag                          0x08002cd1   Thumb Code    12  hw_config.o(i.UART4_ClearFlag)
    UART4_Configuration                      0x08002ce1   Thumb Code   134  hw_config.o(i.UART4_Configuration)
    UART4_IRQHandler                         0x08002d71   Thumb Code   100  stm32f10x_it.o(i.UART4_IRQHandler)
    UART4_SendData                           0x08002de1   Thumb Code    44  hw_config.o(i.UART4_SendData)
    UART5_ClearFlag                          0x08002e11   Thumb Code    12  hw_config.o(i.UART5_ClearFlag)
    UART5_Configuration                      0x08002e21   Thumb Code   130  hw_config.o(i.UART5_Configuration)
    UART5_IRQHandler                         0x08002eb1   Thumb Code   102  stm32f10x_it.o(i.UART5_IRQHandler)
    UART5_SendData                           0x08002f25   Thumb Code    44  hw_config.o(i.UART5_SendData)
    UARTX_Configuration                      0x08002f55   Thumb Code    36  hw_config.o(i.UARTX_Configuration)
    UART_MemDealBack                         0x08002f79   Thumb Code    18  ftcomm.o(i.UART_MemDealBack)
    USART1_ClearFlag                         0x08002f8d   Thumb Code    12  hw_config.o(i.USART1_ClearFlag)
    USART1_IRQHandler                        0x08002f9d   Thumb Code    98  stm32f10x_it.o(i.USART1_IRQHandler)
    USART1_SendData                          0x0800300d   Thumb Code    44  hw_config.o(i.USART1_SendData)
    USART2_ClearFlag                         0x0800303d   Thumb Code    12  hw_config.o(i.USART2_ClearFlag)
    USART2_IRQHandler                        0x0800304d   Thumb Code   100  stm32f10x_it.o(i.USART2_IRQHandler)
    USART2_SendData                          0x080030bd   Thumb Code    44  hw_config.o(i.USART2_SendData)
    USART3_ClearFlag                         0x080030ed   Thumb Code    12  hw_config.o(i.USART3_ClearFlag)
    USART3_IRQHandler                        0x080030fd   Thumb Code   100  stm32f10x_it.o(i.USART3_IRQHandler)
    USART3_SendData                          0x0800316d   Thumb Code    44  hw_config.o(i.USART3_SendData)
    USARTX_ON                                0x0800319d   Thumb Code   196  hw_config.o(i.USARTX_ON)
    USARTX_SendByte                          0x08003275   Thumb Code    58  hw_config.o(i.USARTX_SendByte)
    USART_ClearFlag                          0x080032b9   Thumb Code     6  stm32f10x_usart.o(i.USART_ClearFlag)
    USART_ClearITPendingBit                  0x080032bf   Thumb Code    20  stm32f10x_usart.o(i.USART_ClearITPendingBit)
    USART_Cmd                                0x080032d3   Thumb Code    24  stm32f10x_usart.o(i.USART_Cmd)
    USART_GetFlagStatus                      0x080032eb   Thumb Code    18  stm32f10x_usart.o(i.USART_GetFlagStatus)
    USART_GetITStatus                        0x080032fd   Thumb Code    76  stm32f10x_usart.o(i.USART_GetITStatus)
    USART_ITConfig                           0x08003349   Thumb Code    64  stm32f10x_usart.o(i.USART_ITConfig)
    USART_Init                               0x08003389   Thumb Code   150  stm32f10x_usart.o(i.USART_Init)
    USART_ReceiveData                        0x08003425   Thumb Code    10  stm32f10x_usart.o(i.USART_ReceiveData)
    USART_SendData                           0x0800342f   Thumb Code     8  stm32f10x_usart.o(i.USART_SendData)
    USB_LP_CAN1_RX0_IRQHandler               0x08003437   Thumb Code     2  stm32f10x_it.o(i.USB_LP_CAN1_RX0_IRQHandler)
    UartX_Read_OutTime                       0x08003439   Thumb Code    14  ftcomm.o(i.UartX_Read_OutTime)
    UartX_Set_OutTime                        0x0800344d   Thumb Code    92  ftcomm.o(i.UartX_Set_OutTime)
    UsageFault_Handler                       0x080034ad   Thumb Code     4  stm32f10x_it.o(i.UsageFault_Handler)
    WifiParseCmd                             0x080034b1   Thumb Code    44  wificomm.o(i.WifiParseCmd)
    Work_Key_Scan                            0x080034e1   Thumb Code    50  key.o(i.Work_Key_Scan)
    Write_Read_16x16                         0x08003519   Thumb Code   140  lcd.o(i.Write_Read_16x16)
    Write_Read_5x8                           0x080035a9   Thumb Code   120  lcd.o(i.Write_Read_5x8)
    Write_Read_8x16                          0x08003625   Thumb Code   140  lcd.o(i.Write_Read_8x16)
    __scatterload_copy                       0x080036b5   Thumb Code    14  handlers.o(i.__scatterload_copy)
    __scatterload_null                       0x080036c3   Thumb Code     2  handlers.o(i.__scatterload_null)
    __scatterload_zeroinit                   0x080036c5   Thumb Code    14  handlers.o(i.__scatterload_zeroinit)
    disk_initialize                          0x08003ce9   Thumb Code    26  diskio.o(i.disk_initialize)
    disk_ioctl                               0x08003d03   Thumb Code    70  diskio.o(i.disk_ioctl)
    disk_read                                0x08003d49   Thumb Code    50  diskio.o(i.disk_read)
    disk_status                              0x08003d7b   Thumb Code     6  diskio.o(i.disk_status)
    disk_write                               0x08003d81   Thumb Code    50  diskio.o(i.disk_write)
    exfuns_init                              0x08003db5   Thumb Code    82  fft_test.o(i.exfuns_init)
    f_close                                  0x08003e19   Thumb Code    34  ff.o(i.f_close)
    f_lseek                                  0x08003e3b   Thumb Code   388  ff.o(i.f_lseek)
    f_mount                                  0x08003fc1   Thumb Code    80  ff.o(i.f_mount)
    f_open                                   0x08004015   Thumb Code   484  ff.o(i.f_open)
    f_read                                   0x080041f9   Thumb Code   412  ff.o(i.f_read)
    f_sync                                   0x08004395   Thumb Code   160  ff.o(i.f_sync)
    f_write                                  0x08004435   Thumb Code   478  ff.o(i.f_write)
    get_fattime                              0x08004a9f   Thumb Code     4  diskio.o(i.get_fattime)
    keyscan                                  0x08004af1   Thumb Code   196  key.o(i.keyscan)
    main                                     0x08004c0f   Thumb Code    16  main.o(i.main)
    mem_init                                 0x08004c5d   Thumb Code    38  malloc.o(i.mem_init)
    mem_malloc                               0x08004c89   Thumb Code   114  malloc.o(i.mem_malloc)
    mem_perused                              0x08004d01   Thumb Code    34  malloc.o(i.mem_perused)
    mf_close                                 0x08004d3d   Thumb Code    14  fft_test.o(i.mf_close)
    mf_ftfsInit                              0x08004d51   Thumb Code    26  fft_test.o(i.mf_ftfsInit)
    mf_lseek                                 0x08004d75   Thumb Code    16  fft_test.o(i.mf_lseek)
    mf_open                                  0x08004d89   Thumb Code    24  fft_test.o(i.mf_open)
    mf_read                                  0x08004da5   Thumb Code   184  fft_test.o(i.mf_read)
    mf_size                                  0x08004e6d   Thumb Code     8  fft_test.o(i.mf_size)
    mf_write                                 0x08004e79   Thumb Code    26  fft_test.o(i.mf_write)
    mymalloc                                 0x08004ed1   Thumb Code    28  malloc.o(i.mymalloc)
    mymemset                                 0x08004ef1   Thumb Code    20  malloc.o(i.mymemset)
    path                                     0x08005236   Data         960  fft_test.o(.constdata)
    filepath                                 0x080055f6   Data         100  fft_test.o(.constdata)
    UartTable_Send                           0x0800565c   Data          20  hw_config.o(.constdata)
    UartTable_Clr                            0x08005670   Data          20  hw_config.o(.constdata)
    UpdataPassInfo                           0x08005684   Data         102  ftcomm.o(.constdata)
    UpdataErrInfo                            0x080056ea   Data         102  ftcomm.o(.constdata)
    FtOrderTable                             0x08005750   Data          44  ftcomm.o(.constdata)
    AppOrder                                 0x0800577c   Data          44  ftcomm.o(.constdata)
    WifiOrderTable                           0x080057ac   Data          40  wificomm.o(.constdata)
    Region$$Table$$Base                      0x0800580c   Number         0  anon$$obj.o(Region$$Table)
    Region$$Table$$Limit                     0x0800582c   Number         0  anon$$obj.o(Region$$Table)
    fs                                       0x2000000c   Data           4  fft_test.o(.data)
    file                                     0x20000010   Data           4  fft_test.o(.data)
    ftemp                                    0x20000014   Data           4  fft_test.o(.data)
    br                                       0x20000018   Data           4  fft_test.o(.data)
    bw                                       0x2000001c   Data           4  fft_test.o(.data)
    fatbuf                                   0x20000020   Data           4  fft_test.o(.data)
    BuzzerSet                                0x20000024   Data           5  hw_config.o(.data)
    App_Comm_Status                          0x20000029   Data           1  ftcomm.o(.data)
    TIM2_num                                 0x20000038   Data           1  key.o(.data)
    mallco_dev                               0x20000054   Data          20  malloc.o(.data)
    TCP_STA                                  0x2000006e   Data           1  wifi.o(.data)
    fileinfo                                 0x20000070   Data          24  fft_test.o(.bss)
    dir                                      0x20000088   Data          44  fft_test.o(.bss)
    SectorBuffer                             0x200000b4   Data        4102  fft_test.o(.bss)
    USART_RX_Table                           0x200010ba   Data        8198  ftcomm.o(.bss)
    FtOutTimeFlag                            0x200030c0   Data          28  ftcomm.o(.bss)
    FtIdName                                 0x200030dc   Data          32  ftcomm.o(.bss)
    FtWorkFlag                               0x200030fc   Data          12  ftcomm.o(.bss)
    Sendbuff                                 0x20003108   Data        4096  wificomm.o(.bss)
    membase                                  0x20004108   Data        4096  malloc.o(.bss)
    memmapbase                               0x20005108   Data         256  malloc.o(.bss)
    IPString                                 0x20005208   Data          16  wifi.o(.bss)
    __initial_sp                             0x20005618   Data           0  startup_stm32f10x_hd.o(STACK)



==============================================================================

Memory Map of the image

  Image Entry point : 0x08000131

  Load Region LR_IROM1 (Base: 0x08000000, Size: 0x0000589c, Max: 0x00080000, ABSOLUTE)

    Execution Region ER_IROM1 (Exec base: 0x08000000, Load base: 0x08000000, Size: 0x0000582c, Max: 0x00080000, ABSOLUTE)

    Exec Addr    Load Addr    Size         Type   Attr      Idx    E Section Name        Object

    0x08000000   0x08000000   0x00000130   Data   RO            3    RESET               startup_stm32f10x_hd.o
    0x08000130   0x08000130   0x00000000   Code   RO         3664  * .ARM.Collect$$$$00000000  mc_w.l(entry.o)
    0x08000130   0x08000130   0x00000004   Code   RO         3669    .ARM.Collect$$$$00000001  mc_w.l(entry2.o)
    0x08000134   0x08000134   0x00000004   Code   RO         3672    .ARM.Collect$$$$00000004  mc_w.l(entry5.o)
    0x08000138   0x08000138   0x00000000   Code   RO         3674    .ARM.Collect$$$$00000008  mc_w.l(entry7b.o)
    0x08000138   0x08000138   0x00000000   Code   RO         3676    .ARM.Collect$$$$0000000A  mc_w.l(entry8b.o)
    0x08000138   0x08000138   0x00000008   Code   RO         3677    .ARM.Collect$$$$0000000B  mc_w.l(entry9a.o)
    0x08000140   0x08000140   0x00000000   Code   RO         3679    .ARM.Collect$$$$0000000D  mc_w.l(entry10a.o)
    0x08000140   0x08000140   0x00000000   Code   RO         3681    .ARM.Collect$$$$0000000F  mc_w.l(entry11a.o)
    0x08000140   0x08000140   0x00000004   Code   RO         3670    .ARM.Collect$$$$00002712  mc_w.l(entry2.o)
    0x08000144   0x08000144   0x00000030   Code   RO            4    .text               startup_stm32f10x_hd.o
    0x08000174   0x08000174   0x00000024   Code   RO         3683    .text               mc_w.l(init.o)
    0x08000198   0x08000198   0x00000030   Code   RO          750    i.APP_ReadOutCome   ftcomm.o
    0x080001c8   0x080001c8   0x00000032   Code   RO          751    i.APP_ReadStatus    ftcomm.o
    0x080001fa   0x080001fa   0x00000002   PAD
    0x080001fc   0x080001fc   0x00000078   Code   RO          752    i.APP_Readback_MulData  ftcomm.o
    0x08000274   0x08000274   0x0000007c   Code   RO          753    i.APP_Readback_MulStatus  ftcomm.o
    0x080002f0   0x080002f0   0x00000070   Code   RO          754    i.APP_Readback_Status  ftcomm.o
    0x08000360   0x08000360   0x00000030   Code   RO         1021    i.APP_RepReadID     wificomm.o
    0x08000390   0x08000390   0x00000030   Code   RO          755    i.APP_RepReadOutCome  ftcomm.o
    0x080003c0   0x080003c0   0x00000030   Code   RO          756    i.APP_RepReadStatus  ftcomm.o
    0x080003f0   0x080003f0   0x00000030   Code   RO          757    i.APP_RepResetAPP   ftcomm.o
    0x08000420   0x08000420   0x00000036   Code   RO          758    i.APP_RepResetIAP   ftcomm.o
    0x08000456   0x08000456   0x00000030   Code   RO          759    i.APP_RepSendCfg    ftcomm.o
    0x08000486   0x08000486   0x00000030   Code   RO          760    i.APP_ResetAPP      ftcomm.o
    0x080004b6   0x080004b6   0x00000030   Code   RO          761    i.APP_ResetIAP      ftcomm.o
    0x080004e6   0x080004e6   0x00000002   PAD
    0x080004e8   0x080004e8   0x00000048   Code   RO          762    i.APP_SendCfg       ftcomm.o
    0x08000530   0x08000530   0x00000032   Code   RO          763    i.APP_SendPackage   ftcomm.o
    0x08000562   0x08000562   0x00000002   PAD
    0x08000564   0x08000564   0x00000028   Code   RO          764    i.App_LoadCode      ftcomm.o
    0x0800058c   0x0800058c   0x00000108   Code   RO          765    i.App_SendCode      ftcomm.o
    0x08000694   0x08000694   0x00000018   Code   RO          288    i.BufferAdd         fft_test.o
    0x080006ac   0x080006ac   0x00000004   Code   RO          167    i.BusFault_Handler  stm32f10x_it.o
    0x080006b0   0x080006b0   0x0000003c   Code   RO          534    i.Buzzer_Delay_Set  hw_config.o
    0x080006ec   0x080006ec   0x00000040   Code   RO          535    i.Buzzer_Out        hw_config.o
    0x0800072c   0x0800072c   0x00000024   Code   RO         1022    i.CMD_ReadDataRight  wificomm.o
    0x08000750   0x08000750   0x0000000e   Code   RO         1023    i.CMD_ReadHandle    wificomm.o
    0x0800075e   0x0800075e   0x00000002   PAD
    0x08000760   0x08000760   0x0000004c   Code   RO         1024    i.CMD_WiFiHandle    wificomm.o
    0x080007ac   0x080007ac   0x0000001a   Code   RO          766    i.CalCheckSum       ftcomm.o
    0x080007c6   0x080007c6   0x0000003c   Code   RO          767    i.Check_Data        ftcomm.o
    0x08000802   0x08000802   0x0000001c   Code   RO          768    i.Checksum          ftcomm.o
    0x0800081e   0x0800081e   0x00000002   PAD
    0x08000820   0x08000820   0x00000014   Code   RO          769    i.Clear_Ft_Status   ftcomm.o
    0x08000834   0x08000834   0x00000054   Code   RO         2862    i.Clear_Screen      lcd.o
    0x08000888   0x08000888   0x00000002   Code   RO          168    i.DMA2_Channel4_5_IRQHandler  stm32f10x_it.o
    0x0800088a   0x0800088a   0x00000002   Code   RO          169    i.DebugMon_Handler  stm32f10x_it.o
    0x0800088c   0x0800088c   0x0000000a   Code   RO          536    i.Delay             hw_config.o
    0x08000896   0x08000896   0x0000001e   Code   RO          537    i.Delay_MS          hw_config.o
    0x080008b4   0x080008b4   0x00000024   Code   RO          770    i.Disable_Ft_OutTime  ftcomm.o
    0x080008d8   0x080008d8   0x0000003c   Code   RO         2863    i.Dispaly_5x8_char  lcd.o
    0x08000914   0x08000914   0x00000054   Code   RO         2864    i.Dispaly_5x8_string  lcd.o
    0x08000968   0x08000968   0x0000003c   Code   RO         2865    i.Dispaly_8x16_char  lcd.o
    0x080009a4   0x080009a4   0x00000054   Code   RO         2866    i.Dispaly_8x16_string  lcd.o
    0x080009f8   0x080009f8   0x000000d4   Code   RO         1025    i.Dispaly_Ft_ID     wificomm.o
    0x08000acc   0x08000acc   0x000000ba   Code   RO         2867    i.Display_5x8_Data  lcd.o
    0x08000b86   0x08000b86   0x000000be   Code   RO         2868    i.Display_8x16_Data  lcd.o
    0x08000c44   0x08000c44   0x00000048   Code   RO         2869    i.Display_Data_String_5x8  lcd.o
    0x08000c8c   0x08000c8c   0x00000050   Code   RO         2871    i.Display_Roll      lcd.o
    0x08000cdc   0x08000cdc   0x00000046   Code   RO         2873    i.Display_String_Data_8x16  lcd.o
    0x08000d22   0x08000d22   0x00000002   PAD
    0x08000d24   0x08000d24   0x000000e0   Code   RO         2874    i.Display_String_GB2312  lcd.o
    0x08000e04   0x08000e04   0x0000002c   Code   RO          772    i.Enable_Ft_OutTime  ftcomm.o
    0x08000e30   0x08000e30   0x00000010   Code   RO          773    i.Enable_Ft_Work    ftcomm.o
    0x08000e40   0x08000e40   0x00000040   Code   RO          538    i.ErrOut            hw_config.o
    0x08000e80   0x08000e80   0x00000094   Code   RO         1026    i.FT_Info_Dispaly   wificomm.o
    0x08000f14   0x08000f14   0x000000bc   Code   RO         1027    i.FT_Work_Dispaly   wificomm.o
    0x08000fd0   0x08000fd0   0x0000002e   Code   RO          294    i.Fm_Readfile       fft_test.o
    0x08000ffe   0x08000ffe   0x00000022   Code   RO          295    i.Fm_Readfilesize   fft_test.o
    0x08001020   0x08001020   0x00000034   Code   RO          296    i.Fm_Writefile      fft_test.o
    0x08001054   0x08001054   0x00000038   Code   RO         1028    i.Framing           wificomm.o
    0x0800108c   0x0800108c   0x00000060   Code   RO          774    i.FtParseCmd        ftcomm.o
    0x080010ec   0x080010ec   0x00000094   Code   RO          775    i.Fun_Cmd_AppUpdata  ftcomm.o
    0x08001180   0x08001180   0x0000006c   Code   RO          776    i.Fun_Cmd_FtParse   ftcomm.o
    0x080011ec   0x080011ec   0x0000001c   Code   RO         1029    i.Fun_Cmd_WifiParse  wificomm.o
    0x08001208   0x08001208   0x0000006c   Code   RO          778    i.Fun_ReadFt_OutCome  ftcomm.o
    0x08001274   0x08001274   0x00000088   Code   RO          779    i.Fun_ReadFt_Status  ftcomm.o
    0x080012fc   0x080012fc   0x00000068   Code   RO         1030    i.Fun_Read_ID       wificomm.o
    0x08001364   0x08001364   0x000000f8   Code   RO          539    i.GPIO_Configuration  hw_config.o
    0x0800145c   0x0800145c   0x00000116   Code   RO         1343    i.GPIO_Init         stm32f10x_gpio.o
    0x08001572   0x08001572   0x00000012   Code   RO         1347    i.GPIO_ReadInputDataBit  stm32f10x_gpio.o
    0x08001584   0x08001584   0x00000004   Code   RO         1350    i.GPIO_ResetBits    stm32f10x_gpio.o
    0x08001588   0x08001588   0x00000004   Code   RO         1351    i.GPIO_SetBits      stm32f10x_gpio.o
    0x0800158c   0x0800158c   0x0000000a   Code   RO         1354    i.GPIO_WriteBit     stm32f10x_gpio.o
    0x08001596   0x08001596   0x00000002   PAD
    0x08001598   0x08001598   0x0000002c   Code   RO         1111    i.Get_Key           key.o
    0x080015c4   0x080015c4   0x00000004   Code   RO          170    i.HardFault_Handler  stm32f10x_it.o
    0x080015c8   0x080015c8   0x00000050   Code   RO         1112    i.Key_Test          key.o
    0x08001618   0x08001618   0x00000060   Code   RO         2875    i.LCD_Address       lcd.o
    0x08001678   0x08001678   0x0000009c   Code   RO         2877    i.LCD_Display_Test  lcd.o
    0x08001714   0x08001714   0x0000004c   Code   RO         2878    i.LCD_Write_8Bit    lcd.o
    0x08001760   0x08001760   0x00000028   Code   RO         2879    i.LCD_Write_Byte    lcd.o
    0x08001788   0x08001788   0x000001c8   Code   RO         2880    i.LCD_init          lcd.o
    0x08001950   0x08001950   0x00000084   Code   RO          540    i.LED_OFF           hw_config.o
    0x080019d4   0x080019d4   0x00000078   Code   RO          541    i.LED_ON            hw_config.o
    0x08001a4c   0x08001a4c   0x00000016   Code   RO          781    i.MemCopy           ftcomm.o
    0x08001a62   0x08001a62   0x00000004   Code   RO          171    i.MemManage_Handler  stm32f10x_it.o
    0x08001a66   0x08001a66   0x00000002   Code   RO          172    i.NMI_Handler       stm32f10x_it.o
    0x08001a68   0x08001a68   0x000000b4   Code   RO          542    i.NVIC_Configuration  hw_config.o
    0x08001b1c   0x08001b1c   0x00000070   Code   RO         1153    i.NVIC_Init         misc.o
    0x08001b8c   0x08001b8c   0x00000014   Code   RO         1154    i.NVIC_PriorityGroupConfig  misc.o
    0x08001ba0   0x08001ba0   0x00000002   Code   RO          173    i.PendSV_Handler    stm32f10x_it.o
    0x08001ba2   0x08001ba2   0x00000002   PAD
    0x08001ba4   0x08001ba4   0x00000020   Code   RO         1448    i.RCC_APB1PeriphClockCmd  stm32f10x_rcc.o
    0x08001bc4   0x08001bc4   0x00000020   Code   RO         1450    i.RCC_APB2PeriphClockCmd  stm32f10x_rcc.o
    0x08001be4   0x08001be4   0x000000d4   Code   RO         1458    i.RCC_GetClocksFreq  stm32f10x_rcc.o
    0x08001cb8   0x08001cb8   0x0000000c   Code   RO          543    i.Read_Buzzer_Status  hw_config.o
    0x08001cc4   0x08001cc4   0x00000020   Code   RO         1031    i.Read_Current_FtID  wificomm.o
    0x08001ce4   0x08001ce4   0x00000014   Code   RO          782    i.Read_Ft_Status    ftcomm.o
    0x08001cf8   0x08001cf8   0x0000001e   Code   RO          783    i.ReloadChecksum    ftcomm.o
    0x08001d16   0x08001d16   0x000000f2   Code   RO         1032    i.SDCount           wificomm.o
    0x08001e08   0x08001e08   0x0000010c   Code   RO         3414    i.SD_GetCIDRegister  spi_sd.o
    0x08001f14   0x08001f14   0x0000020c   Code   RO         3416    i.SD_GetCSDRegister  spi_sd.o
    0x08002120   0x08002120   0x00000040   Code   RO         3417    i.SD_GetCardInfo    spi_sd.o
    0x08002160   0x08002160   0x0000004c   Code   RO         3418    i.SD_GetDataResponse  spi_sd.o
    0x080021ac   0x080021ac   0x00000024   Code   RO         3419    i.SD_GetResponse    spi_sd.o
    0x080021d0   0x080021d0   0x00000012   Code   RO         3420    i.SD_GetSectorCount  spi_sd.o
    0x080021e2   0x080021e2   0x00000002   PAD
    0x080021e4   0x080021e4   0x0000016c   Code   RO         3423    i.SD_GoIdleState    spi_sd.o
    0x08002350   0x08002350   0x0000002c   Code   RO         3424    i.SD_Init           spi_sd.o
    0x0800237c   0x0800237c   0x00000064   Code   RO         3425    i.SD_LowLevel_Init  spi_sd.o
    0x080023e0   0x080023e0   0x0000006c   Code   RO         3426    i.SD_ReadBlock      spi_sd.o
    0x0800244c   0x0800244c   0x0000000a   Code   RO         3427    i.SD_ReadByte       spi_sd.o
    0x08002456   0x08002456   0x00000002   PAD
    0x08002458   0x08002458   0x00000090   Code   RO         3428    i.SD_ReadMultiBlocks  spi_sd.o
    0x080024e8   0x080024e8   0x0000000a   Code   RO         3429    i.SD_SPI_SpeedHigh  spi_sd.o
    0x080024f2   0x080024f2   0x0000000a   Code   RO         3430    i.SD_SPI_SpeedLow   spi_sd.o
    0x080024fc   0x080024fc   0x00000046   Code   RO         3431    i.SD_SendCmd        spi_sd.o
    0x08002542   0x08002542   0x00000022   Code   RO         3432    i.SD_WaitReady      spi_sd.o
    0x08002564   0x08002564   0x00000078   Code   RO         3433    i.SD_WriteBlock     spi_sd.o
    0x080025dc   0x080025dc   0x0000000c   Code   RO         3434    i.SD_WriteByte      spi_sd.o
    0x080025e8   0x080025e8   0x0000009c   Code   RO         3435    i.SD_WriteMultiBlocks  spi_sd.o
    0x08002684   0x08002684   0x0000005c   Code   RO         3436    i.SPI2_SetSpeed     spi_sd.o
    0x080026e0   0x080026e0   0x00000018   Code   RO         2199    i.SPI_Cmd           stm32f10x_spi.o
    0x080026f8   0x080026f8   0x00000038   Code   RO         3437    i.SPI_FLASH_SendByte  spi_sd.o
    0x08002730   0x08002730   0x00000012   Code   RO         2207    i.SPI_I2S_GetFlagStatus  stm32f10x_spi.o
    0x08002742   0x08002742   0x00000006   Code   RO         2210    i.SPI_I2S_ReceiveData  stm32f10x_spi.o
    0x08002748   0x08002748   0x00000004   Code   RO         2211    i.SPI_I2S_SendData  stm32f10x_spi.o
    0x0800274c   0x0800274c   0x0000003c   Code   RO         2212    i.SPI_Init          stm32f10x_spi.o
    0x08002788   0x08002788   0x0000005c   Code   RO         2881    i.SPI_ROM_SendByte  lcd.o
    0x080027e4   0x080027e4   0x00000002   Code   RO          174    i.SVC_Handler       stm32f10x_it.o
    0x080027e6   0x080027e6   0x00000008   Code   RO           24    i.SetSysClock       system_stm32f10x.o
    0x080027ee   0x080027ee   0x00000002   PAD
    0x080027f0   0x080027f0   0x000000e4   Code   RO           25    i.SetSysClockTo72   system_stm32f10x.o
    0x080028d4   0x080028d4   0x0000001c   Code   RO          784    i.Set_Ft_Done       ftcomm.o
    0x080028f0   0x080028f0   0x00000010   Code   RO          785    i.Set_Ft_Status     ftcomm.o
    0x08002900   0x08002900   0x00000046   Code   RO          544    i.Set_System        hw_config.o
    0x08002946   0x08002946   0x00000002   Code   RO          175    i.SysTick_Handler   stm32f10x_it.o
    0x08002948   0x08002948   0x00000050   Code   RO           26    i.SystemInit        system_stm32f10x.o
    0x08002998   0x08002998   0x0000002c   Code   RO          176    i.TIM2_IRQHandler   stm32f10x_it.o
    0x080029c4   0x080029c4   0x00000002   Code   RO          177    i.TIM3_IRQHandler   stm32f10x_it.o
    0x080029c6   0x080029c6   0x00000006   Code   RO         1657    i.TIM_ClearITPendingBit  stm32f10x_tim.o
    0x080029cc   0x080029cc   0x00000018   Code   RO         1662    i.TIM_Cmd           stm32f10x_tim.o
    0x080029e4   0x080029e4   0x00000022   Code   RO         1683    i.TIM_GetITStatus   stm32f10x_tim.o
    0x08002a06   0x08002a06   0x00000012   Code   RO         1687    i.TIM_ITConfig      stm32f10x_tim.o
    0x08002a18   0x08002a18   0x0000003c   Code   RO         1733    i.TIM_TimeBaseInit  stm32f10x_tim.o
    0x08002a54   0x08002a54   0x0000007c   Code   RO          787    i.Test_UART3_AppUpdata  ftcomm.o
    0x08002ad0   0x08002ad0   0x0000004a   Code   RO          546    i.Timer2_Configuration  hw_config.o
    0x08002b1a   0x08002b1a   0x00000002   PAD
    0x08002b1c   0x08002b1c   0x00000098   Code   RO          547    i.UART1_Configuration  hw_config.o
    0x08002bb4   0x08002bb4   0x0000008c   Code   RO          548    i.UART2_Configuration  hw_config.o
    0x08002c40   0x08002c40   0x00000090   Code   RO          549    i.UART3_Configuration  hw_config.o
    0x08002cd0   0x08002cd0   0x00000010   Code   RO          550    i.UART4_ClearFlag   hw_config.o
    0x08002ce0   0x08002ce0   0x00000090   Code   RO          551    i.UART4_Configuration  hw_config.o
    0x08002d70   0x08002d70   0x00000070   Code   RO          178    i.UART4_IRQHandler  stm32f10x_it.o
    0x08002de0   0x08002de0   0x00000030   Code   RO          552    i.UART4_SendData    hw_config.o
    0x08002e10   0x08002e10   0x00000010   Code   RO          553    i.UART5_ClearFlag   hw_config.o
    0x08002e20   0x08002e20   0x00000090   Code   RO          554    i.UART5_Configuration  hw_config.o
    0x08002eb0   0x08002eb0   0x00000074   Code   RO          179    i.UART5_IRQHandler  stm32f10x_it.o
    0x08002f24   0x08002f24   0x00000030   Code   RO          555    i.UART5_SendData    hw_config.o
    0x08002f54   0x08002f54   0x00000024   Code   RO          556    i.UARTX_Configuration  hw_config.o
    0x08002f78   0x08002f78   0x00000012   Code   RO          788    i.UART_MemDealBack  ftcomm.o
    0x08002f8a   0x08002f8a   0x00000002   PAD
    0x08002f8c   0x08002f8c   0x00000010   Code   RO          557    i.USART1_ClearFlag  hw_config.o
    0x08002f9c   0x08002f9c   0x00000070   Code   RO          180    i.USART1_IRQHandler  stm32f10x_it.o
    0x0800300c   0x0800300c   0x00000030   Code   RO          558    i.USART1_SendData   hw_config.o
    0x0800303c   0x0800303c   0x00000010   Code   RO          559    i.USART2_ClearFlag  hw_config.o
    0x0800304c   0x0800304c   0x00000070   Code   RO          181    i.USART2_IRQHandler  stm32f10x_it.o
    0x080030bc   0x080030bc   0x00000030   Code   RO          560    i.USART2_SendData   hw_config.o
    0x080030ec   0x080030ec   0x00000010   Code   RO          561    i.USART3_ClearFlag  hw_config.o
    0x080030fc   0x080030fc   0x00000070   Code   RO          182    i.USART3_IRQHandler  stm32f10x_it.o
    0x0800316c   0x0800316c   0x00000030   Code   RO          562    i.USART3_SendData   hw_config.o
    0x0800319c   0x0800319c   0x000000d8   Code   RO          564    i.USARTX_ON         hw_config.o
    0x08003274   0x08003274   0x00000044   Code   RO          565    i.USARTX_SendByte   hw_config.o
    0x080032b8   0x080032b8   0x00000006   Code   RO         2560    i.USART_ClearFlag   stm32f10x_usart.o
    0x080032be   0x080032be   0x00000014   Code   RO         2561    i.USART_ClearITPendingBit  stm32f10x_usart.o
    0x080032d2   0x080032d2   0x00000018   Code   RO         2564    i.USART_Cmd         stm32f10x_usart.o
    0x080032ea   0x080032ea   0x00000012   Code   RO         2567    i.USART_GetFlagStatus  stm32f10x_usart.o
    0x080032fc   0x080032fc   0x0000004c   Code   RO         2568    i.USART_GetITStatus  stm32f10x_usart.o
    0x08003348   0x08003348   0x00000040   Code   RO         2570    i.USART_ITConfig    stm32f10x_usart.o
    0x08003388   0x08003388   0x0000009c   Code   RO         2571    i.USART_Init        stm32f10x_usart.o
    0x08003424   0x08003424   0x0000000a   Code   RO         2576    i.USART_ReceiveData  stm32f10x_usart.o
    0x0800342e   0x0800342e   0x00000008   Code   RO         2579    i.USART_SendData    stm32f10x_usart.o
    0x08003436   0x08003436   0x00000002   Code   RO          183    i.USB_LP_CAN1_RX0_IRQHandler  stm32f10x_it.o
    0x08003438   0x08003438   0x00000014   Code   RO          790    i.UartX_Read_OutTime  ftcomm.o
    0x0800344c   0x0800344c   0x00000060   Code   RO          791    i.UartX_Set_OutTime  ftcomm.o
    0x080034ac   0x080034ac   0x00000004   Code   RO          184    i.UsageFault_Handler  stm32f10x_it.o
    0x080034b0   0x080034b0   0x00000030   Code   RO         1033    i.WifiParseCmd      wificomm.o
    0x080034e0   0x080034e0   0x00000038   Code   RO         1114    i.Work_Key_Scan     key.o
    0x08003518   0x08003518   0x00000090   Code   RO         2882    i.Write_Read_16x16  lcd.o
    0x080035a8   0x080035a8   0x0000007c   Code   RO         2883    i.Write_Read_5x8    lcd.o
    0x08003624   0x08003624   0x00000090   Code   RO         2884    i.Write_Read_8x16   lcd.o
    0x080036b4   0x080036b4   0x0000000e   Code   RO         3687    i.__scatterload_copy  mc_w.l(handlers.o)
    0x080036c2   0x080036c2   0x00000002   Code   RO         3688    i.__scatterload_null  mc_w.l(handlers.o)
    0x080036c4   0x080036c4   0x0000000e   Code   RO         3689    i.__scatterload_zeroinit  mc_w.l(handlers.o)
    0x080036d2   0x080036d2   0x00000002   PAD
    0x080036d4   0x080036d4   0x0000007c   Code   RO         3060    i.check_fs          ff.o
    0x08003750   0x08003750   0x00000014   Code   RO         3061    i.chk_chr           ff.o
    0x08003764   0x08003764   0x0000001a   Code   RO         3062    i.clst2sect         ff.o
    0x0800377e   0x0800377e   0x00000120   Code   RO         3063    i.create_chain      ff.o
    0x0800389e   0x0800389e   0x00000002   PAD
    0x080038a0   0x080038a0   0x00000104   Code   RO         3064    i.create_name       ff.o
    0x080039a4   0x080039a4   0x00000034   Code   RO         3065    i.dbc_1st           ff.o
    0x080039d8   0x080039d8   0x00000048   Code   RO         3066    i.dbc_2nd           ff.o
    0x08003a20   0x08003a20   0x00000060   Code   RO         3067    i.dir_alloc         ff.o
    0x08003a80   0x08003a80   0x00000060   Code   RO         3068    i.dir_clear         ff.o
    0x08003ae0   0x08003ae0   0x0000006c   Code   RO         3069    i.dir_find          ff.o
    0x08003b4c   0x08003b4c   0x000000c6   Code   RO         3070    i.dir_next          ff.o
    0x08003c12   0x08003c12   0x0000003c   Code   RO         3072    i.dir_register      ff.o
    0x08003c4e   0x08003c4e   0x0000009a   Code   RO         3074    i.dir_sdi           ff.o
    0x08003ce8   0x08003ce8   0x0000001a   Code   RO         3009    i.disk_initialize   diskio.o
    0x08003d02   0x08003d02   0x00000046   Code   RO         3010    i.disk_ioctl        diskio.o
    0x08003d48   0x08003d48   0x00000032   Code   RO         3011    i.disk_read         diskio.o
    0x08003d7a   0x08003d7a   0x00000006   Code   RO         3012    i.disk_status       diskio.o
    0x08003d80   0x08003d80   0x00000032   Code   RO         3013    i.disk_write        diskio.o
    0x08003db2   0x08003db2   0x00000002   PAD
    0x08003db4   0x08003db4   0x00000064   Code   RO          301    i.exfuns_init       fft_test.o
    0x08003e18   0x08003e18   0x00000022   Code   RO         3075    i.f_close           ff.o
    0x08003e3a   0x08003e3a   0x00000184   Code   RO         3080    i.f_lseek           ff.o
    0x08003fbe   0x08003fbe   0x00000002   PAD
    0x08003fc0   0x08003fc0   0x00000054   Code   RO         3083    i.f_mount           ff.o
    0x08004014   0x08004014   0x000001e4   Code   RO         3084    i.f_open            ff.o
    0x080041f8   0x080041f8   0x0000019c   Code   RO         3089    i.f_read            ff.o
    0x08004394   0x08004394   0x000000a0   Code   RO         3094    i.f_sync            ff.o
    0x08004434   0x08004434   0x000001de   Code   RO         3097    i.f_write           ff.o
    0x08004612   0x08004612   0x00000002   PAD
    0x08004614   0x08004614   0x0000030c   Code   RO         3098    i.find_volume       ff.o
    0x08004920   0x08004920   0x0000009e   Code   RO         3099    i.follow_path       ff.o
    0x080049be   0x080049be   0x000000e0   Code   RO         3100    i.get_fat           ff.o
    0x08004a9e   0x08004a9e   0x00000004   Code   RO         3014    i.get_fattime       diskio.o
    0x08004aa2   0x08004aa2   0x0000004e   Code   RO         3102    i.get_ldnumber      ff.o
    0x08004af0   0x08004af0   0x000000d4   Code   RO         1115    i.keyscan           key.o
    0x08004bc4   0x08004bc4   0x00000026   Code   RO         3103    i.ld_clust          ff.o
    0x08004bea   0x08004bea   0x00000018   Code   RO         3104    i.ld_dword          ff.o
    0x08004c02   0x08004c02   0x0000000c   Code   RO         3105    i.ld_word           ff.o
    0x08004c0e   0x08004c0e   0x00000010   Code   RO           89    i.main              main.o
    0x08004c1e   0x08004c1e   0x00000024   Code   RO         3106    i.mem_cmp           ff.o
    0x08004c42   0x08004c42   0x0000001a   Code   RO         3107    i.mem_cpy           ff.o
    0x08004c5c   0x08004c5c   0x0000002c   Code   RO         2795    i.mem_init          malloc.o
    0x08004c88   0x08004c88   0x00000078   Code   RO         2796    i.mem_malloc        malloc.o
    0x08004d00   0x08004d00   0x00000028   Code   RO         2797    i.mem_perused       malloc.o
    0x08004d28   0x08004d28   0x00000012   Code   RO         3108    i.mem_set           ff.o
    0x08004d3a   0x08004d3a   0x00000002   PAD
    0x08004d3c   0x08004d3c   0x00000014   Code   RO          302    i.mf_close          fft_test.o
    0x08004d50   0x08004d50   0x00000024   Code   RO          305    i.mf_ftfsInit       fft_test.o
    0x08004d74   0x08004d74   0x00000014   Code   RO          308    i.mf_lseek          fft_test.o
    0x08004d88   0x08004d88   0x0000001c   Code   RO          310    i.mf_open           fft_test.o
    0x08004da4   0x08004da4   0x000000c8   Code   RO          314    i.mf_read           fft_test.o
    0x08004e6c   0x08004e6c   0x0000000c   Code   RO          320    i.mf_size           fft_test.o
    0x08004e78   0x08004e78   0x00000024   Code   RO          324    i.mf_write          fft_test.o
    0x08004e9c   0x08004e9c   0x00000034   Code   RO         3109    i.move_window       ff.o
    0x08004ed0   0x08004ed0   0x00000020   Code   RO         2799    i.mymalloc          malloc.o
    0x08004ef0   0x08004ef0   0x00000014   Code   RO         2801    i.mymemset          malloc.o
    0x08004f04   0x08004f04   0x00000138   Code   RO         3110    i.put_fat           ff.o
    0x0800503c   0x0800503c   0x0000009a   Code   RO         3114    i.remove_chain      ff.o
    0x080050d6   0x080050d6   0x00000024   Code   RO         3115    i.st_clust          ff.o
    0x080050fa   0x080050fa   0x00000018   Code   RO         3116    i.st_dword          ff.o
    0x08005112   0x08005112   0x0000000c   Code   RO         3117    i.st_word           ff.o
    0x0800511e   0x0800511e   0x00000002   PAD
    0x08005120   0x08005120   0x00000090   Code   RO         3118    i.sync_fs           ff.o
    0x080051b0   0x080051b0   0x0000004a   Code   RO         3119    i.sync_window       ff.o
    0x080051fa   0x080051fa   0x0000003c   Code   RO         3120    i.validate          ff.o
    0x08005236   0x08005236   0x00000424   Data   RO          326    .constdata          fft_test.o
    0x0800565a   0x0800565a   0x00000002   PAD
    0x0800565c   0x0800565c   0x00000028   Data   RO          566    .constdata          hw_config.o
    0x08005684   0x08005684   0x00000127   Data   RO          793    .constdata          ftcomm.o
    0x080057ab   0x080057ab   0x00000001   PAD
    0x080057ac   0x080057ac   0x00000028   Data   RO         1035    .constdata          wificomm.o
    0x080057d4   0x080057d4   0x00000038   Data   RO         3121    .constdata          ff.o
    0x0800580c   0x0800580c   0x00000020   Data   RO         3685    Region$$Table       anon$$obj.o


    Execution Region RW_IRAM1 (Exec base: 0x20000000, Load base: 0x0800582c, Size: 0x00005618, Max: 0x00010000, ABSOLUTE)

    Exec Addr    Load Addr    Size         Type   Attr      Idx    E Section Name        Object

    0x20000000   0x0800582c   0x0000000a   Data   RW          185    .data               stm32f10x_it.o
    0x2000000a   0x08005836   0x00000002   PAD
    0x2000000c   0x08005838   0x00000018   Data   RW          327    .data               fft_test.o
    0x20000024   0x08005850   0x00000005   Data   RW          567    .data               hw_config.o
    0x20000029   0x08005855   0x00000009   Data   RW          794    .data               ftcomm.o
    0x20000032   0x0800585e   0x00000002   PAD
    0x20000034   0x08005860   0x00000004   Data   RW         1036    .data               wificomm.o
    0x20000038   0x08005864   0x00000007   Data   RW         1116    .data               key.o
    0x2000003f   0x0800586b   0x00000014   Data   RW         1478    .data               stm32f10x_rcc.o
    0x20000053   0x0800587f   0x00000001   PAD
    0x20000054   0x08005880   0x00000014   Data   RW         2805    .data               malloc.o
    0x20000068   0x08005894   0x00000006   Data   RW         3122    .data               ff.o
    0x2000006e   0x0800589a   0x00000001   Data   RW         3613    .data               wifi.o
    0x2000006f   0x0800589b   0x00000001   PAD
    0x20000070        -       0x0000104a   Zero   RW          325    .bss                fft_test.o
    0x200010ba        -       0x0000204e   Zero   RW          792    .bss                ftcomm.o
    0x20003108        -       0x00001000   Zero   RW         1034    .bss                wificomm.o
    0x20004108        -       0x00001100   Zero   RW         2803    .bss                malloc.o
    0x20005208        -       0x00000010   Zero   RW         3612    .bss                wifi.o
    0x20005218        -       0x00000400   Zero   RW            1    STACK               startup_stm32f10x_hd.o


==============================================================================

Image component sizes


      Code (inc. data)   RO Data    RW Data    ZI Data      Debug   Object Name

         0          0          0          0          0       4508   core_cm3.o
       206          0          0          0          0       8032   diskio.o
      5856         76         56          6          0      49197   ff.o
       608         72       1060         24       4170       9595   fft_test.o
      2422        190        295          9       8270      24252   ftcomm.o
      2428        200         40          5          0      17382   hw_config.o
       392         28          0          7          0       2370   key.o
      2522        116          0          0          0      15879   lcd.o
        16          0          0          0          0     206051   main.o
       256         22          0         20       4352       3986   malloc.o
       132         22          0          0          0       1583   misc.o
      2316         58          0          0          0      16006   spi_sd.o
        48         12        304          0       1024        892   startup_stm32f10x_hd.o
       314          0          0          0          0       4148   stm32f10x_gpio.o
       640         68          0         10          0       8470   stm32f10x_it.o
       276         32          0         20          0       4494   stm32f10x_rcc.o
       112          0          0          0          0       3750   stm32f10x_spi.o
       142         10          0          0          0       5978   stm32f10x_tim.o
       382          6          0          0          0       7333   stm32f10x_usart.o
       316         20          0          0          0      54225   system_stm32f10x.o
         0          0          0          1         16        511   wifi.o
      1232        190         40          4       4096       7880   wificomm.o

    ----------------------------------------------------------------------
     20654       1122       1830        112      21928     456522   Object Totals
         0          0         32          0          0          0   (incl. Generated)
        38          0          3          6          0          0   (incl. Padding)

    ----------------------------------------------------------------------

      Code (inc. data)   RO Data    RW Data    ZI Data      Debug   Library Member Name

         0          0          0          0          0          0   entry.o
         0          0          0          0          0          0   entry10a.o
         0          0          0          0          0          0   entry11a.o
         8          4          0          0          0          0   entry2.o
         4          0          0          0          0          0   entry5.o
         0          0          0          0          0          0   entry7b.o
         0          0          0          0          0          0   entry8b.o
         8          4          0          0          0          0   entry9a.o
        30          0          0          0          0          0   handlers.o
        36          8          0          0          0         68   init.o

    ----------------------------------------------------------------------
        88         16          0          0          0         68   Library Totals
         2          0          0          0          0          0   (incl. Padding)

    ----------------------------------------------------------------------

      Code (inc. data)   RO Data    RW Data    ZI Data      Debug   Library Name

        86         16          0          0          0         68   mc_w.l

    ----------------------------------------------------------------------
        88         16          0          0          0         68   Library Totals

    ----------------------------------------------------------------------

==============================================================================


      Code (inc. data)   RO Data    RW Data    ZI Data      Debug   

     20742       1138       1830        112      21928     444626   Grand Totals
     20742       1138       1830        112      21928     444626   ELF Image Totals
     20742       1138       1830        112          0          0   ROM Totals

==============================================================================

    Total RO  Size (Code + RO Data)                22572 (  22.04kB)
    Total RW  Size (RW Data + ZI Data)             22040 (  21.52kB)
    Total ROM Size (Code + RO Data + RW Data)      22684 (  22.15kB)

==============================================================================

